<?xml version="1.0"?>
<link_info>
   <banner>MSP430 Linker PC v16.9.0.LTS</banner>
   <copyright>Copyright (c) 2003-2015 Texas Instruments Incorporated</copyright>
   <link_time>0x597707df</link_time>
   <link_errors>0x0</link_errors>
   <output_file>GSMG.out</output_file>
   <entry_point>
      <name>_c_int00_noargs</name>
      <address>0xa748</address>
   </entry_point>
   <input_file_list>
      <input_file id="fl-2">
         <path>.\</path>
         <kind>object</kind>
         <file>Lifo.obj</file>
         <name>Lifo.obj</name>
      </input_file>
      <input_file id="fl-3">
         <path>.\</path>
         <kind>object</kind>
         <file>atcommands.obj</file>
         <name>atcommands.obj</name>
      </input_file>
      <input_file id="fl-4">
         <path>.\</path>
         <kind>object</kind>
         <file>buffer.obj</file>
         <name>buffer.obj</name>
      </input_file>
      <input_file id="fl-5">
         <path>.\</path>
         <kind>object</kind>
         <file>bufferspi.obj</file>
         <name>bufferspi.obj</name>
      </input_file>
      <input_file id="fl-6">
         <path>.\</path>
         <kind>object</kind>
         <file>cc430x613x_dma_05.obj</file>
         <name>cc430x613x_dma_05.obj</name>
      </input_file>
      <input_file id="fl-7">
         <path>.\</path>
         <kind>object</kind>
         <file>hal_SPI.obj</file>
         <name>hal_SPI.obj</name>
      </input_file>
      <input_file id="fl-8">
         <path>.\</path>
         <kind>object</kind>
         <file>main.obj</file>
         <name>main.obj</name>
      </input_file>
      <input_file id="fl-9">
         <path>.\</path>
         <kind>object</kind>
         <file>mmc.obj</file>
         <name>mmc.obj</name>
      </input_file>
      <input_file id="fl-a">
         <path>.\</path>
         <kind>object</kind>
         <file>rtc.obj</file>
         <name>rtc.obj</name>
      </input_file>
      <input_file id="fl-b">
         <path>.\</path>
         <kind>object</kind>
         <file>sdcard.obj</file>
         <name>sdcard.obj</name>
      </input_file>
      <input_file id="fl-c">
         <path>.\</path>
         <kind>object</kind>
         <file>spi.obj</file>
         <name>spi.obj</name>
      </input_file>
      <input_file id="fl-d">
         <path>.\</path>
         <kind>object</kind>
         <file>ustate.obj</file>
         <name>ustate.obj</name>
      </input_file>
      <input_file id="fl-2e">
         <path>C:\ti\ccs700\ccsv7\tools\compiler\ti-cgt-msp430_16.9.0.LTS\lib\</path>
         <kind>archive</kind>
         <file>rts430x_lc_sd_eabi.lib</file>
         <name>boot.obj</name>
      </input_file>
      <input_file id="fl-2f">
         <path>C:\ti\ccs700\ccsv7\tools\compiler\ti-cgt-msp430_16.9.0.LTS\lib\</path>
         <kind>archive</kind>
         <file>rts430x_lc_sd_eabi.lib</file>
         <name>boot_special.obj</name>
      </input_file>
      <input_file id="fl-30">
         <path>C:\ti\ccs700\ccsv7\tools\compiler\ti-cgt-msp430_16.9.0.LTS\lib\</path>
         <kind>archive</kind>
         <file>rts430x_lc_sd_eabi.lib</file>
         <name>copy_decompress_lzss.obj</name>
      </input_file>
      <input_file id="fl-31">
         <path>C:\ti\ccs700\ccsv7\tools\compiler\ti-cgt-msp430_16.9.0.LTS\lib\</path>
         <kind>archive</kind>
         <file>rts430x_lc_sd_eabi.lib</file>
         <name>copy_decompress_none.obj</name>
      </input_file>
      <input_file id="fl-32">
         <path>C:\ti\ccs700\ccsv7\tools\compiler\ti-cgt-msp430_16.9.0.LTS\lib\</path>
         <kind>archive</kind>
         <file>rts430x_lc_sd_eabi.lib</file>
         <name>copy_zero_init.obj</name>
      </input_file>
      <input_file id="fl-33">
         <path>C:\ti\ccs700\ccsv7\tools\compiler\ti-cgt-msp430_16.9.0.LTS\lib\</path>
         <kind>archive</kind>
         <file>rts430x_lc_sd_eabi.lib</file>
         <name>cpy_util.obj</name>
      </input_file>
      <input_file id="fl-34">
         <path>C:\ti\ccs700\ccsv7\tools\compiler\ti-cgt-msp430_16.9.0.LTS\lib\</path>
         <kind>archive</kind>
         <file>rts430x_lc_sd_eabi.lib</file>
         <name>div32u.obj</name>
      </input_file>
      <input_file id="fl-35">
         <path>C:\ti\ccs700\ccsv7\tools\compiler\ti-cgt-msp430_16.9.0.LTS\lib\</path>
         <kind>archive</kind>
         <file>rts430x_lc_sd_eabi.lib</file>
         <name>exit.obj</name>
      </input_file>
      <input_file id="fl-36">
         <path>C:\ti\ccs700\ccsv7\tools\compiler\ti-cgt-msp430_16.9.0.LTS\lib\</path>
         <kind>archive</kind>
         <file>rts430x_lc_sd_eabi.lib</file>
         <name>exit_gvars.obj</name>
      </input_file>
      <input_file id="fl-37">
         <path>C:\ti\ccs700\ccsv7\tools\compiler\ti-cgt-msp430_16.9.0.LTS\lib\</path>
         <kind>archive</kind>
         <file>rts430x_lc_sd_eabi.lib</file>
         <name>int45.obj</name>
      </input_file>
      <input_file id="fl-38">
         <path>C:\ti\ccs700\ccsv7\tools\compiler\ti-cgt-msp430_16.9.0.LTS\lib\</path>
         <kind>archive</kind>
         <file>rts430x_lc_sd_eabi.lib</file>
         <name>int46.obj</name>
      </input_file>
      <input_file id="fl-39">
         <path>C:\ti\ccs700\ccsv7\tools\compiler\ti-cgt-msp430_16.9.0.LTS\lib\</path>
         <kind>archive</kind>
         <file>rts430x_lc_sd_eabi.lib</file>
         <name>int47.obj</name>
      </input_file>
      <input_file id="fl-3a">
         <path>C:\ti\ccs700\ccsv7\tools\compiler\ti-cgt-msp430_16.9.0.LTS\lib\</path>
         <kind>archive</kind>
         <file>rts430x_lc_sd_eabi.lib</file>
         <name>int48.obj</name>
      </input_file>
      <input_file id="fl-3b">
         <path>C:\ti\ccs700\ccsv7\tools\compiler\ti-cgt-msp430_16.9.0.LTS\lib\</path>
         <kind>archive</kind>
         <file>rts430x_lc_sd_eabi.lib</file>
         <name>int49.obj</name>
      </input_file>
      <input_file id="fl-3c">
         <path>C:\ti\ccs700\ccsv7\tools\compiler\ti-cgt-msp430_16.9.0.LTS\lib\</path>
         <kind>archive</kind>
         <file>rts430x_lc_sd_eabi.lib</file>
         <name>int50.obj</name>
      </input_file>
      <input_file id="fl-3d">
         <path>C:\ti\ccs700\ccsv7\tools\compiler\ti-cgt-msp430_16.9.0.LTS\lib\</path>
         <kind>archive</kind>
         <file>rts430x_lc_sd_eabi.lib</file>
         <name>int53.obj</name>
      </input_file>
      <input_file id="fl-3e">
         <path>C:\ti\ccs700\ccsv7\tools\compiler\ti-cgt-msp430_16.9.0.LTS\lib\</path>
         <kind>archive</kind>
         <file>rts430x_lc_sd_eabi.lib</file>
         <name>int54.obj</name>
      </input_file>
      <input_file id="fl-3f">
         <path>C:\ti\ccs700\ccsv7\tools\compiler\ti-cgt-msp430_16.9.0.LTS\lib\</path>
         <kind>archive</kind>
         <file>rts430x_lc_sd_eabi.lib</file>
         <name>int55.obj</name>
      </input_file>
      <input_file id="fl-40">
         <path>C:\ti\ccs700\ccsv7\tools\compiler\ti-cgt-msp430_16.9.0.LTS\lib\</path>
         <kind>archive</kind>
         <file>rts430x_lc_sd_eabi.lib</file>
         <name>int56.obj</name>
      </input_file>
      <input_file id="fl-41">
         <path>C:\ti\ccs700\ccsv7\tools\compiler\ti-cgt-msp430_16.9.0.LTS\lib\</path>
         <kind>archive</kind>
         <file>rts430x_lc_sd_eabi.lib</file>
         <name>int57.obj</name>
      </input_file>
      <input_file id="fl-42">
         <path>C:\ti\ccs700\ccsv7\tools\compiler\ti-cgt-msp430_16.9.0.LTS\lib\</path>
         <kind>archive</kind>
         <file>rts430x_lc_sd_eabi.lib</file>
         <name>int58.obj</name>
      </input_file>
      <input_file id="fl-43">
         <path>C:\ti\ccs700\ccsv7\tools\compiler\ti-cgt-msp430_16.9.0.LTS\lib\</path>
         <kind>archive</kind>
         <file>rts430x_lc_sd_eabi.lib</file>
         <name>int59.obj</name>
      </input_file>
      <input_file id="fl-44">
         <path>C:\ti\ccs700\ccsv7\tools\compiler\ti-cgt-msp430_16.9.0.LTS\lib\</path>
         <kind>archive</kind>
         <file>rts430x_lc_sd_eabi.lib</file>
         <name>int60.obj</name>
      </input_file>
      <input_file id="fl-45">
         <path>C:\ti\ccs700\ccsv7\tools\compiler\ti-cgt-msp430_16.9.0.LTS\lib\</path>
         <kind>archive</kind>
         <file>rts430x_lc_sd_eabi.lib</file>
         <name>int61.obj</name>
      </input_file>
      <input_file id="fl-46">
         <path>C:\ti\ccs700\ccsv7\tools\compiler\ti-cgt-msp430_16.9.0.LTS\lib\</path>
         <kind>archive</kind>
         <file>rts430x_lc_sd_eabi.lib</file>
         <name>int62.obj</name>
      </input_file>
      <input_file id="fl-47">
         <path>C:\ti\ccs700\ccsv7\tools\compiler\ti-cgt-msp430_16.9.0.LTS\lib\</path>
         <kind>archive</kind>
         <file>rts430x_lc_sd_eabi.lib</file>
         <name>isr_trap.obj</name>
      </input_file>
      <input_file id="fl-48">
         <path>C:\ti\ccs700\ccsv7\tools\compiler\ti-cgt-msp430_16.9.0.LTS\lib\</path>
         <kind>archive</kind>
         <file>rts430x_lc_sd_eabi.lib</file>
         <name>lsl32.obj</name>
      </input_file>
      <input_file id="fl-49">
         <path>C:\ti\ccs700\ccsv7\tools\compiler\ti-cgt-msp430_16.9.0.LTS\lib\</path>
         <kind>archive</kind>
         <file>rts430x_lc_sd_eabi.lib</file>
         <name>lsr32.obj</name>
      </input_file>
      <input_file id="fl-4a">
         <path>C:\ti\ccs700\ccsv7\tools\compiler\ti-cgt-msp430_16.9.0.LTS\lib\</path>
         <kind>archive</kind>
         <file>rts430x_lc_sd_eabi.lib</file>
         <name>lsr64.obj</name>
      </input_file>
      <input_file id="fl-4b">
         <path>C:\ti\ccs700\ccsv7\tools\compiler\ti-cgt-msp430_16.9.0.LTS\lib\</path>
         <kind>archive</kind>
         <file>rts430x_lc_sd_eabi.lib</file>
         <name>memcpy.obj</name>
      </input_file>
      <input_file id="fl-4c">
         <path>C:\ti\ccs700\ccsv7\tools\compiler\ti-cgt-msp430_16.9.0.LTS\lib\</path>
         <kind>archive</kind>
         <file>rts430x_lc_sd_eabi.lib</file>
         <name>memset.obj</name>
      </input_file>
      <input_file id="fl-4d">
         <path>C:\ti\ccs700\ccsv7\tools\compiler\ti-cgt-msp430_16.9.0.LTS\lib\</path>
         <kind>archive</kind>
         <file>rts430x_lc_sd_eabi.lib</file>
         <name>mpu_init.obj</name>
      </input_file>
      <input_file id="fl-4e">
         <path>C:\ti\ccs700\ccsv7\tools\compiler\ti-cgt-msp430_16.9.0.LTS\lib\</path>
         <kind>archive</kind>
         <file>rts430x_lc_sd_eabi.lib</file>
         <name>mult16.obj</name>
      </input_file>
      <input_file id="fl-4f">
         <path>C:\ti\ccs700\ccsv7\tools\compiler\ti-cgt-msp430_16.9.0.LTS\lib\</path>
         <kind>archive</kind>
         <file>rts430x_lc_sd_eabi.lib</file>
         <name>mult1632_f5hw.obj</name>
      </input_file>
      <input_file id="fl-50">
         <path>C:\ti\ccs700\ccsv7\tools\compiler\ti-cgt-msp430_16.9.0.LTS\lib\</path>
         <kind>archive</kind>
         <file>rts430x_lc_sd_eabi.lib</file>
         <name>mult16_f5hw.obj</name>
      </input_file>
      <input_file id="fl-51">
         <path>C:\ti\ccs700\ccsv7\tools\compiler\ti-cgt-msp430_16.9.0.LTS\lib\</path>
         <kind>archive</kind>
         <file>rts430x_lc_sd_eabi.lib</file>
         <name>mult32.obj</name>
      </input_file>
      <input_file id="fl-52">
         <path>C:\ti\ccs700\ccsv7\tools\compiler\ti-cgt-msp430_16.9.0.LTS\lib\</path>
         <kind>archive</kind>
         <file>rts430x_lc_sd_eabi.lib</file>
         <name>mult3264_f5hw.obj</name>
      </input_file>
      <input_file id="fl-53">
         <path>C:\ti\ccs700\ccsv7\tools\compiler\ti-cgt-msp430_16.9.0.LTS\lib\</path>
         <kind>archive</kind>
         <file>rts430x_lc_sd_eabi.lib</file>
         <name>mult32_f5hw.obj</name>
      </input_file>
      <input_file id="fl-54">
         <path>C:\ti\ccs700\ccsv7\tools\compiler\ti-cgt-msp430_16.9.0.LTS\lib\</path>
         <kind>archive</kind>
         <file>rts430x_lc_sd_eabi.lib</file>
         <name>mult64_f5hw.obj</name>
      </input_file>
      <input_file id="fl-55">
         <path>C:\ti\ccs700\ccsv7\tools\compiler\ti-cgt-msp430_16.9.0.LTS\lib\</path>
         <kind>archive</kind>
         <file>rts430x_lc_sd_eabi.lib</file>
         <name>pre_init.obj</name>
      </input_file>
      <input_file id="fl-56">
         <path>C:\ti\ccs700\ccsv7\tools\compiler\ti-cgt-msp430_16.9.0.LTS\lib\</path>
         <kind>archive</kind>
         <file>rts430x_lc_sd_eabi.lib</file>
         <name>printf.obj</name>
      </input_file>
      <input_file id="fl-57">
         <path>C:\ti\ccs700\ccsv7\tools\compiler\ti-cgt-msp430_16.9.0.LTS\lib\</path>
         <kind>archive</kind>
         <file>rts430x_lc_sd_eabi.lib</file>
         <name>strchr.obj</name>
      </input_file>
      <input_file id="fl-58">
         <path>C:\ti\ccs700\ccsv7\tools\compiler\ti-cgt-msp430_16.9.0.LTS\lib\</path>
         <kind>archive</kind>
         <file>rts430x_lc_sd_eabi.lib</file>
         <name>strstr.obj</name>
      </input_file>
      <input_file id="fl-59">
         <path>C:\ti\ccs700\ccsv7\tools\compiler\ti-cgt-msp430_16.9.0.LTS\lib\</path>
         <kind>archive</kind>
         <file>rts430x_lc_sd_eabi.lib</file>
         <name>strtoul.obj</name>
      </input_file>
      <input_file id="fl-5a">
         <path>C:\ti\ccs700\ccsv7\tools\compiler\ti-cgt-msp430_16.9.0.LTS\lib\</path>
         <kind>archive</kind>
         <file>rts430x_lc_sd_eabi.lib</file>
         <name>_lock.obj</name>
      </input_file>
      <input_file id="fl-5b">
         <path>C:\ti\ccs700\ccsv7\tools\compiler\ti-cgt-msp430_16.9.0.LTS\lib\</path>
         <kind>archive</kind>
         <file>rts430x_lc_sd_eabi.lib</file>
         <name>_printfi_min.obj</name>
      </input_file>
      <input_file id="fl-5c">
         <path>C:\ti\ccs700\ccsv7\tools\compiler\ti-cgt-msp430_16.9.0.LTS\lib\</path>
         <kind>archive</kind>
         <file>rts430x_lc_sd_eabi.lib</file>
         <name>args_main.obj</name>
      </input_file>
      <input_file id="fl-5d">
         <path>C:\ti\ccs700\ccsv7\tools\compiler\ti-cgt-msp430_16.9.0.LTS\lib\</path>
         <kind>archive</kind>
         <file>rts430x_lc_sd_eabi.lib</file>
         <name>autoinit_wdt.obj</name>
      </input_file>
      <input_file id="fl-5e">
         <path>C:\ti\ccs700\ccsv7\tools\compiler\ti-cgt-msp430_16.9.0.LTS\lib\</path>
         <kind>archive</kind>
         <file>rts430x_lc_sd_eabi.lib</file>
         <name>cpy_tbl.obj</name>
      </input_file>
      <input_file id="fl-5f">
         <path>C:\ti\ccs700\ccsv7\tools\compiler\ti-cgt-msp430_16.9.0.LTS\lib\</path>
         <kind>archive</kind>
         <file>rts430x_lc_sd_eabi.lib</file>
         <name>ctype.obj</name>
      </input_file>
      <input_file id="fl-60">
         <path>C:\ti\ccs700\ccsv7\tools\compiler\ti-cgt-msp430_16.9.0.LTS\lib\</path>
         <kind>archive</kind>
         <file>rts430x_lc_sd_eabi.lib</file>
         <name>defs.obj</name>
      </input_file>
      <input_file id="fl-61">
         <path>C:\ti\ccs700\ccsv7\tools\compiler\ti-cgt-msp430_16.9.0.LTS\lib\</path>
         <kind>archive</kind>
         <file>rts430x_lc_sd_eabi.lib</file>
         <name>div16u.obj</name>
      </input_file>
      <input_file id="fl-62">
         <path>C:\ti\ccs700\ccsv7\tools\compiler\ti-cgt-msp430_16.9.0.LTS\lib\</path>
         <kind>archive</kind>
         <file>rts430x_lc_sd_eabi.lib</file>
         <name>errno.obj</name>
      </input_file>
      <input_file id="fl-63">
         <path>C:\ti\ccs700\ccsv7\tools\compiler\ti-cgt-msp430_16.9.0.LTS\lib\</path>
         <kind>archive</kind>
         <file>rts430x_lc_sd_eabi.lib</file>
         <name>fputc.obj</name>
      </input_file>
      <input_file id="fl-64">
         <path>C:\ti\ccs700\ccsv7\tools\compiler\ti-cgt-msp430_16.9.0.LTS\lib\</path>
         <kind>archive</kind>
         <file>rts430x_lc_sd_eabi.lib</file>
         <name>fputs.obj</name>
      </input_file>
      <input_file id="fl-65">
         <path>C:\ti\ccs700\ccsv7\tools\compiler\ti-cgt-msp430_16.9.0.LTS\lib\</path>
         <kind>archive</kind>
         <file>rts430x_lc_sd_eabi.lib</file>
         <name>lowlev.obj</name>
      </input_file>
      <input_file id="fl-66">
         <path>C:\ti\ccs700\ccsv7\tools\compiler\ti-cgt-msp430_16.9.0.LTS\lib\</path>
         <kind>archive</kind>
         <file>rts430x_lc_sd_eabi.lib</file>
         <name>memccpy.obj</name>
      </input_file>
      <input_file id="fl-67">
         <path>C:\ti\ccs700\ccsv7\tools\compiler\ti-cgt-msp430_16.9.0.LTS\lib\</path>
         <kind>archive</kind>
         <file>rts430x_lc_sd_eabi.lib</file>
         <name>memchr.obj</name>
      </input_file>
      <input_file id="fl-68">
         <path>C:\ti\ccs700\ccsv7\tools\compiler\ti-cgt-msp430_16.9.0.LTS\lib\</path>
         <kind>archive</kind>
         <file>rts430x_lc_sd_eabi.lib</file>
         <name>startup.obj</name>
      </input_file>
      <input_file id="fl-69">
         <path>C:\ti\ccs700\ccsv7\tools\compiler\ti-cgt-msp430_16.9.0.LTS\lib\</path>
         <kind>archive</kind>
         <file>rts430x_lc_sd_eabi.lib</file>
         <name>strcmp.obj</name>
      </input_file>
      <input_file id="fl-6a">
         <path>C:\ti\ccs700\ccsv7\tools\compiler\ti-cgt-msp430_16.9.0.LTS\lib\</path>
         <kind>archive</kind>
         <file>rts430x_lc_sd_eabi.lib</file>
         <name>strlen.obj</name>
      </input_file>
      <input_file id="fl-6b">
         <path>C:\ti\ccs700\ccsv7\tools\compiler\ti-cgt-msp430_16.9.0.LTS\lib\</path>
         <kind>archive</kind>
         <file>rts430x_lc_sd_eabi.lib</file>
         <name>strncpy.obj</name>
      </input_file>
      <input_file id="fl-6c">
         <path>C:\ti\ccs700\ccsv7\tools\compiler\ti-cgt-msp430_16.9.0.LTS\lib\</path>
         <kind>archive</kind>
         <file>rts430x_lc_sd_eabi.lib</file>
         <name>trgdrv.obj</name>
      </input_file>
      <input_file id="fl-6d">
         <path>C:\ti\ccs700\ccsv7\tools\compiler\ti-cgt-msp430_16.9.0.LTS\lib\</path>
         <kind>archive</kind>
         <file>rts430x_lc_sd_eabi.lib</file>
         <name>trgmsg.obj</name>
      </input_file>
      <input_file id="fl-6e">
         <path>C:\ti\ccs700\ccsv7\tools\compiler\ti-cgt-msp430_16.9.0.LTS\lib\</path>
         <kind>archive</kind>
         <file>rts430x_lc_sd_eabi.lib</file>
         <name>_io_perm.obj</name>
      </input_file>
      <input_file id="fl-6f">
         <path>C:\ti\ccs700\ccsv7\tools\compiler\ti-cgt-msp430_16.9.0.LTS\lib\</path>
         <kind>archive</kind>
         <file>rts430x_lc_sd_eabi.lib</file>
         <name>asr32.obj</name>
      </input_file>
      <input_file id="fl-70">
         <path>C:\ti\ccs700\ccsv7\tools\compiler\ti-cgt-msp430_16.9.0.LTS\lib\</path>
         <kind>archive</kind>
         <file>rts430x_lc_sd_eabi.lib</file>
         <name>fflush.obj</name>
      </input_file>
      <input_file id="fl-71">
         <path>C:\ti\ccs700\ccsv7\tools\compiler\ti-cgt-msp430_16.9.0.LTS\lib\</path>
         <kind>archive</kind>
         <file>rts430x_lc_sd_eabi.lib</file>
         <name>fseek.obj</name>
      </input_file>
      <input_file id="fl-72">
         <path>C:\ti\ccs700\ccsv7\tools\compiler\ti-cgt-msp430_16.9.0.LTS\lib\</path>
         <kind>archive</kind>
         <file>rts430x_lc_sd_eabi.lib</file>
         <name>setvbuf.obj</name>
      </input_file>
      <input_file id="fl-73">
         <path>C:\ti\ccs700\ccsv7\tools\compiler\ti-cgt-msp430_16.9.0.LTS\lib\</path>
         <kind>archive</kind>
         <file>rts430x_lc_sd_eabi.lib</file>
         <name>strcpy.obj</name>
      </input_file>
      <input_file id="fl-74">
         <path>C:\ti\ccs700\ccsv7\tools\compiler\ti-cgt-msp430_16.9.0.LTS\lib\</path>
         <kind>archive</kind>
         <file>rts430x_lc_sd_eabi.lib</file>
         <name>fopen.obj</name>
      </input_file>
      <input_file id="fl-75">
         <path>C:\ti\ccs700\ccsv7\tools\compiler\ti-cgt-msp430_16.9.0.LTS\lib\</path>
         <kind>archive</kind>
         <file>rts430x_lc_sd_eabi.lib</file>
         <name>memory.obj</name>
      </input_file>
      <input_file id="fl-76">
         <path>C:\ti\ccs700\ccsv7\tools\compiler\ti-cgt-msp430_16.9.0.LTS\lib\</path>
         <kind>archive</kind>
         <file>rts430x_lc_sd_eabi.lib</file>
         <name>fclose.obj</name>
      </input_file>
      <input_file id="fl-77">
         <path>C:\ti\ccs700\ccsv7\tools\compiler\ti-cgt-msp430_16.9.0.LTS\lib\</path>
         <kind>archive</kind>
         <file>rts430x_lc_sd_eabi.lib</file>
         <name>remove.obj</name>
      </input_file>
   </input_file_list>
   <object_component_list>
      <object_component id="oc-535">
         <name>.bss</name>
         <uninitialized>true</uninitialized>
         <run_address>0x259c</run_address>
         <size>0x4</size>
         <input_file_ref idref="fl-3"/>
      </object_component>
      <object_component id="oc-4f5">
         <name>.bss</name>
         <uninitialized>true</uninitialized>
         <run_address>0x25a0</run_address>
         <size>0x2</size>
         <input_file_ref idref="fl-5"/>
      </object_component>
      <object_component id="oc-4f9">
         <name>.bss:Ans$2</name>
         <uninitialized>true</uninitialized>
         <run_address>0x2564</run_address>
         <size>0x1e</size>
         <input_file_ref idref="fl-5"/>
      </object_component>
      <object_component id="oc-5ec">
         <name>.bss:TxBuff$1</name>
         <uninitialized>true</uninitialized>
         <run_address>0x1c00</run_address>
         <size>0x20e</size>
         <input_file_ref idref="fl-6"/>
      </object_component>
      <object_component id="oc-860">
         <name>.bss:parmbuf</name>
         <uninitialized>true</uninitialized>
         <run_address>0x258e</run_address>
         <size>0x8</size>
         <input_file_ref idref="fl-6c"/>
      </object_component>
      <object_component id="oc-802">
         <name>.bss</name>
         <uninitialized>true</uninitialized>
         <run_address>0x2596</run_address>
         <size>0x6</size>
         <input_file_ref idref="fl-75"/>
      </object_component>
      <object_component id="oc-5d2">
         <name>.common:ulifo</name>
         <uninitialized>true</uninitialized>
         <run_address>0x222a</run_address>
         <size>0x1c2</size>
      </object_component>
      <object_component id="oc-5cf">
         <name>.common:LHead</name>
         <uninitialized>true</uninitialized>
         <run_address>0x25a2</run_address>
         <size>0x2</size>
      </object_component>
      <object_component id="oc-5d9">
         <name>.common:LLastHead</name>
         <uninitialized>true</uninitialized>
         <run_address>0x25a4</run_address>
         <size>0x2</size>
      </object_component>
      <object_component id="oc-55e">
         <name>.common:RcvBuff</name>
         <uninitialized>true</uninitialized>
         <run_address>0x248c</run_address>
         <size>0x64</size>
      </object_component>
      <object_component id="oc-567">
         <name>.common:rlen</name>
         <uninitialized>true</uninitialized>
         <run_address>0x25b2</run_address>
         <size>0x2</size>
      </object_component>
      <object_component id="oc-56e">
         <name>.common:SRcvBuff</name>
         <uninitialized>true</uninitialized>
         <run_address>0x252a</run_address>
         <size>0x3a</size>
      </object_component>
      <object_component id="oc-56b">
         <name>.common:SBuffSize</name>
         <uninitialized>true</uninitialized>
         <run_address>0x25a8</run_address>
         <size>0x2</size>
      </object_component>
      <object_component id="oc-56c">
         <name>.common:SHead</name>
         <uninitialized>true</uninitialized>
         <run_address>0x25aa</run_address>
         <size>0x2</size>
      </object_component>
      <object_component id="oc-56d">
         <name>.common:STail</name>
         <uninitialized>true</uninitialized>
         <run_address>0x25ac</run_address>
         <size>0x2</size>
      </object_component>
      <object_component id="oc-56f">
         <name>.common:LastHead</name>
         <uninitialized>true</uninitialized>
         <run_address>0x25a6</run_address>
         <size>0x2</size>
      </object_component>
      <object_component id="oc-4f6">
         <name>.common:fl_sl</name>
         <uninitialized>true</uninitialized>
         <run_address>0x25c7</run_address>
         <size>0x1</size>
      </object_component>
      <object_component id="oc-6ef">
         <name>.common:spi_bitbang_in_data</name>
         <uninitialized>true</uninitialized>
         <run_address>0x25cb</run_address>
         <size>0x1</size>
      </object_component>
      <object_component id="oc-404">
         <name>.common:t1</name>
         <uninitialized>true</uninitialized>
         <run_address>0x25bc</run_address>
         <size>0x2</size>
      </object_component>
      <object_component id="oc-408">
         <name>.common:spitimer</name>
         <uninitialized>true</uninitialized>
         <run_address>0x25ba</run_address>
         <size>0x2</size>
      </object_component>
      <object_component id="oc-524">
         <name>.common:bcl</name>
         <uninitialized>true</uninitialized>
         <run_address>0x25c6</run_address>
         <size>0x1</size>
      </object_component>
      <object_component id="oc-472">
         <name>.common:restart</name>
         <uninitialized>true</uninitialized>
         <run_address>0x25c9</run_address>
         <size>0x1</size>
      </object_component>
      <object_component id="oc-506">
         <name>.common:serial</name>
         <uninitialized>true</uninitialized>
         <run_address>0x25b6</run_address>
         <size>0x2</size>
      </object_component>
      <object_component id="oc-52c">
         <name>.common:Fill_lifo_data</name>
         <uninitialized>true</uninitialized>
         <run_address>0x25c2</run_address>
         <size>0x1</size>
      </object_component>
      <object_component id="oc-525">
         <name>.common:reload</name>
         <uninitialized>true</uninitialized>
         <run_address>0x25c8</run_address>
         <size>0x1</size>
      </object_component>
      <object_component id="oc-407">
         <name>.common:timerreload</name>
         <uninitialized>true</uninitialized>
         <run_address>0x25be</run_address>
         <size>0x2</size>
      </object_component>
      <object_component id="oc-533">
         <name>.common:TestData1</name>
         <uninitialized>true</uninitialized>
         <run_address>0x201c</run_address>
         <size>0x20e</size>
      </object_component>
      <object_component id="oc-534">
         <name>.common:KeepTestData1</name>
         <uninitialized>true</uninitialized>
         <run_address>0x1e0e</run_address>
         <size>0x20e</size>
      </object_component>
      <object_component id="oc-531">
         <name>.common:used_len</name>
         <uninitialized>true</uninitialized>
         <run_address>0x25c0</run_address>
         <size>0x2</size>
      </object_component>
      <object_component id="oc-532">
         <name>.common:auth_flag</name>
         <uninitialized>true</uninitialized>
         <run_address>0x25c5</run_address>
         <size>0x1</size>
      </object_component>
      <object_component id="oc-416">
         <name>.common:spilen</name>
         <uninitialized>true</uninitialized>
         <run_address>0x25cd</run_address>
         <size>0x1</size>
      </object_component>
      <object_component id="oc-46a">
         <name>.common:send_enabled</name>
         <uninitialized>true</uninitialized>
         <run_address>0x25ca</run_address>
         <size>0x1</size>
      </object_component>
      <object_component id="oc-417">
         <name>.common:tx_enable</name>
         <uninitialized>true</uninitialized>
         <run_address>0x25ce</run_address>
         <size>0x1</size>
      </object_component>
      <object_component id="oc-595">
         <name>.common:cursector</name>
         <uninitialized>true</uninitialized>
         <run_address>0x25b0</run_address>
         <size>0x2</size>
      </object_component>
      <object_component id="oc-596">
         <name>.common:sd_data</name>
         <uninitialized>true</uninitialized>
         <run_address>0x25b4</run_address>
         <size>0x2</size>
      </object_component>
      <object_component id="oc-573">
         <name>.common:cardSize</name>
         <uninitialized>true</uninitialized>
         <run_address>0x25ae</run_address>
         <size>0x2</size>
      </object_component>
      <object_component id="oc-51e">
         <name>.common:MST_Data</name>
         <uninitialized>true</uninitialized>
         <run_address>0x25c3</run_address>
         <size>0x1</size>
      </object_component>
      <object_component id="oc-51f">
         <name>.common:SLV_Data</name>
         <uninitialized>true</uninitialized>
         <run_address>0x25c4</run_address>
         <size>0x1</size>
      </object_component>
      <object_component id="oc-4df">
         <name>.common:SPI_RX_Buff0</name>
         <uninitialized>true</uninitialized>
         <run_address>0x24f0</run_address>
         <size>0x3a</size>
      </object_component>
      <object_component id="oc-51d">
         <name>.common:spi_rcv_cnt</name>
         <uninitialized>true</uninitialized>
         <run_address>0x25b8</run_address>
         <size>0x2</size>
      </object_component>
      <object_component id="oc-51c">
         <name>.common:spi_dma_rxbuf_flag</name>
         <uninitialized>true</uninitialized>
         <run_address>0x25cc</run_address>
         <size>0x1</size>
      </object_component>
      <object_component id="oc-653">
         <name>.common:uState</name>
         <uninitialized>true</uninitialized>
         <run_address>0x2582</run_address>
         <size>0xc</size>
      </object_component>
      <object_component id="oc-855">
         <name>.common:__TI_tmpnams</name>
         <uninitialized>true</uninitialized>
         <run_address>0x23ec</run_address>
         <size>0xa0</size>
      </object_component>
      <object_component id="oc-52d">
         <name>.data</name>
         <load_address>0x2838</load_address>
         <run_address>0x2838</run_address>
         <size>0x4</size>
         <input_file_ref idref="fl-3"/>
      </object_component>
      <object_component id="oc-463">
         <name>.data</name>
         <load_address>0x2844</load_address>
         <run_address>0x2844</run_address>
         <size>0x1</size>
         <input_file_ref idref="fl-c"/>
      </object_component>
      <object_component id="oc-42f">
         <name>.data</name>
         <load_address>0x2840</load_address>
         <run_address>0x2840</run_address>
         <size>0x2</size>
         <input_file_ref idref="fl-35"/>
      </object_component>
      <object_component id="oc-438">
         <name>.data:__TI_cleanup_ptr</name>
         <load_address>0x2828</load_address>
         <run_address>0x2828</run_address>
         <size>0x4</size>
         <input_file_ref idref="fl-36"/>
      </object_component>
      <object_component id="oc-435">
         <name>.data:__TI_dtors_ptr</name>
         <load_address>0x282c</load_address>
         <run_address>0x282c</run_address>
         <size>0x4</size>
         <input_file_ref idref="fl-36"/>
      </object_component>
      <object_component id="oc-432">
         <name>.data:_lock</name>
         <load_address>0x2830</load_address>
         <run_address>0x2830</run_address>
         <size>0x4</size>
         <input_file_ref idref="fl-5a"/>
      </object_component>
      <object_component id="oc-43b">
         <name>.data:_unlock</name>
         <load_address>0x2834</load_address>
         <run_address>0x2834</run_address>
         <size>0x4</size>
         <input_file_ref idref="fl-5a"/>
      </object_component>
      <object_component id="oc-5b8">
         <name>.data:_ftable</name>
         <load_address>0x2788</load_address>
         <run_address>0x2788</run_address>
         <size>0x78</size>
         <input_file_ref idref="fl-60"/>
      </object_component>
      <object_component id="oc-816">
         <name>.data</name>
         <load_address>0x283c</load_address>
         <run_address>0x283c</run_address>
         <size>0x2</size>
         <input_file_ref idref="fl-60"/>
      </object_component>
      <object_component id="oc-7b2">
         <name>.data</name>
         <load_address>0x283e</load_address>
         <run_address>0x283e</run_address>
         <size>0x2</size>
         <input_file_ref idref="fl-62"/>
      </object_component>
      <object_component id="oc-7e2">
         <name>.data:_device</name>
         <load_address>0x2710</load_address>
         <run_address>0x2710</run_address>
         <size>0x78</size>
         <input_file_ref idref="fl-65"/>
      </object_component>
      <object_component id="oc-78f">
         <name>.data:_stream</name>
         <load_address>0x2800</load_address>
         <run_address>0x2800</run_address>
         <size>0x28</size>
         <input_file_ref idref="fl-65"/>
      </object_component>
      <object_component id="oc-806">
         <name>.data</name>
         <load_address>0x2842</load_address>
         <run_address>0x2842</run_address>
         <size>0x2</size>
         <input_file_ref idref="fl-75"/>
      </object_component>
      <object_component id="oc-391">
         <name>.sysmem</name>
         <uninitialized>true</uninitialized>
         <run_address>0x25d0</run_address>
         <size>0x4</size>
         <input_file_ref idref="fl-75"/>
      </object_component>
      <object_component id="oc-926">
         <name>.sysmem</name>
         <uninitialized>true</uninitialized>
         <run_address>0x25d0</run_address>
         <size>0x0</size>
      </object_component>
      <object_component id="oc-38d">
         <name>.stack</name>
         <uninitialized>true</uninitialized>
         <run_address>0x2bac</run_address>
         <size>0x2</size>
         <input_file_ref idref="fl-2e"/>
      </object_component>
      <object_component id="oc-925">
         <name>.stack</name>
         <uninitialized>true</uninitialized>
         <run_address>0x2bac</run_address>
         <size>0x0</size>
      </object_component>
      <object_component id="oc-548">
         <name>.text:ReloadModem</name>
         <load_address>0x8000</load_address>
         <run_address>0x8000</run_address>
         <size>0x290</size>
         <input_file_ref idref="fl-3"/>
      </object_component>
      <object_component id="oc-75f">
         <name>.text:strtoul</name>
         <load_address>0x8290</load_address>
         <run_address>0x8290</run_address>
         <size>0x194</size>
         <input_file_ref idref="fl-59"/>
      </object_component>
      <object_component id="oc-57c">
         <name>.text:mmcReadCardSize</name>
         <load_address>0x8424</load_address>
         <run_address>0x8424</run_address>
         <size>0x18e</size>
         <input_file_ref idref="fl-9"/>
      </object_component>
      <object_component id="oc-45d">
         <name>.text:SParseBuffer</name>
         <load_address>0x85b2</load_address>
         <run_address>0x85b2</run_address>
         <size>0x15a</size>
         <input_file_ref idref="fl-5"/>
      </object_component>
      <object_component id="oc-46b">
         <name>.text:SendData</name>
         <load_address>0x870c</load_address>
         <run_address>0x870c</run_address>
         <size>0x13a</size>
         <input_file_ref idref="fl-3"/>
      </object_component>
      <object_component id="oc-67f">
         <name>.text:_setfield</name>
         <load_address>0x8846</load_address>
         <run_address>0x8846</run_address>
         <size>0x10e</size>
         <input_file_ref idref="fl-5b"/>
      </object_component>
      <object_component id="oc-68">
         <name>.text:decompress:lzss:__TI_decompress_lzss</name>
         <load_address>0x8954</load_address>
         <run_address>0x8954</run_address>
         <size>0xee</size>
         <input_file_ref idref="fl-30"/>
      </object_component>
      <object_component id="oc-5dd">
         <name>.text:ParseBuffer</name>
         <load_address>0x8a42</load_address>
         <run_address>0x8a42</run_address>
         <size>0xea</size>
         <input_file_ref idref="fl-4"/>
      </object_component>
      <object_component id="oc-66b">
         <name>.text:fputs</name>
         <load_address>0x8b2c</load_address>
         <run_address>0x8b2c</run_address>
         <size>0xde</size>
         <input_file_ref idref="fl-64"/>
      </object_component>
      <object_component id="oc-601">
         <name>.text:my_sprintf</name>
         <load_address>0x8c0a</load_address>
         <run_address>0x8c0a</run_address>
         <size>0xde</size>
         <input_file_ref idref="fl-3"/>
      </object_component>
      <object_component id="oc-5c7">
         <name>.text:__TI_printfi_minimal</name>
         <load_address>0x8ce8</load_address>
         <run_address>0x8ce8</run_address>
         <size>0xda</size>
         <input_file_ref idref="fl-5b"/>
      </object_component>
      <object_component id="oc-783">
         <name>.text:setvbuf</name>
         <load_address>0x8dc2</load_address>
         <run_address>0x8dc2</run_address>
         <size>0xcc</size>
         <input_file_ref idref="fl-72"/>
      </object_component>
      <object_component id="oc-728">
         <name>.text:_pproc_diouxp</name>
         <load_address>0x8e8e</load_address>
         <run_address>0x8e8e</run_address>
         <size>0xc4</size>
         <input_file_ref idref="fl-5b"/>
      </object_component>
      <object_component id="oc-41a">
         <name>.text:copy_in</name>
         <load_address>0x8f52</load_address>
         <run_address>0x8f52</run_address>
         <size>0xb2</size>
         <input_file_ref idref="fl-5e"/>
      </object_component>
      <object_component id="oc-7c9">
         <name>.text:malloc</name>
         <load_address>0x9004</load_address>
         <run_address>0x9004</run_address>
         <size>0xae</size>
         <input_file_ref idref="fl-75"/>
      </object_component>
      <object_component id="oc-834">
         <name>.text:HOSTlseek</name>
         <load_address>0x90b2</load_address>
         <run_address>0x90b2</run_address>
         <size>0x9c</size>
         <input_file_ref idref="fl-6c"/>
      </object_component>
      <object_component id="oc-3c8">
         <name>.text:_auto_init_hold_wdt</name>
         <load_address>0x914e</load_address>
         <run_address>0x914e</run_address>
         <size>0x96</size>
         <input_file_ref idref="fl-5d"/>
      </object_component>
      <object_component id="oc-464">
         <name>.text:spi_init</name>
         <load_address>0x91e4</load_address>
         <run_address>0x91e4</run_address>
         <size>0x90</size>
         <input_file_ref idref="fl-c"/>
      </object_component>
      <object_component id="oc-672">
         <name>.text:fputc</name>
         <load_address>0x9274</load_address>
         <run_address>0x9274</run_address>
         <size>0x8c</size>
         <input_file_ref idref="fl-63"/>
      </object_component>
      <object_component id="oc-5f0">
         <name>.text:Lifo_Get</name>
         <load_address>0x9300</load_address>
         <run_address>0x9300</run_address>
         <size>0x8a</size>
         <input_file_ref idref="fl-2"/>
      </object_component>
      <object_component id="oc-4d3">
         <name>.text:sdcard_init</name>
         <load_address>0x938a</load_address>
         <run_address>0x938a</run_address>
         <size>0x8a</size>
         <input_file_ref idref="fl-b"/>
      </object_component>
      <object_component id="oc-4c7">
         <name>.text:dma_init</name>
         <load_address>0x9414</load_address>
         <run_address>0x9414</run_address>
         <size>0x82</size>
         <input_file_ref idref="fl-6"/>
      </object_component>
      <object_component id="oc-588">
         <name>.text:uStateInit</name>
         <load_address>0x9496</load_address>
         <run_address>0x9496</run_address>
         <size>0x82</size>
         <input_file_ref idref="fl-d"/>
      </object_component>
      <object_component id="oc-7c3">
         <name>.text:free</name>
         <load_address>0x9518</load_address>
         <run_address>0x9518</run_address>
         <size>0x80</size>
         <input_file_ref idref="fl-75"/>
      </object_component>
      <object_component id="oc-709">
         <name>.text:__TI_wrt_ok</name>
         <load_address>0x9598</load_address>
         <run_address>0x9598</run_address>
         <size>0x7a</size>
         <input_file_ref idref="fl-6e"/>
      </object_component>
      <object_component id="oc-6c2">
         <name>.text:mmcReadBlock</name>
         <load_address>0x9612</load_address>
         <run_address>0x9612</run_address>
         <size>0x78</size>
         <input_file_ref idref="fl-9"/>
      </object_component>
      <object_component id="oc-6a4">
         <name>.text:mmcWriteBlock</name>
         <load_address>0x968a</load_address>
         <run_address>0x968a</run_address>
         <size>0x78</size>
         <input_file_ref idref="fl-9"/>
      </object_component>
      <object_component id="oc-840">
         <name>.text:HOSTrename</name>
         <load_address>0x9702</load_address>
         <run_address>0x9702</run_address>
         <size>0x6a</size>
         <input_file_ref idref="fl-6c"/>
      </object_component>
      <object_component id="oc-77d">
         <name>.text:fseek</name>
         <load_address>0x976c</load_address>
         <run_address>0x976c</run_address>
         <size>0x6a</size>
         <input_file_ref idref="fl-71"/>
      </object_component>
      <object_component id="oc-810">
         <name>.text:__TI_closefile</name>
         <load_address>0x97d6</load_address>
         <run_address>0x97d6</run_address>
         <size>0x68</size>
         <input_file_ref idref="fl-76"/>
      </object_component>
      <object_component id="oc-81c">
         <name>.text:HOSTopen</name>
         <load_address>0x983e</load_address>
         <run_address>0x983e</run_address>
         <size>0x64</size>
         <input_file_ref idref="fl-6c"/>
      </object_component>
      <object_component id="oc-635">
         <name>.text:mmcGoIdle</name>
         <load_address>0x98a2</load_address>
         <run_address>0x98a2</run_address>
         <size>0x64</size>
         <input_file_ref idref="fl-9"/>
      </object_component>
      <object_component id="oc-715">
         <name>.text:__TI_doflush</name>
         <load_address>0x9906</load_address>
         <run_address>0x9906</run_address>
         <size>0x62</size>
         <input_file_ref idref="fl-70"/>
      </object_component>
      <object_component id="oc-82e">
         <name>.text:HOSTwrite</name>
         <load_address>0x9968</load_address>
         <run_address>0x9968</run_address>
         <size>0x60</size>
         <input_file_ref idref="fl-6c"/>
      </object_component>
      <object_component id="oc-828">
         <name>.text:HOSTread</name>
         <load_address>0x99c8</load_address>
         <run_address>0x99c8</run_address>
         <size>0x5e</size>
         <input_file_ref idref="fl-6c"/>
      </object_component>
      <object_component id="oc-74f">
         <name>.text:mmcCheckBusy</name>
         <load_address>0x9a26</load_address>
         <run_address>0x9a26</run_address>
         <size>0x5e</size>
         <input_file_ref idref="fl-9"/>
      </object_component>
      <object_component id="oc-514">
         <name>.text:Lifo_Add</name>
         <load_address>0x9a84</load_address>
         <run_address>0x9a84</run_address>
         <size>0x5a</size>
         <input_file_ref idref="fl-2"/>
      </object_component>
      <object_component id="oc-64c">
         <name>.text</name>
         <load_address>0x9ade</load_address>
         <run_address>0x9ade</run_address>
         <size>0x58</size>
         <input_file_ref idref="fl-34"/>
      </object_component>
      <object_component id="oc-613">
         <name>.text:modem_reset_r</name>
         <load_address>0x9b36</load_address>
         <run_address>0x9b36</run_address>
         <size>0x56</size>
         <input_file_ref idref="fl-3"/>
      </object_component>
      <object_component id="oc-883">
         <name>.text:getdevice</name>
         <load_address>0x9b8c</load_address>
         <run_address>0x9b8c</run_address>
         <size>0x54</size>
         <input_file_ref idref="fl-65"/>
      </object_component>
      <object_component id="oc-542">
         <name>.text:UseLifo</name>
         <load_address>0x9be0</load_address>
         <run_address>0x9be0</run_address>
         <size>0x4c</size>
         <input_file_ref idref="fl-2"/>
      </object_component>
      <object_component id="oc-84f">
         <name>.text:close</name>
         <load_address>0x9c2c</load_address>
         <run_address>0x9c2c</run_address>
         <size>0x4a</size>
         <input_file_ref idref="fl-65"/>
      </object_component>
      <object_component id="oc-6f3">
         <name>.text:mmcSendCmd</name>
         <load_address>0x9c76</load_address>
         <run_address>0x9c76</run_address>
         <size>0x4a</size>
         <input_file_ref idref="fl-9"/>
      </object_component>
      <object_component id="oc-73d">
         <name>.text:mmcSetBlockLength</name>
         <load_address>0x9cc0</load_address>
         <run_address>0x9cc0</run_address>
         <size>0x4a</size>
         <input_file_ref idref="fl-9"/>
      </object_component>
      <object_component id="oc-5d3">
         <name>.text:AddSdCard</name>
         <load_address>0x9d0a</load_address>
         <run_address>0x9d0a</run_address>
         <size>0x48</size>
         <input_file_ref idref="fl-b"/>
      </object_component>
      <object_component id="oc-5e5">
         <name>.text:GetSdCard</name>
         <load_address>0x9d52</load_address>
         <run_address>0x9d52</run_address>
         <size>0x48</size>
         <input_file_ref idref="fl-b"/>
      </object_component>
      <object_component id="oc-3d4">
         <name>.text:exit</name>
         <load_address>0x9d9a</load_address>
         <run_address>0x9d9a</run_address>
         <size>0x48</size>
         <input_file_ref idref="fl-35"/>
      </object_component>
      <object_component id="oc-822">
         <name>.text:HOSTclose</name>
         <load_address>0x9de2</load_address>
         <run_address>0x9de2</run_address>
         <size>0x46</size>
         <input_file_ref idref="fl-6c"/>
      </object_component>
      <object_component id="oc-576">
         <name>.text:mmcInit</name>
         <load_address>0x9e28</load_address>
         <run_address>0x9e28</run_address>
         <size>0x46</size>
         <input_file_ref idref="fl-9"/>
      </object_component>
      <object_component id="oc-6e9">
         <name>.text:spi_bitbang_inout</name>
         <load_address>0x9e6e</load_address>
         <run_address>0x9e6e</run_address>
         <size>0x44</size>
         <input_file_ref idref="fl-7"/>
      </object_component>
      <object_component id="oc-83a">
         <name>.text:HOSTunlink</name>
         <load_address>0x9eb2</load_address>
         <run_address>0x9eb2</run_address>
         <size>0x42</size>
         <input_file_ref idref="fl-6c"/>
      </object_component>
      <object_component id="oc-3b6">
         <name>.text:_isr:DMA_ISR</name>
         <load_address>0x9ef4</load_address>
         <run_address>0x9ef4</run_address>
         <size>0x42</size>
         <input_file_ref idref="fl-c"/>
      </object_component>
      <object_component id="oc-39f">
         <name>.text:__memcpy_far</name>
         <load_address>0x9f36</load_address>
         <run_address>0x9f36</run_address>
         <size>0x40</size>
         <input_file_ref idref="fl-33"/>
      </object_component>
      <object_component id="oc-50e">
         <name>.text:printf</name>
         <load_address>0x9f76</load_address>
         <run_address>0x9f76</run_address>
         <size>0x40</size>
         <input_file_ref idref="fl-56"/>
      </object_component>
      <object_component id="oc-409">
         <name>.text:spi_task</name>
         <load_address>0x9fb6</load_address>
         <run_address>0x9fb6</run_address>
         <size>0x40</size>
         <input_file_ref idref="fl-c"/>
      </object_component>
      <object_component id="oc-86">
         <name>.text:decompress:ZI:__TI_zero_init</name>
         <load_address>0x9ff6</load_address>
         <run_address>0x9ff6</run_address>
         <size>0x3e</size>
         <input_file_ref idref="fl-32"/>
      </object_component>
      <object_component id="oc-526">
         <name>.text:dma_rcv</name>
         <load_address>0xa034</load_address>
         <run_address>0xa034</run_address>
         <size>0x3e</size>
         <input_file_ref idref="fl-6"/>
      </object_component>
      <object_component id="oc-874">
         <name>.text:l_asr_const</name>
         <load_address>0xa072</load_address>
         <run_address>0xa072</run_address>
         <size>0x3e</size>
         <input_file_ref idref="fl-6f"/>
      </object_component>
      <object_component id="oc-69f">
         <name>.text:l_lsl_const</name>
         <load_address>0xa0b0</load_address>
         <run_address>0xa0b0</run_address>
         <size>0x3e</size>
         <input_file_ref idref="fl-48"/>
      </object_component>
      <object_component id="oc-642">
         <name>.text:l_lsr_const</name>
         <load_address>0xa0ee</load_address>
         <run_address>0xa0ee</run_address>
         <size>0x3e</size>
         <input_file_ref idref="fl-49"/>
      </object_component>
      <object_component id="oc-6e">
         <name>.text:decompress:none:__TI_decompress_none</name>
         <load_address>0xa12c</load_address>
         <run_address>0xa12c</run_address>
         <size>0x3c</size>
         <input_file_ref idref="fl-31"/>
      </object_component>
      <object_component id="oc-809">
         <name>.text:minit</name>
         <load_address>0xa168</load_address>
         <run_address>0xa168</run_address>
         <size>0x38</size>
         <input_file_ref idref="fl-75"/>
      </object_component>
      <object_component id="oc-65e">
         <name>.text:AddSdCardBase</name>
         <load_address>0xa1a0</load_address>
         <run_address>0xa1a0</run_address>
         <size>0x36</size>
         <input_file_ref idref="fl-b"/>
      </object_component>
      <object_component id="oc-4ef">
         <name>.text:SBGet</name>
         <load_address>0xa1d6</load_address>
         <run_address>0xa1d6</run_address>
         <size>0x36</size>
         <input_file_ref idref="fl-5"/>
      </object_component>
      <object_component id="oc-6ba">
         <name>.text:strstr</name>
         <load_address>0xa20c</load_address>
         <run_address>0xa20c</run_address>
         <size>0x36</size>
         <input_file_ref idref="fl-58"/>
      </object_component>
      <object_component id="oc-656">
         <name>.text:GetSdCardBase</name>
         <load_address>0xa242</load_address>
         <run_address>0xa242</run_address>
         <size>0x34</size>
         <input_file_ref idref="fl-b"/>
      </object_component>
      <object_component id="oc-3b0">
         <name>.text:_isr:TIMER1_A0_ISR</name>
         <load_address>0xa276</load_address>
         <run_address>0xa276</run_address>
         <size>0x34</size>
         <input_file_ref idref="fl-8"/>
      </object_component>
      <object_component id="oc-53c">
         <name>.text:dma_send</name>
         <load_address>0xa2aa</load_address>
         <run_address>0xa2aa</run_address>
         <size>0x34</size>
         <input_file_ref idref="fl-6"/>
      </object_component>
      <object_component id="oc-507">
         <name>.text:led_toggle</name>
         <load_address>0xa2de</load_address>
         <run_address>0xa2de</run_address>
         <size>0x34</size>
         <input_file_ref idref="fl-8"/>
      </object_component>
      <object_component id="oc-749">
         <name>.text:spiSendFrame</name>
         <load_address>0xa312</load_address>
         <run_address>0xa312</run_address>
         <size>0x34</size>
         <input_file_ref idref="fl-7"/>
      </object_component>
      <object_component id="oc-7cf">
         <name>.text:__TI_cleanup</name>
         <load_address>0xa346</load_address>
         <run_address>0xa346</run_address>
         <size>0x32</size>
         <input_file_ref idref="fl-74"/>
      </object_component>
      <object_component id="oc-76a">
         <name>.text:spiReadFrame</name>
         <load_address>0xa378</load_address>
         <run_address>0xa378</run_address>
         <size>0x30</size>
         <input_file_ref idref="fl-7"/>
      </object_component>
      <object_component id="oc-4a9">
         <name>.text:PortsInit</name>
         <load_address>0xa3a8</load_address>
         <run_address>0xa3a8</run_address>
         <size>0x2e</size>
         <input_file_ref idref="fl-8"/>
      </object_component>
      <object_component id="oc-863">
         <name>.text:__TI_writemsg</name>
         <load_address>0xa3d6</load_address>
         <run_address>0xa3d6</run_address>
         <size>0x2e</size>
         <input_file_ref idref="fl-6d"/>
      </object_component>
      <object_component id="oc-89f">
         <name>.text:finddevice</name>
         <load_address>0xa404</load_address>
         <run_address>0xa404</run_address>
         <size>0x2e</size>
         <input_file_ref idref="fl-65"/>
      </object_component>
      <object_component id="oc-4b5">
         <name>.text:params_init</name>
         <load_address>0xa432</load_address>
         <run_address>0xa432</run_address>
         <size>0x2e</size>
         <input_file_ref idref="fl-8"/>
      </object_component>
      <object_component id="oc-500">
         <name>.text:CheckCrc</name>
         <load_address>0xa460</load_address>
         <run_address>0xa460</run_address>
         <size>0x2c</size>
         <input_file_ref idref="fl-c"/>
      </object_component>
      <object_component id="oc-869">
         <name>.text:__TI_readmsg</name>
         <load_address>0xa48c</load_address>
         <run_address>0xa48c</run_address>
         <size>0x2c</size>
         <input_file_ref idref="fl-6d"/>
      </object_component>
      <object_component id="oc-441">
         <name>.text:init</name>
         <load_address>0xa4b8</load_address>
         <run_address>0xa4b8</run_address>
         <size>0x2c</size>
         <input_file_ref idref="fl-8"/>
      </object_component>
      <object_component id="oc-899">
         <name>.text:strncpy</name>
         <load_address>0xa4e4</load_address>
         <run_address>0xa4e4</run_address>
         <size>0x2c</size>
         <input_file_ref idref="fl-6b"/>
      </object_component>
      <object_component id="oc-60d">
         <name>.text:modem_down</name>
         <load_address>0xa510</load_address>
         <run_address>0xa510</run_address>
         <size>0x2a</size>
         <input_file_ref idref="fl-3"/>
      </object_component>
      <object_component id="oc-856">
         <name>.text:unlink</name>
         <load_address>0xa53a</load_address>
         <run_address>0xa53a</run_address>
         <size>0x2a</size>
         <input_file_ref idref="fl-65"/>
      </object_component>
      <object_component id="oc-59f">
         <name>.text:SBAdd</name>
         <load_address>0xa564</load_address>
         <run_address>0xa564</run_address>
         <size>0x26</size>
         <input_file_ref idref="fl-5"/>
      </object_component>
      <object_component id="oc-4c1">
         <name>.text:SBInit</name>
         <load_address>0xa58a</load_address>
         <run_address>0xa58a</run_address>
         <size>0x26</size>
         <input_file_ref idref="fl-5"/>
      </object_component>
      <object_component id="oc-7bb">
         <name>.text:lseek</name>
         <load_address>0xa5b0</load_address>
         <run_address>0xa5b0</run_address>
         <size>0x26</size>
         <input_file_ref idref="fl-65"/>
      </object_component>
      <object_component id="oc-536">
         <name>.text:Lifo_Used</name>
         <load_address>0xa5d6</load_address>
         <run_address>0xa5d6</run_address>
         <size>0x24</size>
         <input_file_ref idref="fl-2"/>
      </object_component>
      <object_component id="oc-4cd">
         <name>.text:int_init</name>
         <load_address>0xa5fa</load_address>
         <run_address>0xa5fa</run_address>
         <size>0x24</size>
         <input_file_ref idref="fl-8"/>
      </object_component>
      <object_component id="oc-63c">
         <name>.text:mmcGetResponse</name>
         <load_address>0xa61e</load_address>
         <run_address>0xa61e</run_address>
         <size>0x24</size>
         <input_file_ref idref="fl-9"/>
      </object_component>
      <object_component id="oc-647">
         <name>.text</name>
         <load_address>0xa642</load_address>
         <run_address>0xa642</run_address>
         <size>0x24</size>
         <input_file_ref idref="fl-53"/>
      </object_component>
      <object_component id="oc-71b">
         <name>.text:write</name>
         <load_address>0xa666</load_address>
         <run_address>0xa666</run_address>
         <size>0x24</size>
         <input_file_ref idref="fl-65"/>
      </object_component>
      <object_component id="oc-743">
         <name>.text:mmcGetXXResponse</name>
         <load_address>0xa68a</load_address>
         <run_address>0xa68a</run_address>
         <size>0x22</size>
         <input_file_ref idref="fl-9"/>
      </object_component>
      <object_component id="oc-6ce">
         <name>.text:data_commandT1</name>
         <load_address>0xa6ac</load_address>
         <run_address>0xa6ac</run_address>
         <size>0x20</size>
         <input_file_ref idref="fl-3"/>
      </object_component>
      <object_component id="oc-619">
         <name>.text:set_uart_9600</name>
         <load_address>0xa6cc</load_address>
         <run_address>0xa6cc</run_address>
         <size>0x20</size>
         <input_file_ref idref="fl-6"/>
      </object_component>
      <object_component id="oc-582">
         <name>.text:wait_ms</name>
         <load_address>0xa6ec</load_address>
         <run_address>0xa6ec</run_address>
         <size>0x20</size>
         <input_file_ref idref="fl-8"/>
      </object_component>
      <object_component id="oc-607">
         <name>.text:set_uart_57600</name>
         <load_address>0xa70c</load_address>
         <run_address>0xa70c</run_address>
         <size>0x1e</size>
         <input_file_ref idref="fl-6"/>
      </object_component>
      <object_component id="oc-457">
         <name>.text:spi_dma_rcv</name>
         <load_address>0xa72a</load_address>
         <run_address>0xa72a</run_address>
         <size>0x1e</size>
         <input_file_ref idref="fl-c"/>
      </object_component>
      <object_component id="oc-98">
         <name>.text:_isr:_c_int00_noargs</name>
         <load_address>0xa748</load_address>
         <run_address>0xa748</run_address>
         <size>0x1c</size>
         <input_file_ref idref="fl-2f"/>
      </object_component>
      <object_component id="oc-6ab">
         <name>.text:findchar</name>
         <load_address>0xa764</load_address>
         <run_address>0xa764</run_address>
         <size>0x1c</size>
         <input_file_ref idref="fl-4"/>
      </object_component>
      <object_component id="oc-72e">
         <name>.text:memccpy</name>
         <load_address>0xa780</load_address>
         <run_address>0xa780</run_address>
         <size>0x1a</size>
         <input_file_ref idref="fl-66"/>
      </object_component>
      <object_component id="oc-6b1">
         <name>.text:parse_bcl</name>
         <load_address>0xa79a</load_address>
         <run_address>0xa79a</run_address>
         <size>0x1a</size>
         <input_file_ref idref="fl-4"/>
      </object_component>
      <object_component id="oc-4e2">
         <name>.text:spi_clear_buff</name>
         <load_address>0xa7b4</load_address>
         <run_address>0xa7b4</run_address>
         <size>0x1a</size>
         <input_file_ref idref="fl-c"/>
      </object_component>
      <object_component id="oc-759">
         <name>.text:strchr</name>
         <load_address>0xa7ce</load_address>
         <run_address>0xa7ce</run_address>
         <size>0x1a</size>
         <input_file_ref idref="fl-57"/>
      </object_component>
      <object_component id="oc-4fa">
         <name>.text:Modify</name>
         <load_address>0xa7e8</load_address>
         <run_address>0xa7e8</run_address>
         <size>0x18</size>
         <input_file_ref idref="fl-5"/>
      </object_component>
      <object_component id="oc-4e9">
         <name>.text:SBUsed</name>
         <load_address>0xa800</load_address>
         <run_address>0xa800</run_address>
         <size>0x18</size>
         <input_file_ref idref="fl-5"/>
      </object_component>
      <object_component id="oc-474">
         <name>.text</name>
         <load_address>0xa818</load_address>
         <run_address>0xa818</run_address>
         <size>0x18</size>
         <input_file_ref idref="fl-50"/>
      </object_component>
      <object_component id="oc-8ae">
         <name>.text:strcmp</name>
         <load_address>0xa830</load_address>
         <run_address>0xa830</run_address>
         <size>0x18</size>
         <input_file_ref idref="fl-69"/>
      </object_component>
      <object_component id="oc-4af">
         <name>.text:BInit</name>
         <load_address>0xa848</load_address>
         <run_address>0xa848</run_address>
         <size>0x16</size>
         <input_file_ref idref="fl-4"/>
      </object_component>
      <object_component id="oc-79a">
         <name>.text</name>
         <load_address>0xa85e</load_address>
         <run_address>0xa85e</run_address>
         <size>0x16</size>
         <input_file_ref idref="fl-61"/>
      </object_component>
      <object_component id="oc-58e">
         <name>.text:uStateKeep</name>
         <load_address>0xa874</load_address>
         <run_address>0xa874</run_address>
         <size>0x16</size>
         <input_file_ref idref="fl-d"/>
      </object_component>
      <object_component id="oc-4bb">
         <name>.text:leds_init</name>
         <load_address>0xa88a</load_address>
         <run_address>0xa88a</run_address>
         <size>0x14</size>
         <input_file_ref idref="fl-8"/>
      </object_component>
      <object_component id="oc-70f">
         <name>.text:memchr</name>
         <load_address>0xa89e</load_address>
         <run_address>0xa89e</run_address>
         <size>0x14</size>
         <input_file_ref idref="fl-67"/>
      </object_component>
      <object_component id="oc-561">
         <name>.text:memset</name>
         <load_address>0xa8b2</load_address>
         <run_address>0xa8b2</run_address>
         <size>0x14</size>
         <input_file_ref idref="fl-4c"/>
      </object_component>
      <object_component id="oc-3e2">
         <name>.text:main</name>
         <load_address>0xa8c6</load_address>
         <run_address>0xa8c6</run_address>
         <size>0x12</size>
         <input_file_ref idref="fl-8"/>
      </object_component>
      <object_component id="oc-479">
         <name>.text:memcpy</name>
         <load_address>0xa8d8</load_address>
         <run_address>0xa8d8</run_address>
         <size>0x12</size>
         <input_file_ref idref="fl-4b"/>
      </object_component>
      <object_component id="oc-777">
         <name>.text:l_lsr</name>
         <load_address>0xa8ea</load_address>
         <run_address>0xa8ea</run_address>
         <size>0x10</size>
         <input_file_ref idref="fl-49"/>
      </object_component>
      <object_component id="oc-87b">
         <name>.text:strcpy</name>
         <load_address>0xa8fa</load_address>
         <run_address>0xa8fa</run_address>
         <size>0x10</size>
         <input_file_ref idref="fl-73"/>
      </object_component>
      <object_component id="oc-679">
         <name>.text:strlen</name>
         <load_address>0xa90a</load_address>
         <run_address>0xa90a</run_address>
         <size>0xe</size>
         <input_file_ref idref="fl-6a"/>
      </object_component>
      <object_component id="oc-40f">
         <name>.text:wd_reset</name>
         <load_address>0xa918</load_address>
         <run_address>0xa918</run_address>
         <size>0xe</size>
         <input_file_ref idref="fl-8"/>
      </object_component>
      <object_component id="oc-5b1">
         <name>.text:key_pressed</name>
         <load_address>0xa926</load_address>
         <run_address>0xa926</run_address>
         <size>0xa</size>
         <input_file_ref idref="fl-8"/>
      </object_component>
      <object_component id="oc-62f">
         <name>.text:spiSendByte</name>
         <load_address>0xa930</load_address>
         <run_address>0xa930</run_address>
         <size>0xa</size>
         <input_file_ref idref="fl-7"/>
      </object_component>
      <object_component id="oc-3ab">
         <name>.text:_isr:__TI_ISR_TRAP</name>
         <load_address>0xa93a</load_address>
         <run_address>0xa93a</run_address>
         <size>0x8</size>
         <input_file_ref idref="fl-47"/>
      </object_component>
      <object_component id="oc-6de">
         <name>.text:leds_off</name>
         <load_address>0xa942</load_address>
         <run_address>0xa942</run_address>
         <size>0x8</size>
         <input_file_ref idref="fl-8"/>
      </object_component>
      <object_component id="oc-6d8">
         <name>.text:leds_on</name>
         <load_address>0xa94a</load_address>
         <run_address>0xa94a</run_address>
         <size>0x8</size>
         <input_file_ref idref="fl-8"/>
      </object_component>
      <object_component id="oc-5fb">
         <name>.text:modem_send_dataT1</name>
         <load_address>0xa952</load_address>
         <run_address>0xa952</run_address>
         <size>0x8</size>
         <input_file_ref idref="fl-3"/>
      </object_component>
      <object_component id="oc-5c1">
         <name>.text:_outc</name>
         <load_address>0xa95a</load_address>
         <run_address>0xa95a</run_address>
         <size>0x6</size>
         <input_file_ref idref="fl-56"/>
      </object_component>
      <object_component id="oc-3ea">
         <name>.text:abort</name>
         <load_address>0xa960</load_address>
         <run_address>0xa960</run_address>
         <size>0x6</size>
         <input_file_ref idref="fl-35"/>
      </object_component>
      <object_component id="oc-5bb">
         <name>.text:_outs</name>
         <load_address>0xa966</load_address>
         <run_address>0xa966</run_address>
         <size>0x4</size>
         <input_file_ref idref="fl-56"/>
      </object_component>
      <object_component id="oc-3c2">
         <name>.text:_system_pre_init</name>
         <load_address>0xa96a</load_address>
         <run_address>0xa96a</run_address>
         <size>0x4</size>
         <input_file_ref idref="fl-55"/>
      </object_component>
      <object_component id="oc-497">
         <name>.text:_nop</name>
         <load_address>0xa96e</load_address>
         <run_address>0xa96e</run_address>
         <size>0x2</size>
         <input_file_ref idref="fl-5a"/>
      </object_component>
      <object_component id="oc-420">
         <name>.text:_system_post_cinit</name>
         <load_address>0xa970</load_address>
         <run_address>0xa970</run_address>
         <size>0x2</size>
         <input_file_ref idref="fl-68"/>
      </object_component>
      <object_component id="oc-629">
         <name>.text:halSPISetup</name>
         <load_address>0xa972</load_address>
         <run_address>0xa972</run_address>
         <size>0x2</size>
         <input_file_ref idref="fl-7"/>
      </object_component>
      <object_component id="oc-924">
         <name>.cinit..data.load</name>
         <load_address>0xac58</load_address>
         <run_address>0xac58</run_address>
         <size>0x51</size>
      </object_component>
      <object_component id="oc-921">
         <name>__TI_handler_table</name>
         <load_address>0xacaa</load_address>
         <run_address>0xacaa</run_address>
         <size>0xc</size>
      </object_component>
      <object_component id="oc-923">
         <name>.cinit..bss.load</name>
         <load_address>0xacb6</load_address>
         <run_address>0xacb6</run_address>
         <size>0x6</size>
      </object_component>
      <object_component id="oc-922">
         <name>__TI_cinit_table</name>
         <load_address>0xacbc</load_address>
         <run_address>0xacbc</run_address>
         <size>0x10</size>
      </object_component>
      <object_component id="oc-5fa">
         <name>.const:.string</name>
         <load_address>0xa974</load_address>
         <run_address>0xa974</run_address>
         <size>0x10e</size>
         <input_file_ref idref="fl-3"/>
      </object_component>
      <object_component id="oc-7af">
         <name>.const:.string:_ctypes_</name>
         <load_address>0xaa82</load_address>
         <run_address>0xaa82</run_address>
         <size>0x101</size>
         <input_file_ref idref="fl-5f"/>
      </object_component>
      <object_component id="oc-594">
         <name>.const:.string</name>
         <load_address>0xab84</load_address>
         <run_address>0xab84</run_address>
         <size>0x4e</size>
         <input_file_ref idref="fl-b"/>
      </object_component>
      <object_component id="oc-65c">
         <name>.const:.string</name>
         <load_address>0xabd2</load_address>
         <run_address>0xabd2</run_address>
         <size>0x2a</size>
         <input_file_ref idref="fl-d"/>
      </object_component>
      <object_component id="oc-5f7">
         <name>.const:.string:$P$T0$3</name>
         <load_address>0xabfc</load_address>
         <run_address>0xabfc</run_address>
         <size>0x17</size>
         <input_file_ref idref="fl-3"/>
      </object_component>
      <object_component id="oc-727">
         <name>.const:.string</name>
         <load_address>0xac14</load_address>
         <run_address>0xac14</run_address>
         <size>0x14</size>
         <input_file_ref idref="fl-5b"/>
      </object_component>
      <object_component id="oc-6c0">
         <name>.const:.string</name>
         <load_address>0xac28</load_address>
         <run_address>0xac28</run_address>
         <size>0x10</size>
         <input_file_ref idref="fl-4"/>
      </object_component>
      <object_component id="oc-50d">
         <name>.const:.string</name>
         <load_address>0xac38</load_address>
         <run_address>0xac38</run_address>
         <size>0xe</size>
         <input_file_ref idref="fl-5"/>
      </object_component>
      <object_component id="oc-51b">
         <name>.const:.string</name>
         <load_address>0xac46</load_address>
         <run_address>0xac46</run_address>
         <size>0xc</size>
         <input_file_ref idref="fl-c"/>
      </object_component>
      <object_component id="oc-6b7">
         <name>.const:.string:OK_STR</name>
         <load_address>0xac52</load_address>
         <run_address>0xac52</run_address>
         <size>0x3</size>
         <input_file_ref idref="fl-4"/>
      </object_component>
      <object_component id="oc-521">
         <name>.const:.string:$P$T1$8</name>
         <load_address>0xac56</load_address>
         <run_address>0xac56</run_address>
         <size>0x2</size>
         <input_file_ref idref="fl-3"/>
      </object_component>
      <object_component id="oc-88e">
         <name>.cio</name>
         <uninitialized>true</uninitialized>
         <run_address>0x2846</run_address>
         <size>0x120</size>
         <input_file_ref idref="fl-6d"/>
      </object_component>
      <object_component id="oc-8bc">
         <name>.binit</name>
         <load_address>0x8000</load_address>
         <run_address>0x8000</run_address>
         <size>0x0</size>
      </object_component>
      <object_component id="oc-74">
         <name>.int45</name>
         <load_address>0xffda</load_address>
         <run_address>0xffda</run_address>
         <size>0x2</size>
         <input_file_ref idref="fl-37"/>
      </object_component>
      <object_component id="oc-75">
         <name>.int46</name>
         <load_address>0xffdc</load_address>
         <run_address>0xffdc</run_address>
         <size>0x2</size>
         <input_file_ref idref="fl-38"/>
      </object_component>
      <object_component id="oc-76">
         <name>.int47</name>
         <load_address>0xffde</load_address>
         <run_address>0xffde</run_address>
         <size>0x2</size>
         <input_file_ref idref="fl-39"/>
      </object_component>
      <object_component id="oc-77">
         <name>.int48</name>
         <load_address>0xffe0</load_address>
         <run_address>0xffe0</run_address>
         <size>0x2</size>
         <input_file_ref idref="fl-3a"/>
      </object_component>
      <object_component id="oc-78">
         <name>.int49</name>
         <load_address>0xffe2</load_address>
         <run_address>0xffe2</run_address>
         <size>0x2</size>
         <input_file_ref idref="fl-3b"/>
      </object_component>
      <object_component id="oc-79">
         <name>.int50</name>
         <load_address>0xffe4</load_address>
         <run_address>0xffe4</run_address>
         <size>0x2</size>
         <input_file_ref idref="fl-3c"/>
      </object_component>
      <object_component id="oc-7a">
         <name>.int51</name>
         <load_address>0xffe6</load_address>
         <run_address>0xffe6</run_address>
         <size>0x2</size>
         <input_file_ref idref="fl-8"/>
      </object_component>
      <object_component id="oc-7b">
         <name>.int52</name>
         <load_address>0xffe8</load_address>
         <run_address>0xffe8</run_address>
         <size>0x2</size>
         <input_file_ref idref="fl-c"/>
      </object_component>
      <object_component id="oc-7c">
         <name>.int53</name>
         <load_address>0xffea</load_address>
         <run_address>0xffea</run_address>
         <size>0x2</size>
         <input_file_ref idref="fl-3d"/>
      </object_component>
      <object_component id="oc-7d">
         <name>.int54</name>
         <load_address>0xffec</load_address>
         <run_address>0xffec</run_address>
         <size>0x2</size>
         <input_file_ref idref="fl-3e"/>
      </object_component>
      <object_component id="oc-7e">
         <name>.int55</name>
         <load_address>0xffee</load_address>
         <run_address>0xffee</run_address>
         <size>0x2</size>
         <input_file_ref idref="fl-3f"/>
      </object_component>
      <object_component id="oc-7f">
         <name>.int56</name>
         <load_address>0xfff0</load_address>
         <run_address>0xfff0</run_address>
         <size>0x2</size>
         <input_file_ref idref="fl-40"/>
      </object_component>
      <object_component id="oc-80">
         <name>.int57</name>
         <load_address>0xfff2</load_address>
         <run_address>0xfff2</run_address>
         <size>0x2</size>
         <input_file_ref idref="fl-41"/>
      </object_component>
      <object_component id="oc-81">
         <name>.int58</name>
         <load_address>0xfff4</load_address>
         <run_address>0xfff4</run_address>
         <size>0x2</size>
         <input_file_ref idref="fl-42"/>
      </object_component>
      <object_component id="oc-82">
         <name>.int59</name>
         <load_address>0xfff6</load_address>
         <run_address>0xfff6</run_address>
         <size>0x2</size>
         <input_file_ref idref="fl-43"/>
      </object_component>
      <object_component id="oc-83">
         <name>.int60</name>
         <load_address>0xfff8</load_address>
         <run_address>0xfff8</run_address>
         <size>0x2</size>
         <input_file_ref idref="fl-44"/>
      </object_component>
      <object_component id="oc-84">
         <name>.int61</name>
         <load_address>0xfffa</load_address>
         <run_address>0xfffa</run_address>
         <size>0x2</size>
         <input_file_ref idref="fl-45"/>
      </object_component>
      <object_component id="oc-85">
         <name>.int62</name>
         <load_address>0xfffc</load_address>
         <run_address>0xfffc</run_address>
         <size>0x2</size>
         <input_file_ref idref="fl-46"/>
      </object_component>
      <object_component id="oc-390">
         <name>.reset</name>
         <load_address>0xfffe</load_address>
         <run_address>0xfffe</run_address>
         <size>0x2</size>
         <input_file_ref idref="fl-2e"/>
      </object_component>
      <object_component id="oc-5d0">
         <name>.debug_info</name>
         <load_address>0x0</load_address>
         <run_address>0x0</run_address>
         <size>0x261</size>
         <input_file_ref idref="fl-2"/>
      </object_component>
      <object_component id="oc-515">
         <name>.debug_info</name>
         <load_address>0x261</load_address>
         <run_address>0x261</run_address>
         <size>0x130</size>
         <input_file_ref idref="fl-2"/>
      </object_component>
      <object_component id="oc-537">
         <name>.debug_info</name>
         <load_address>0x391</load_address>
         <run_address>0x391</run_address>
         <size>0x101</size>
         <input_file_ref idref="fl-2"/>
      </object_component>
      <object_component id="oc-5f1">
         <name>.debug_info</name>
         <load_address>0x492</load_address>
         <run_address>0x492</run_address>
         <size>0x19f</size>
         <input_file_ref idref="fl-2"/>
      </object_component>
      <object_component id="oc-543">
         <name>.debug_info</name>
         <load_address>0x631</load_address>
         <run_address>0x631</run_address>
         <size>0x1a0</size>
         <input_file_ref idref="fl-2"/>
      </object_component>
      <object_component id="oc-5aa">
         <name>.debug_info</name>
         <load_address>0x7d1</load_address>
         <run_address>0x7d1</run_address>
         <size>0x110</size>
         <input_file_ref idref="fl-2"/>
      </object_component>
      <object_component id="oc-69a">
         <name>.debug_info</name>
         <load_address>0x8e1</load_address>
         <run_address>0x8e1</run_address>
         <size>0x9b</size>
         <input_file_ref idref="fl-2"/>
      </object_component>
      <object_component id="oc-39a">
         <name>.debug_info</name>
         <load_address>0x97c</load_address>
         <run_address>0x97c</run_address>
         <size>0x84</size>
         <input_file_ref idref="fl-2"/>
      </object_component>
      <object_component id="oc-687">
         <name>.debug_info</name>
         <load_address>0xa00</load_address>
         <run_address>0xa00</run_address>
         <size>0x2c</size>
         <input_file_ref idref="fl-2"/>
      </object_component>
      <object_component id="oc-54c">
         <name>.debug_info</name>
         <load_address>0xa2c</load_address>
         <run_address>0xa2c</run_address>
         <size>0x550</size>
         <input_file_ref idref="fl-3"/>
      </object_component>
      <object_component id="oc-5f8">
         <name>.debug_info</name>
         <load_address>0xf7c</load_address>
         <run_address>0xf7c</run_address>
         <size>0xc4</size>
         <input_file_ref idref="fl-3"/>
      </object_component>
      <object_component id="oc-522">
         <name>.debug_info</name>
         <load_address>0x1040</load_address>
         <run_address>0x1040</run_address>
         <size>0xc4</size>
         <input_file_ref idref="fl-3"/>
      </object_component>
      <object_component id="oc-6cf">
         <name>.debug_info</name>
         <load_address>0x1104</load_address>
         <run_address>0x1104</run_address>
[...]
      </symbol>
      <symbol id="sm-74c">
         <name>exit</name>
         <value>0x9d9a</value>
         <object_component_ref idref="oc-3d4"/>
      </symbol>
      <symbol id="sm-74d">
         <name>__TI_enable_exit_profile_output</name>
         <value>0x2840</value>
         <object_component_ref idref="oc-42f"/>
      </symbol>
      <symbol id="sm-75c">
         <name>__TI_dtors_ptr</name>
         <value>0x282c</value>
         <object_component_ref idref="oc-435"/>
      </symbol>
      <symbol id="sm-75d">
         <name>__TI_cleanup_ptr</name>
         <value>0x2828</value>
         <object_component_ref idref="oc-438"/>
      </symbol>
      <symbol id="sm-760">
         <name>__TI_int45</name>
         <value>0xffda</value>
         <object_component_ref idref="oc-74"/>
      </symbol>
      <symbol id="sm-763">
         <name>__TI_int46</name>
         <value>0xffdc</value>
         <object_component_ref idref="oc-75"/>
      </symbol>
      <symbol id="sm-766">
         <name>__TI_int47</name>
         <value>0xffde</value>
         <object_component_ref idref="oc-76"/>
      </symbol>
      <symbol id="sm-769">
         <name>__TI_int48</name>
         <value>0xffe0</value>
         <object_component_ref idref="oc-77"/>
      </symbol>
      <symbol id="sm-76c">
         <name>__TI_int49</name>
         <value>0xffe2</value>
         <object_component_ref idref="oc-78"/>
      </symbol>
      <symbol id="sm-76f">
         <name>__TI_int50</name>
         <value>0xffe4</value>
         <object_component_ref idref="oc-79"/>
      </symbol>
      <symbol id="sm-772">
         <name>__TI_int53</name>
         <value>0xffea</value>
         <object_component_ref idref="oc-7c"/>
      </symbol>
      <symbol id="sm-775">
         <name>__TI_int54</name>
         <value>0xffec</value>
         <object_component_ref idref="oc-7d"/>
      </symbol>
      <symbol id="sm-778">
         <name>__TI_int55</name>
         <value>0xffee</value>
         <object_component_ref idref="oc-7e"/>
      </symbol>
      <symbol id="sm-77b">
         <name>__TI_int56</name>
         <value>0xfff0</value>
         <object_component_ref idref="oc-7f"/>
      </symbol>
      <symbol id="sm-77e">
         <name>__TI_int57</name>
         <value>0xfff2</value>
         <object_component_ref idref="oc-80"/>
      </symbol>
      <symbol id="sm-781">
         <name>__TI_int58</name>
         <value>0xfff4</value>
         <object_component_ref idref="oc-81"/>
      </symbol>
      <symbol id="sm-784">
         <name>__TI_int59</name>
         <value>0xfff6</value>
         <object_component_ref idref="oc-82"/>
      </symbol>
      <symbol id="sm-787">
         <name>__TI_int60</name>
         <value>0xfff8</value>
         <object_component_ref idref="oc-83"/>
      </symbol>
      <symbol id="sm-78a">
         <name>__TI_int61</name>
         <value>0xfffa</value>
         <object_component_ref idref="oc-84"/>
      </symbol>
      <symbol id="sm-78d">
         <name>__TI_int62</name>
         <value>0xfffc</value>
         <object_component_ref idref="oc-85"/>
      </symbol>
      <symbol id="sm-795">
         <name>__TI_ISR_TRAP</name>
         <value>0xa93a</value>
         <object_component_ref idref="oc-3ab"/>
      </symbol>
      <symbol id="sm-79d">
         <name>__mspabi_slll_9</name>
         <value>0xa0c8</value>
         <object_component_ref idref="oc-69f"/>
      </symbol>
      <symbol id="sm-79e">
         <name>__mspabi_slll_8</name>
         <value>0xa0cc</value>
         <object_component_ref idref="oc-69f"/>
      </symbol>
      <symbol id="sm-79f">
         <name>__mspabi_slll_7</name>
         <value>0xa0d0</value>
         <object_component_ref idref="oc-69f"/>
      </symbol>
      <symbol id="sm-7a0">
         <name>__mspabi_slll_6</name>
         <value>0xa0d4</value>
         <object_component_ref idref="oc-69f"/>
      </symbol>
      <symbol id="sm-7a1">
         <name>__mspabi_slll_5</name>
         <value>0xa0d8</value>
         <object_component_ref idref="oc-69f"/>
      </symbol>
      <symbol id="sm-7a2">
         <name>__mspabi_slll_4</name>
         <value>0xa0dc</value>
         <object_component_ref idref="oc-69f"/>
      </symbol>
      <symbol id="sm-7a3">
         <name>__mspabi_slll_3</name>
         <value>0xa0e0</value>
         <object_component_ref idref="oc-69f"/>
      </symbol>
      <symbol id="sm-7a4">
         <name>__mspabi_slll_2</name>
         <value>0xa0e4</value>
         <object_component_ref idref="oc-69f"/>
      </symbol>
      <symbol id="sm-7a5">
         <name>__mspabi_slll_1</name>
         <value>0xa0e8</value>
         <object_component_ref idref="oc-69f"/>
      </symbol>
      <symbol id="sm-7a6">
         <name>__mspabi_slll_15</name>
         <value>0xa0b0</value>
         <object_component_ref idref="oc-69f"/>
      </symbol>
      <symbol id="sm-7a7">
         <name>__mspabi_slll_14</name>
         <value>0xa0b4</value>
         <object_component_ref idref="oc-69f"/>
      </symbol>
      <symbol id="sm-7a8">
         <name>__mspabi_slll_13</name>
         <value>0xa0b8</value>
         <object_component_ref idref="oc-69f"/>
      </symbol>
      <symbol id="sm-7a9">
         <name>__mspabi_slll_12</name>
         <value>0xa0bc</value>
         <object_component_ref idref="oc-69f"/>
      </symbol>
      <symbol id="sm-7aa">
         <name>__mspabi_slll_11</name>
         <value>0xa0c0</value>
         <object_component_ref idref="oc-69f"/>
      </symbol>
      <symbol id="sm-7ab">
         <name>__mspabi_slll_10</name>
         <value>0xa0c4</value>
         <object_component_ref idref="oc-69f"/>
      </symbol>
      <symbol id="sm-7bb">
         <name>__mspabi_srll_8</name>
         <value>0xa10a</value>
         <object_component_ref idref="oc-642"/>
      </symbol>
      <symbol id="sm-7bc">
         <name>__mspabi_srll_9</name>
         <value>0xa106</value>
         <object_component_ref idref="oc-642"/>
      </symbol>
      <symbol id="sm-7bd">
         <name>__mspabi_srll_6</name>
         <value>0xa112</value>
         <object_component_ref idref="oc-642"/>
      </symbol>
      <symbol id="sm-7be">
         <name>__mspabi_srll_7</name>
         <value>0xa10e</value>
         <object_component_ref idref="oc-642"/>
      </symbol>
      <symbol id="sm-7bf">
         <name>__mspabi_srll_4</name>
         <value>0xa11a</value>
         <object_component_ref idref="oc-642"/>
      </symbol>
      <symbol id="sm-7c0">
         <name>__mspabi_srll_5</name>
         <value>0xa116</value>
         <object_component_ref idref="oc-642"/>
      </symbol>
      <symbol id="sm-7c1">
         <name>__mspabi_srll_2</name>
         <value>0xa122</value>
         <object_component_ref idref="oc-642"/>
      </symbol>
      <symbol id="sm-7c2">
         <name>__mspabi_srll_3</name>
         <value>0xa11e</value>
         <object_component_ref idref="oc-642"/>
      </symbol>
      <symbol id="sm-7c3">
         <name>__mspabi_srll_1</name>
         <value>0xa126</value>
         <object_component_ref idref="oc-642"/>
      </symbol>
      <symbol id="sm-7c4">
         <name>__mspabi_srll_15</name>
         <value>0xa0ee</value>
         <object_component_ref idref="oc-642"/>
      </symbol>
      <symbol id="sm-7c5">
         <name>__mspabi_srll_14</name>
         <value>0xa0f2</value>
         <object_component_ref idref="oc-642"/>
      </symbol>
      <symbol id="sm-7c6">
         <name>__mspabi_srll_13</name>
         <value>0xa0f6</value>
         <object_component_ref idref="oc-642"/>
      </symbol>
      <symbol id="sm-7c7">
         <name>__mspabi_srll_12</name>
         <value>0xa0fa</value>
         <object_component_ref idref="oc-642"/>
      </symbol>
      <symbol id="sm-7c8">
         <name>__mspabi_srll_11</name>
         <value>0xa0fe</value>
         <object_component_ref idref="oc-642"/>
      </symbol>
      <symbol id="sm-7c9">
         <name>__mspabi_srll_10</name>
         <value>0xa102</value>
         <object_component_ref idref="oc-642"/>
      </symbol>
      <symbol id="sm-7ca">
         <name>__mspabi_srll</name>
         <value>0xa8ea</value>
         <object_component_ref idref="oc-777"/>
      </symbol>
      <symbol id="sm-7de">
         <name>memcpy</name>
         <value>0xa8d8</value>
         <object_component_ref idref="oc-479"/>
      </symbol>
      <symbol id="sm-7ec">
         <name>memset</name>
         <value>0xa8b2</value>
         <object_component_ref idref="oc-561"/>
      </symbol>
      <symbol id="sm-7f7">
         <name>__mspabi_mpyi_f5hw</name>
         <value>0xa818</value>
         <object_component_ref idref="oc-474"/>
      </symbol>
      <symbol id="sm-801">
         <name>__mspabi_mpyl_f5hw</name>
         <value>0xa642</value>
         <object_component_ref idref="oc-647"/>
      </symbol>
      <symbol id="sm-80b">
         <name>_system_pre_init</name>
         <value>0xa96a</value>
         <object_component_ref idref="oc-3c2"/>
      </symbol>
      <symbol id="sm-82e">
         <name>printf</name>
         <value>0x9f76</value>
         <object_component_ref idref="oc-50e"/>
      </symbol>
      <symbol id="sm-83d">
         <name>strchr</name>
         <value>0xa7ce</value>
         <object_component_ref idref="oc-759"/>
      </symbol>
      <symbol id="sm-850">
         <name>strstr</name>
         <value>0xa20c</value>
         <object_component_ref idref="oc-6ba"/>
      </symbol>
      <symbol id="sm-875">
         <name>strtoul</name>
         <value>0x8290</value>
         <object_component_ref idref="oc-75f"/>
      </symbol>
      <symbol id="sm-88b">
         <name>_nop</name>
         <value>0xa96e</value>
         <object_component_ref idref="oc-497"/>
      </symbol>
      <symbol id="sm-88c">
         <name>_lock</name>
         <value>0x2830</value>
         <object_component_ref idref="oc-432"/>
      </symbol>
      <symbol id="sm-88d">
         <name>_unlock</name>
         <value>0x2834</value>
         <object_component_ref idref="oc-43b"/>
      </symbol>
      <symbol id="sm-8d9">
         <name>__TI_printfi_minimal</name>
         <value>0x8ce8</value>
         <object_component_ref idref="oc-5c7"/>
      </symbol>
      <symbol id="sm-8fb">
         <name>_auto_init_hold_wdt</name>
         <value>0x914e</value>
         <object_component_ref idref="oc-3c8"/>
      </symbol>
      <symbol id="sm-912">
         <name>copy_in</name>
         <value>0x8f52</value>
         <object_component_ref idref="oc-41a"/>
      </symbol>
      <symbol id="sm-91c">
         <name>_ctypes_</name>
         <value>0xaa82</value>
         <object_component_ref idref="oc-7af"/>
      </symbol>
      <symbol id="sm-92c">
         <name>__TI_tmpnams</name>
         <value>0x23ec</value>
      </symbol>
      <symbol id="sm-92d">
         <name>_ftable</name>
         <value>0x2788</value>
         <object_component_ref idref="oc-5b8"/>
      </symbol>
      <symbol id="sm-92e">
         <name>__TI_ft_end</name>
         <value>0x283c</value>
         <object_component_ref idref="oc-816"/>
      </symbol>
      <symbol id="sm-938">
         <name>__mspabi_remu</name>
         <value>0xa85e</value>
         <object_component_ref idref="oc-79a"/>
      </symbol>
      <symbol id="sm-939">
         <name>__mspabi_divu</name>
         <value>0xa85e</value>
         <object_component_ref idref="oc-79a"/>
      </symbol>
      <symbol id="sm-940">
         <name>errno</name>
         <value>0x283e</value>
         <object_component_ref idref="oc-7b2"/>
      </symbol>
      <symbol id="sm-953">
         <name>putc</name>
         <value>0x9274</value>
         <object_component_ref idref="oc-672"/>
      </symbol>
      <symbol id="sm-954">
         <name>fputc</name>
         <value>0x9274</value>
         <object_component_ref idref="oc-672"/>
      </symbol>
      <symbol id="sm-96c">
         <name>fputs</name>
         <value>0x8b2c</value>
         <object_component_ref idref="oc-66b"/>
      </symbol>
      <symbol id="sm-9c2">
         <name>lseek</name>
         <value>0xa5b0</value>
         <object_component_ref idref="oc-7bb"/>
      </symbol>
      <symbol id="sm-9c3">
         <name>write</name>
         <value>0xa666</value>
         <object_component_ref idref="oc-71b"/>
      </symbol>
      <symbol id="sm-9c4">
         <name>close</name>
         <value>0x9c2c</value>
         <object_component_ref idref="oc-84f"/>
      </symbol>
      <symbol id="sm-9c5">
         <name>unlink</name>
         <value>0xa53a</value>
         <object_component_ref idref="oc-856"/>
      </symbol>
      <symbol id="sm-9d4">
         <name>memccpy</name>
         <value>0xa780</value>
         <object_component_ref idref="oc-72e"/>
      </symbol>
      <symbol id="sm-9e3">
         <name>memchr</name>
         <value>0xa89e</value>
         <object_component_ref idref="oc-70f"/>
      </symbol>
      <symbol id="sm-9ec">
         <name>_system_post_cinit</name>
         <value>0xa970</value>
         <object_component_ref idref="oc-420"/>
      </symbol>
      <symbol id="sm-9fa">
         <name>strcmp</name>
         <value>0xa830</value>
         <object_component_ref idref="oc-8ae"/>
      </symbol>
      <symbol id="sm-a07">
         <name>strlen</name>
         <value>0xa90a</value>
         <object_component_ref idref="oc-679"/>
      </symbol>
      <symbol id="sm-a17">
         <name>strncpy</name>
         <value>0xa4e4</value>
         <object_component_ref idref="oc-899"/>
      </symbol>
      <symbol id="sm-a56">
         <name>HOSTrename</name>
         <value>0x9702</value>
         <object_component_ref idref="oc-840"/>
      </symbol>
      <symbol id="sm-a57">
         <name>HOSTclose</name>
         <value>0x9de2</value>
         <object_component_ref idref="oc-822"/>
      </symbol>
      <symbol id="sm-a58">
         <name>HOSTunlink</name>
         <value>0x9eb2</value>
         <object_component_ref idref="oc-83a"/>
      </symbol>
      <symbol id="sm-a59">
         <name>HOSTlseek</name>
         <value>0x90b2</value>
         <object_component_ref idref="oc-834"/>
      </symbol>
      <symbol id="sm-a5a">
         <name>HOSTopen</name>
         <value>0x983e</value>
         <object_component_ref idref="oc-81c"/>
      </symbol>
      <symbol id="sm-a5b">
         <name>HOSTwrite</name>
         <value>0x9968</value>
         <object_component_ref idref="oc-82e"/>
      </symbol>
      <symbol id="sm-a5c">
         <name>HOSTread</name>
         <value>0x99c8</value>
         <object_component_ref idref="oc-828"/>
      </symbol>
      <symbol id="sm-a7a">
         <name>__TI_readmsg</name>
         <value>0xa48c</value>
         <object_component_ref idref="oc-869"/>
      </symbol>
      <symbol id="sm-a7b">
         <name>C$$IO$$</name>
         <value>0xa400</value>
         <object_component_ref idref="oc-863"/>
      </symbol>
      <symbol id="sm-a7c">
         <name>_CIOBUF_</name>
         <value>0x2846</value>
         <object_component_ref idref="oc-88e"/>
      </symbol>
      <symbol id="sm-a7d">
         <name>__TI_writemsg</name>
         <value>0xa3d6</value>
         <object_component_ref idref="oc-863"/>
      </symbol>
      <symbol id="sm-a95">
         <name>__TI_wrt_ok</name>
         <value>0x9598</value>
         <object_component_ref idref="oc-709"/>
      </symbol>
      <symbol id="sm-a9d">
         <name>__mspabi_sral_15</name>
         <value>0xa072</value>
         <object_component_ref idref="oc-874"/>
      </symbol>
      <symbol id="sm-a9e">
         <name>__mspabi_sral_14</name>
         <value>0xa076</value>
         <object_component_ref idref="oc-874"/>
      </symbol>
      <symbol id="sm-a9f">
         <name>__mspabi_sral_13</name>
         <value>0xa07a</value>
         <object_component_ref idref="oc-874"/>
      </symbol>
      <symbol id="sm-aa0">
         <name>__mspabi_sral_12</name>
         <value>0xa07e</value>
         <object_component_ref idref="oc-874"/>
      </symbol>
      <symbol id="sm-aa1">
         <name>__mspabi_sral_11</name>
         <value>0xa082</value>
         <object_component_ref idref="oc-874"/>
      </symbol>
      <symbol id="sm-aa2">
         <name>__mspabi_sral_10</name>
         <value>0xa086</value>
         <object_component_ref idref="oc-874"/>
      </symbol>
      <symbol id="sm-aa3">
         <name>__mspabi_sral_8</name>
         <value>0xa08e</value>
         <object_component_ref idref="oc-874"/>
      </symbol>
      <symbol id="sm-aa4">
         <name>__mspabi_sral_9</name>
         <value>0xa08a</value>
         <object_component_ref idref="oc-874"/>
      </symbol>
      <symbol id="sm-aa5">
         <name>__mspabi_sral_6</name>
         <value>0xa096</value>
         <object_component_ref idref="oc-874"/>
      </symbol>
      <symbol id="sm-aa6">
         <name>__mspabi_sral_7</name>
         <value>0xa092</value>
         <object_component_ref idref="oc-874"/>
      </symbol>
      <symbol id="sm-aa7">
         <name>__mspabi_sral_4</name>
         <value>0xa09e</value>
         <object_component_ref idref="oc-874"/>
      </symbol>
      <symbol id="sm-aa8">
         <name>__mspabi_sral_5</name>
         <value>0xa09a</value>
         <object_component_ref idref="oc-874"/>
      </symbol>
      <symbol id="sm-aa9">
         <name>__mspabi_sral_2</name>
         <value>0xa0a6</value>
         <object_component_ref idref="oc-874"/>
      </symbol>
      <symbol id="sm-aaa">
         <name>__mspabi_sral_3</name>
         <value>0xa0a2</value>
         <object_component_ref idref="oc-874"/>
      </symbol>
      <symbol id="sm-aab">
         <name>__mspabi_sral_1</name>
         <value>0xa0aa</value>
         <object_component_ref idref="oc-874"/>
      </symbol>
      <symbol id="sm-abc">
         <name>__TI_doflush</name>
         <value>0x9906</value>
         <object_component_ref idref="oc-715"/>
      </symbol>
      <symbol id="sm-acc">
         <name>fseek</name>
         <value>0x976c</value>
         <object_component_ref idref="oc-77d"/>
      </symbol>
      <symbol id="sm-ae4">
         <name>setvbuf</name>
         <value>0x8dc2</value>
         <object_component_ref idref="oc-783"/>
      </symbol>
      <symbol id="sm-af1">
         <name>strcpy</name>
         <value>0xa8fa</value>
         <object_component_ref idref="oc-87b"/>
      </symbol>
      <symbol id="sm-afd">
         <name>__TI_cleanup</name>
         <value>0xa346</value>
         <object_component_ref idref="oc-7cf"/>
      </symbol>
      <symbol id="sm-b4e">
         <name>_sys_memory</name>
         <value>0x25d0</value>
         <object_component_ref idref="oc-391"/>
      </symbol>
      <symbol id="sm-b4f">
         <name>free</name>
         <value>0x9518</value>
         <object_component_ref idref="oc-7c3"/>
      </symbol>
      <symbol id="sm-b50">
         <name>malloc</name>
         <value>0x9004</value>
         <object_component_ref idref="oc-7c9"/>
      </symbol>
      <symbol id="sm-b51">
         <name>minit</name>
         <value>0xa168</value>
         <object_component_ref idref="oc-809"/>
      </symbol>
      <symbol id="sm-b62">
         <name>__TI_closefile</name>
         <value>0x97d6</value>
         <object_component_ref idref="oc-810"/>
      </symbol>
      <symbol id="sm-b65">
         <name>__TI_BINIT_Base</name>
         <value>0x0</value>
      </symbol>
      <symbol id="sm-b66">
         <name>__TI_BINIT_Limit</name>
         <value>0x0</value>
      </symbol>
      <symbol id="sm-b67">
         <name>__TI_INITARRAY_Base</name>
         <value>0x0</value>
      </symbol>
      <symbol id="sm-b68">
         <name>__TI_INITARRAY_Limit</name>
         <value>0x0</value>
      </symbol>
      <symbol id="sm-b69">
         <name>remove</name>
         <value>0xa53a</value>
      </symbol>
   </symbol_table>
   <title>Link successful</title>
</link_info>
