******************************************************************************
                  MSP430 Linker PC v16.9.0                     
******************************************************************************
>> Linked Tue Jul 25 12:57:03 2017

OUTPUT FILE NAME:   <GSMG.out>
ENTRY POINT SYMBOL: "_c_int00_noargs"  address: 0000a748


MEMORY CONFIGURATION

         name            origin    length      used     unused   attr    fill
----------------------  --------  ---------  --------  --------  ----  --------
  SFR                   00000000   00000010  00000000  00000010  RWIX
  PERIPHERALS_8BIT      00000010   000000f0  00000000  000000f0  RWIX
  PERIPHERALS_16BIT     00000100   00000100  00000000  00000100  RWIX
  INFOD                 00001800   00000080  00000000  00000080  RWIX
  INFOC                 00001880   00000080  00000000  00000080  RWIX
  INFOB                 00001900   00000080  00000000  00000080  RWIX
  INFOA                 00001980   00000080  00000000  00000080  RWIX
  RAM                   00001c00   00000ffe  00000db4  0000024a  RWIX
  FLASH                 00008000   00007f80  00002ccc  000052b4  RWIX
  INT00                 0000ff80   00000002  00000000  00000002  RWIX
  INT01                 0000ff82   00000002  00000000  00000002  RWIX
  INT02                 0000ff84   00000002  00000000  00000002  RWIX
  INT03                 0000ff86   00000002  00000000  00000002  RWIX
  INT04                 0000ff88   00000002  00000000  00000002  RWIX
  INT05                 0000ff8a   00000002  00000000  00000002  RWIX
  INT06                 0000ff8c   00000002  00000000  00000002  RWIX
  INT07                 0000ff8e   00000002  00000000  00000002  RWIX
  INT08                 0000ff90   00000002  00000000  00000002  RWIX
  INT09                 0000ff92   00000002  00000000  00000002  RWIX
  INT10                 0000ff94   00000002  00000000  00000002  RWIX
  INT11                 0000ff96   00000002  00000000  00000002  RWIX
  INT12                 0000ff98   00000002  00000000  00000002  RWIX
  INT13                 0000ff9a   00000002  00000000  00000002  RWIX
  INT14                 0000ff9c   00000002  00000000  00000002  RWIX
  INT15                 0000ff9e   00000002  00000000  00000002  RWIX
  INT16                 0000ffa0   00000002  00000000  00000002  RWIX
  INT17                 0000ffa2   00000002  00000000  00000002  RWIX
  INT18                 0000ffa4   00000002  00000000  00000002  RWIX
  INT19                 0000ffa6   00000002  00000000  00000002  RWIX
  INT20                 0000ffa8   00000002  00000000  00000002  RWIX
  INT21                 0000ffaa   00000002  00000000  00000002  RWIX
  INT22                 0000ffac   00000002  00000000  00000002  RWIX
  INT23                 0000ffae   00000002  00000000  00000002  RWIX
  INT24                 0000ffb0   00000002  00000000  00000002  RWIX
  INT25                 0000ffb2   00000002  00000000  00000002  RWIX
  INT26                 0000ffb4   00000002  00000000  00000002  RWIX
  INT27                 0000ffb6   00000002  00000000  00000002  RWIX
  INT28                 0000ffb8   00000002  00000000  00000002  RWIX
  INT29                 0000ffba   00000002  00000000  00000002  RWIX
  INT30                 0000ffbc   00000002  00000000  00000002  RWIX
  INT31                 0000ffbe   00000002  00000000  00000002  RWIX
  INT32                 0000ffc0   00000002  00000000  00000002  RWIX
  INT33                 0000ffc2   00000002  00000000  00000002  RWIX
  INT34                 0000ffc4   00000002  00000000  00000002  RWIX
  INT35                 0000ffc6   00000002  00000000  00000002  RWIX
  INT36                 0000ffc8   00000002  00000000  00000002  RWIX
  INT37                 0000ffca   00000002  00000000  00000002  RWIX
  INT38                 0000ffcc   00000002  00000000  00000002  RWIX
  INT39                 0000ffce   00000002  00000000  00000002  RWIX
  INT40                 0000ffd0   00000002  00000000  00000002  RWIX
  INT41                 0000ffd2   00000002  00000000  00000002  RWIX
  INT42                 0000ffd4   00000002  00000000  00000002  RWIX
  INT43                 0000ffd6   00000002  00000000  00000002  RWIX
  INT44                 0000ffd8   00000002  00000000  00000002  RWIX
  INT45                 0000ffda   00000002  00000002  00000000  RWIX
  INT46                 0000ffdc   00000002  00000002  00000000  RWIX
  INT47                 0000ffde   00000002  00000002  00000000  RWIX
  INT48                 0000ffe0   00000002  00000002  00000000  RWIX
  INT49                 0000ffe2   00000002  00000002  00000000  RWIX
  INT50                 0000ffe4   00000002  00000002  00000000  RWIX
  INT51                 0000ffe6   00000002  00000002  00000000  RWIX
  INT52                 0000ffe8   00000002  00000002  00000000  RWIX
  INT53                 0000ffea   00000002  00000002  00000000  RWIX
  INT54                 0000ffec   00000002  00000002  00000000  RWIX
  INT55                 0000ffee   00000002  00000002  00000000  RWIX
  INT56                 0000fff0   00000002  00000002  00000000  RWIX
  INT57                 0000fff2   00000002  00000002  00000000  RWIX
  INT58                 0000fff4   00000002  00000002  00000000  RWIX
  INT59                 0000fff6   00000002  00000002  00000000  RWIX
  INT60                 0000fff8   00000002  00000002  00000000  RWIX
  INT61                 0000fffa   00000002  00000002  00000000  RWIX
  INT62                 0000fffc   00000002  00000002  00000000  RWIX
  RESET                 0000fffe   00000002  00000002  00000000  RWIX


SECTION ALLOCATION MAP

 output                                  attributes/
section   page    origin      length       input sections
--------  ----  ----------  ----------   ----------------
.bss       0    00001c00    000009cf     UNINITIALIZED
                  00001c00    0000020e     cc430x613x_dma_05.obj (.bss:TxBuff$1)
                  00001e0e    0000020e     (.common:KeepTestData1)
                  0000201c    0000020e     (.common:TestData1)
                  0000222a    000001c2     (.common:ulifo)
                  000023ec    000000a0     (.common:__TI_tmpnams)
                  0000248c    00000064     (.common:RcvBuff)
                  000024f0    0000003a     (.common:SPI_RX_Buff0)
                  0000252a    0000003a     (.common:SRcvBuff)
                  00002564    0000001e     bufferspi.obj (.bss:Ans$2)
                  00002582    0000000c     (.common:uState)
                  0000258e    00000008     rts430x_lc_sd_eabi.lib : trgdrv.obj (.bss:parmbuf)
                  00002596    00000006                            : memory.obj (.bss)
                  0000259c    00000004     atcommands.obj (.bss)
                  000025a0    00000002     bufferspi.obj (.bss)
                  000025a2    00000002     (.common:LHead)
                  000025a4    00000002     (.common:LLastHead)
                  000025a6    00000002     (.common:LastHead)
                  000025a8    00000002     (.common:SBuffSize)
                  000025aa    00000002     (.common:SHead)
                  000025ac    00000002     (.common:STail)
                  000025ae    00000002     (.common:cardSize)
                  000025b0    00000002     (.common:cursector)
                  000025b2    00000002     (.common:rlen)
                  000025b4    00000002     (.common:sd_data)
                  000025b6    00000002     (.common:serial)
                  000025b8    00000002     (.common:spi_rcv_cnt)
                  000025ba    00000002     (.common:spitimer)
                  000025bc    00000002     (.common:t1)
                  000025be    00000002     (.common:timerreload)
                  000025c0    00000002     (.common:used_len)
                  000025c2    00000001     (.common:Fill_lifo_data)
                  000025c3    00000001     (.common:MST_Data)
                  000025c4    00000001     (.common:SLV_Data)
                  000025c5    00000001     (.common:auth_flag)
                  000025c6    00000001     (.common:bcl)
                  000025c7    00000001     (.common:fl_sl)
                  000025c8    00000001     (.common:reload)
                  000025c9    00000001     (.common:restart)
                  000025ca    00000001     (.common:send_enabled)
                  000025cb    00000001     (.common:spi_bitbang_in_data)
                  000025cc    00000001     (.common:spi_dma_rxbuf_flag)
                  000025cd    00000001     (.common:spilen)
                  000025ce    00000001     (.common:tx_enable)

.sysmem    0    000025d0    00000140     UNINITIALIZED
                  000025d0    00000004     rts430x_lc_sd_eabi.lib : memory.obj (.sysmem)
                  000025d4    0000013c     --HOLE--

.data      0    00002710    00000135     UNINITIALIZED
                  00002710    00000078     rts430x_lc_sd_eabi.lib : lowlev.obj (.data:_device)
                  00002788    00000078                            : defs.obj (.data:_ftable)
                  00002800    00000028                            : lowlev.obj (.data:_stream)
                  00002828    00000004                            : exit_gvars.obj (.data:__TI_cleanup_ptr)
                  0000282c    00000004                            : exit_gvars.obj (.data:__TI_dtors_ptr)
                  00002830    00000004                            : _lock.obj (.data:_lock)
                  00002834    00000004                            : _lock.obj (.data:_unlock)
                  00002838    00000004     atcommands.obj (.data)
                  0000283c    00000002     rts430x_lc_sd_eabi.lib : defs.obj (.data)
                  0000283e    00000002                            : errno.obj (.data)
                  00002840    00000002                            : exit.obj (.data)
                  00002842    00000002                            : memory.obj (.data)
                  00002844    00000001     spi.obj (.data)

.cio       0    00002846    00000120     UNINITIALIZED
                  00002846    00000120     rts430x_lc_sd_eabi.lib : trgmsg.obj (.cio)

.stack     0    00002bac    00000050     UNINITIALIZED
                  00002bac    00000002     rts430x_lc_sd_eabi.lib : boot.obj (.stack)
                  00002bae    0000004e     --HOLE--

.text      0    00008000    00002974     
                  00008000    00000290     atcommands.obj (.text:ReloadModem)
                  00008290    00000194     rts430x_lc_sd_eabi.lib : strtoul.obj (.text:strtoul)
                  00008424    0000018e     mmc.obj (.text:mmcReadCardSize)
                  000085b2    0000015a     bufferspi.obj (.text:SParseBuffer)
                  0000870c    0000013a     atcommands.obj (.text:SendData)
                  00008846    0000010e     rts430x_lc_sd_eabi.lib : _printfi_min.obj (.text:_setfield)
                  00008954    000000ee                            : copy_decompress_lzss.obj (.text:decompress:lzss:__TI_decompress_lzss)
                  00008a42    000000ea     buffer.obj (.text:ParseBuffer)
                  00008b2c    000000de     rts430x_lc_sd_eabi.lib : fputs.obj (.text:fputs)
                  00008c0a    000000de     atcommands.obj (.text:my_sprintf)
                  00008ce8    000000da     rts430x_lc_sd_eabi.lib : _printfi_min.obj (.text:__TI_printfi_minimal)
                  00008dc2    000000cc                            : setvbuf.obj (.text:setvbuf)
                  00008e8e    000000c4                            : _printfi_min.obj (.text:_pproc_diouxp)
                  00008f52    000000b2                            : cpy_tbl.obj (.text:copy_in)
                  00009004    000000ae                            : memory.obj (.text:malloc)
                  000090b2    0000009c                            : trgdrv.obj (.text:HOSTlseek)
                  0000914e    00000096                            : autoinit_wdt.obj (.text:_auto_init_hold_wdt)
                  000091e4    00000090     spi.obj (.text:spi_init)
                  00009274    0000008c     rts430x_lc_sd_eabi.lib : fputc.obj (.text:fputc)
                  00009300    0000008a     Lifo.obj (.text:Lifo_Get)
                  0000938a    0000008a     sdcard.obj (.text:sdcard_init)
                  00009414    00000082     cc430x613x_dma_05.obj (.text:dma_init)
                  00009496    00000082     ustate.obj (.text:uStateInit)
                  00009518    00000080     rts430x_lc_sd_eabi.lib : memory.obj (.text:free)
                  00009598    0000007a                            : _io_perm.obj (.text:__TI_wrt_ok)
                  00009612    00000078     mmc.obj (.text:mmcReadBlock)
                  0000968a    00000078     mmc.obj (.text:mmcWriteBlock)
                  00009702    0000006a     rts430x_lc_sd_eabi.lib : trgdrv.obj (.text:HOSTrename)
                  0000976c    0000006a                            : fseek.obj (.text:fseek)
                  000097d6    00000068                            : fclose.obj (.text:__TI_closefile)
                  0000983e    00000064                            : trgdrv.obj (.text:HOSTopen)
                  000098a2    00000064     mmc.obj (.text:mmcGoIdle)
                  00009906    00000062     rts430x_lc_sd_eabi.lib : fflush.obj (.text:__TI_doflush)
                  00009968    00000060                            : trgdrv.obj (.text:HOSTwrite)
                  000099c8    0000005e                            : trgdrv.obj (.text:HOSTread)
                  00009a26    0000005e     mmc.obj (.text:mmcCheckBusy)
                  00009a84    0000005a     Lifo.obj (.text:Lifo_Add)
                  00009ade    00000058     rts430x_lc_sd_eabi.lib : div32u.obj (.text)
                  00009b36    00000056     atcommands.obj (.text:modem_reset_r)
                  00009b8c    00000054     rts430x_lc_sd_eabi.lib : lowlev.obj (.text:getdevice)
                  00009be0    0000004c     Lifo.obj (.text:UseLifo)
                  00009c2c    0000004a     rts430x_lc_sd_eabi.lib : lowlev.obj (.text:close)
                  00009c76    0000004a     mmc.obj (.text:mmcSendCmd)
                  00009cc0    0000004a     mmc.obj (.text:mmcSetBlockLength)
                  00009d0a    00000048     sdcard.obj (.text:AddSdCard)
                  00009d52    00000048     sdcard.obj (.text:GetSdCard)
                  00009d9a    00000048     rts430x_lc_sd_eabi.lib : exit.obj (.text:exit)
                  00009de2    00000046                            : trgdrv.obj (.text:HOSTclose)
                  00009e28    00000046     mmc.obj (.text:mmcInit)
                  00009e6e    00000044     hal_SPI.obj (.text:spi_bitbang_inout)
                  00009eb2    00000042     rts430x_lc_sd_eabi.lib : trgdrv.obj (.text:HOSTunlink)
                  00009ef4    00000042     spi.obj (.text:_isr:DMA_ISR)
                  00009f36    00000040     rts430x_lc_sd_eabi.lib : cpy_util.obj (.text:__memcpy_far)
                  00009f76    00000040                            : printf.obj (.text:printf)
                  00009fb6    00000040     spi.obj (.text:spi_task)
                  00009ff6    0000003e     rts430x_lc_sd_eabi.lib : copy_zero_init.obj (.text:decompress:ZI:__TI_zero_init)
                  0000a034    0000003e     cc430x613x_dma_05.obj (.text:dma_rcv)
                  0000a072    0000003e     rts430x_lc_sd_eabi.lib : asr32.obj (.text:l_asr_const)
                  0000a0b0    0000003e                            : lsl32.obj (.text:l_lsl_const)
                  0000a0ee    0000003e                            : lsr32.obj (.text:l_lsr_const)
                  0000a12c    0000003c                            : copy_decompress_none.obj (.text:decompress:none:__TI_decompress_none)
                  0000a168    00000038                            : memory.obj (.text:minit)
                  0000a1a0    00000036     sdcard.obj (.text:AddSdCardBase)
                  0000a1d6    00000036     bufferspi.obj (.text:SBGet)
                  0000a20c    00000036     rts430x_lc_sd_eabi.lib : strstr.obj (.text:strstr)
                  0000a242    00000034     sdcard.obj (.text:GetSdCardBase)
                  0000a276    00000034     main.obj (.text:_isr:TIMER1_A0_ISR)
                  0000a2aa    00000034     cc430x613x_dma_05.obj (.text:dma_send)
                  0000a2de    00000034     main.obj (.text:led_toggle)
                  0000a312    00000034     hal_SPI.obj (.text:spiSendFrame)
                  0000a346    00000032     rts430x_lc_sd_eabi.lib : fopen.obj (.text:__TI_cleanup)
                  0000a378    00000030     hal_SPI.obj (.text:spiReadFrame)
                  0000a3a8    0000002e     main.obj (.text:PortsInit)
                  0000a3d6    0000002e     rts430x_lc_sd_eabi.lib : trgmsg.obj (.text:__TI_writemsg)
                  0000a404    0000002e                            : lowlev.obj (.text:finddevice)
                  0000a432    0000002e     main.obj (.text:params_init)
                  0000a460    0000002c     spi.obj (.text:CheckCrc)
                  0000a48c    0000002c     rts430x_lc_sd_eabi.lib : trgmsg.obj (.text:__TI_readmsg)
                  0000a4b8    0000002c     main.obj (.text:init)
                  0000a4e4    0000002c     rts430x_lc_sd_eabi.lib : strncpy.obj (.text:strncpy)
                  0000a510    0000002a     atcommands.obj (.text:modem_down)
                  0000a53a    0000002a     rts430x_lc_sd_eabi.lib : lowlev.obj (.text:unlink)
                  0000a564    00000026     bufferspi.obj (.text:SBAdd)
                  0000a58a    00000026     bufferspi.obj (.text:SBInit)
                  0000a5b0    00000026     rts430x_lc_sd_eabi.lib : lowlev.obj (.text:lseek)
                  0000a5d6    00000024     Lifo.obj (.text:Lifo_Used)
                  0000a5fa    00000024     main.obj (.text:int_init)
                  0000a61e    00000024     mmc.obj (.text:mmcGetResponse)
                  0000a642    00000024     rts430x_lc_sd_eabi.lib : mult32_f5hw.obj (.text)
                  0000a666    00000024                            : lowlev.obj (.text:write)
                  0000a68a    00000022     mmc.obj (.text:mmcGetXXResponse)
                  0000a6ac    00000020     atcommands.obj (.text:data_commandT1)
                  0000a6cc    00000020     cc430x613x_dma_05.obj (.text:set_uart_9600)
                  0000a6ec    00000020     main.obj (.text:wait_ms)
                  0000a70c    0000001e     cc430x613x_dma_05.obj (.text:set_uart_57600)
                  0000a72a    0000001e     spi.obj (.text:spi_dma_rcv)
                  0000a748    0000001c     rts430x_lc_sd_eabi.lib : boot_special.obj (.text:_isr:_c_int00_noargs)
                  0000a764    0000001c     buffer.obj (.text:findchar)
                  0000a780    0000001a     rts430x_lc_sd_eabi.lib : memccpy.obj (.text:memccpy)
                  0000a79a    0000001a     buffer.obj (.text:parse_bcl)
                  0000a7b4    0000001a     spi.obj (.text:spi_clear_buff)
                  0000a7ce    0000001a     rts430x_lc_sd_eabi.lib : strchr.obj (.text:strchr)
                  0000a7e8    00000018     bufferspi.obj (.text:Modify)
                  0000a800    00000018     bufferspi.obj (.text:SBUsed)
                  0000a818    00000018     rts430x_lc_sd_eabi.lib : mult16_f5hw.obj (.text)
                  0000a830    00000018                            : strcmp.obj (.text:strcmp)
                  0000a848    00000016     buffer.obj (.text:BInit)
                  0000a85e    00000016     rts430x_lc_sd_eabi.lib : div16u.obj (.text)
                  0000a874    00000016     ustate.obj (.text:uStateKeep)
                  0000a88a    00000014     main.obj (.text:leds_init)
                  0000a89e    00000014     rts430x_lc_sd_eabi.lib : memchr.obj (.text:memchr)
                  0000a8b2    00000014                            : memset.obj (.text:memset)
                  0000a8c6    00000012     main.obj (.text:main)
                  0000a8d8    00000012     rts430x_lc_sd_eabi.lib : memcpy.obj (.text:memcpy)
                  0000a8ea    00000010                            : lsr32.obj (.text:l_lsr)
                  0000a8fa    00000010                            : strcpy.obj (.text:strcpy)
                  0000a90a    0000000e                            : strlen.obj (.text:strlen)
                  0000a918    0000000e     main.obj (.text:wd_reset)
                  0000a926    0000000a     main.obj (.text:key_pressed)
                  0000a930    0000000a     hal_SPI.obj (.text:spiSendByte)
                  0000a93a    00000008     rts430x_lc_sd_eabi.lib : isr_trap.obj (.text:_isr:__TI_ISR_TRAP)
                  0000a942    00000008     main.obj (.text:leds_off)
                  0000a94a    00000008     main.obj (.text:leds_on)
                  0000a952    00000008     atcommands.obj (.text:modem_send_dataT1)
                  0000a95a    00000006     rts430x_lc_sd_eabi.lib : printf.obj (.text:_outc)
                  0000a960    00000006                            : exit.obj (.text:abort)
                  0000a966    00000004                            : printf.obj (.text:_outs)
                  0000a96a    00000004                            : pre_init.obj (.text:_system_pre_init)
                  0000a96e    00000002                            : _lock.obj (.text:_nop)
                  0000a970    00000002                            : startup.obj (.text:_system_post_cinit)
                  0000a972    00000002     hal_SPI.obj (.text:halSPISetup)

.binit     0    00008000    00000000     

.const     0    0000a974    000002e4     
                  0000a974    0000010e     atcommands.obj (.const:.string)
                  0000aa82    00000101     rts430x_lc_sd_eabi.lib : ctype.obj (.const:.string:_ctypes_)
                  0000ab83    00000001     --HOLE-- [fill = 0]
                  0000ab84    0000004e     sdcard.obj (.const:.string)
                  0000abd2    0000002a     ustate.obj (.const:.string)
                  0000abfc    00000017     atcommands.obj (.const:.string:$P$T0$3)
                  0000ac13    00000001     --HOLE-- [fill = 0]
                  0000ac14    00000014     rts430x_lc_sd_eabi.lib : _printfi_min.obj (.const:.string)
                  0000ac28    00000010     buffer.obj (.const:.string)
                  0000ac38    0000000e     bufferspi.obj (.const:.string)
                  0000ac46    0000000c     spi.obj (.const:.string)
                  0000ac52    00000003     buffer.obj (.const:.string:OK_STR)
                  0000ac55    00000001     --HOLE-- [fill = 0]
                  0000ac56    00000002     atcommands.obj (.const:.string:$P$T1$8)

.cinit     0    0000ac58    00000074     
                  0000ac58    00000051     (.cinit..data.load) [load image, compression = lzss]
                  0000aca9    00000001     --HOLE-- [fill = 0]
                  0000acaa    0000000c     (__TI_handler_table)
                  0000acb6    00000006     (.cinit..bss.load) [load image, compression = zero_init]
                  0000acbc    00000010     (__TI_cinit_table)

.init_array 
*          0    00008000    00000000     UNINITIALIZED

AES        0    0000ffda    00000002     
                  0000ffda    00000002     rts430x_lc_sd_eabi.lib : int45.obj (.int45)

RTC        0    0000ffdc    00000002     
                  0000ffdc    00000002     rts430x_lc_sd_eabi.lib : int46.obj (.int46)

LCD_B      0    0000ffde    00000002     
                  0000ffde    00000002     rts430x_lc_sd_eabi.lib : int47.obj (.int47)

PORT2      0    0000ffe0    00000002     
                  0000ffe0    00000002     rts430x_lc_sd_eabi.lib : int48.obj (.int48)

PORT1      0    0000ffe2    00000002     
                  0000ffe2    00000002     rts430x_lc_sd_eabi.lib : int49.obj (.int49)

TIMER1_A1 
*          0    0000ffe4    00000002     
                  0000ffe4    00000002     rts430x_lc_sd_eabi.lib : int50.obj (.int50)

TIMER1_A0 
*          0    0000ffe6    00000002     
                  0000ffe6    00000002     main.obj (.int51)

DMA        0    0000ffe8    00000002     
                  0000ffe8    00000002     spi.obj (.int52)

CC1101     0    0000ffea    00000002     
                  0000ffea    00000002     rts430x_lc_sd_eabi.lib : int53.obj (.int53)

TIMER0_A1 
*          0    0000ffec    00000002     
                  0000ffec    00000002     rts430x_lc_sd_eabi.lib : int54.obj (.int54)

TIMER0_A0 
*          0    0000ffee    00000002     
                  0000ffee    00000002     rts430x_lc_sd_eabi.lib : int55.obj (.int55)

ADC12      0    0000fff0    00000002     
                  0000fff0    00000002     rts430x_lc_sd_eabi.lib : int56.obj (.int56)

USCI_B0    0    0000fff2    00000002     
                  0000fff2    00000002     rts430x_lc_sd_eabi.lib : int57.obj (.int57)

USCI_A0    0    0000fff4    00000002     
                  0000fff4    00000002     rts430x_lc_sd_eabi.lib : int58.obj (.int58)

WDT        0    0000fff6    00000002     
                  0000fff6    00000002     rts430x_lc_sd_eabi.lib : int59.obj (.int59)

COMP_B     0    0000fff8    00000002     
                  0000fff8    00000002     rts430x_lc_sd_eabi.lib : int60.obj (.int60)

UNMI       0    0000fffa    00000002     
                  0000fffa    00000002     rts430x_lc_sd_eabi.lib : int61.obj (.int61)

SYSNMI     0    0000fffc    00000002     
                  0000fffc    00000002     rts430x_lc_sd_eabi.lib : int62.obj (.int62)

.reset     0    0000fffe    00000002     
                  0000fffe    00000002     rts430x_lc_sd_eabi.lib : boot.obj (.reset)

MODULE SUMMARY

       Module                     code    ro data   rw data
       ------                     ----    -------   -------
    .\
       atcommands.obj             1360    295       8      
       main.obj                   386     2         1070   
       mmc.obj                    1120    0         0      
       cc430x613x_dma_05.obj      306     0         526    
       Lifo.obj                   340     0         454    
       bufferspi.obj              524     14        99     
       sdcard.obj                 388     78        6      
       spi.obj                    374     14        64     
       buffer.obj                 310     19        102    
       ustate.obj                 152     42        12     
       hal_SPI.obj                180     0         1      
    +--+--------------------------+-------+---------+---------+
       Total:                     5440    464       2342   
                                                           
    C:\ti\ccs700\ccsv7\tools\compiler\ti-cgt-msp430_16.9.0.LTS\lib\rts430x_lc_sd_eabi.lib
       _printfi_min.obj           684     20        0      
       trgdrv.obj                 688     0         8      
       lowlev.obj                 320     0         160    
       strtoul.obj                404     0         0      
       trgmsg.obj                 90      0         288    
       memory.obj                 358     0         8      
       defs.obj                   0       0         282    
       ctype.obj                  0       257       0      
       copy_decompress_lzss.obj   238     0         0      
       fputs.obj                  222     0         0      
       setvbuf.obj                204     0         0      
       cpy_tbl.obj                178     0         0      
       autoinit_wdt.obj           150     0         0      
       fputc.obj                  140     0         0      
       _io_perm.obj               122     0         0      
       fseek.obj                  106     0         0      
       fclose.obj                 104     0         0      
       fflush.obj                 98      0         0      
       div32u.obj                 88      0         0      
       exit.obj                   78      0         2      
       lsr32.obj                  78      0         0      
       printf.obj                 74      0         0      
       cpy_util.obj               64      0         0      
       asr32.obj                  62      0         0      
       copy_zero_init.obj         62      0         0      
       lsl32.obj                  62      0         0      
       copy_decompress_none.obj   60      0         0      
       strstr.obj                 54      0         0      
       fopen.obj                  50      0         0      
       strncpy.obj                44      0         0      
       mult32_f5hw.obj            36      0         0      
       boot_special.obj           28      0         0      
       memccpy.obj                26      0         0      
       strchr.obj                 26      0         0      
       mult16_f5hw.obj            24      0         0      
       strcmp.obj                 24      0         0      
       div16u.obj                 22      0         0      
       memchr.obj                 20      0         0      
       memset.obj                 20      0         0      
       memcpy.obj                 18      0         0      
       strcpy.obj                 16      0         0      
       strlen.obj                 14      0         0      
       _lock.obj                  2       0         8      
       exit_gvars.obj             0       0         8      
       isr_trap.obj               8       0         0      
       pre_init.obj               4       0         0      
       boot.obj                   0       2         0      
       errno.obj                  0       0         2      
       int45.obj                  0       2         0      
       int46.obj                  0       2         0      
       int47.obj                  0       2         0      
       int48.obj                  0       2         0      
       int49.obj                  0       2         0      
       int50.obj                  0       2         0      
       int53.obj                  0       2         0      
       int54.obj                  0       2         0      
       int55.obj                  0       2         0      
       int56.obj                  0       2         0      
       int57.obj                  0       2         0      
       int58.obj                  0       2         0      
       int59.obj                  0       2         0      
       int60.obj                  0       2         0      
       int61.obj                  0       2         0      
       int62.obj                  0       2         0      
       startup.obj                2       0         0      
    +--+--------------------------+-------+---------+---------+
       Total:                     5172    311       766    
                                                           
       Heap:                      0       0         320    
       Stack:                     0       0         80     
       Linker Generated:          0       115       0      
    +--+--------------------------+-------+---------+---------+
       Grand Total:               10612   890       3508   


LINKER GENERATED COPY TABLES

__TI_cinit_table @ 0000acbc records: 2, size/record: 8, table size: 16
	.data: load addr=0000ac58, load size=00000051 bytes, run addr=00002710, run size=00000135 bytes, compression=lzss
	.bss: load addr=0000acb6, load size=00000006 bytes, run addr=00001c00, run size=000009cf bytes, compression=zero_init


LINKER GENERATED HANDLER TABLE

__TI_handler_table @ 0000acaa records: 3, size/record: 4, table size: 12
	index: 0, handler: __TI_zero_init
	index: 1, handler: __TI_decompress_lzss
	index: 2, handler: __TI_decompress_none


GLOBAL SYMBOLS: SORTED ALPHABETICALLY BY Name 

address   name                           
-------   ----                           
00000700  ADC12CTL0                      
00000701  ADC12CTL0_H                    
00000700  ADC12CTL0_L                    
00000702  ADC12CTL1                      
00000703  ADC12CTL1_H                    
00000702  ADC12CTL1_L                    
00000704  ADC12CTL2                      
00000705  ADC12CTL2_H                    
00000704  ADC12CTL2_L                    
0000070c  ADC12IE                        
0000070d  ADC12IE_H                      
0000070c  ADC12IE_L                      
0000070a  ADC12IFG                       
0000070b  ADC12IFG_H                     
0000070a  ADC12IFG_L                     
0000070e  ADC12IV                        
0000070f  ADC12IV_H                      
0000070e  ADC12IV_L                      
00000710  ADC12MCTL0                     
00000711  ADC12MCTL1                     
0000071a  ADC12MCTL10                    
0000071b  ADC12MCTL11                    
0000071c  ADC12MCTL12                    
0000071d  ADC12MCTL13                    
0000071e  ADC12MCTL14                    
0000071f  ADC12MCTL15                    
00000712  ADC12MCTL2                     
00000713  ADC12MCTL3                     
00000714  ADC12MCTL4                     
00000715  ADC12MCTL5                     
00000716  ADC12MCTL6                     
00000717  ADC12MCTL7                     
00000718  ADC12MCTL8                     
00000719  ADC12MCTL9                     
00000720  ADC12MEM0                      
00000721  ADC12MEM0_H                    
00000720  ADC12MEM0_L                    
00000722  ADC12MEM1                      
00000734  ADC12MEM10                     
00000735  ADC12MEM10_H                   
00000734  ADC12MEM10_L                   
00000736  ADC12MEM11                     
00000737  ADC12MEM11_H                   
00000736  ADC12MEM11_L                   
00000738  ADC12MEM12                     
00000739  ADC12MEM12_H                   
00000738  ADC12MEM12_L                   
0000073a  ADC12MEM13                     
0000073b  ADC12MEM13_H                   
0000073a  ADC12MEM13_L                   
0000073c  ADC12MEM14                     
0000073d  ADC12MEM14_H                   
0000073c  ADC12MEM14_L                   
0000073e  ADC12MEM15                     
0000073f  ADC12MEM15_H                   
0000073e  ADC12MEM15_L                   
00000723  ADC12MEM1_H                    
00000722  ADC12MEM1_L                    
00000724  ADC12MEM2                      
00000725  ADC12MEM2_H                    
00000724  ADC12MEM2_L                    
00000726  ADC12MEM3                      
00000727  ADC12MEM3_H                    
00000726  ADC12MEM3_L                    
00000728  ADC12MEM4                      
00000729  ADC12MEM4_H                    
00000728  ADC12MEM4_L                    
0000072a  ADC12MEM5                      
0000072b  ADC12MEM5_H                    
0000072a  ADC12MEM5_L                    
0000072c  ADC12MEM6                      
0000072d  ADC12MEM6_H                    
0000072c  ADC12MEM6_L                    
0000072e  ADC12MEM7                      
0000072f  ADC12MEM7_H                    
0000072e  ADC12MEM7_L                    
00000730  ADC12MEM8                      
00000731  ADC12MEM8_H                    
00000730  ADC12MEM8_L                    
00000732  ADC12MEM9                      
00000733  ADC12MEM9_H                    
00000732  ADC12MEM9_L                    
000009c0  AESACTL0                       
000009c1  AESACTL0_H                     
000009c0  AESACTL0_L                     
000009c8  AESADIN                        
000009c9  AESADIN_H                      
000009c8  AESADIN_L                      
000009ca  AESADOUT                       
000009cb  AESADOUT_H                     
000009ca  AESADOUT_L                     
000009c6  AESAKEY                        
000009c7  AESAKEY_H                      
000009c6  AESAKEY_L                      
000009c4  AESASTAT                       
000009c5  AESASTAT_H                     
000009c4  AESASTAT_L                     
00009d0a  AddSdCard                      
0000a1a0  AddSdCardBase                  
0000a848  BInit                          
0000a960  C$$EXIT                        
0000a400  C$$IO$$                        
000008c0  CBCTL0                         
000008c1  CBCTL0_H                       
000008c0  CBCTL0_L                       
000008c2  CBCTL1                         
000008c3  CBCTL1_H                       
000008c2  CBCTL1_L                       
000008c4  CBCTL2                         
000008c5  CBCTL2_H                       
000008c4  CBCTL2_L                       
000008c6  CBCTL3                         
000008c7  CBCTL3_H                       
000008c6  CBCTL3_L                       
000008cc  CBINT                          
000008cd  CBINT_H                        
000008cc  CBINT_L                        
000008ce  CBIV                           
00000150  CRCDI                          
00000151  CRCDI_H                        
00000150  CRCDI_L                        
00000154  CRCINIRES                      
00000155  CRCINIRES_H                    
00000154  CRCINIRES_L                    
0000a460  CheckCrc                       
00000510  DMA0CTL                        
00000511  DMA0CTL_H                      
00000510  DMA0CTL_L                      
00000516  DMA0DA                         
00000518  DMA0DAH                        
00000516  DMA0DAL                        
00000512  DMA0SA                         
00000514  DMA0SAH                        
00000512  DMA0SAL                        
0000051a  DMA0SZ                         
00000520  DMA1CTL                        
00000521  DMA1CTL_H                      
00000520  DMA1CTL_L                      
00000526  DMA1DA                         
00000528  DMA1DAH                        
00000526  DMA1DAL                        
00000522  DMA1SA                         
00000524  DMA1SAH                        
00000522  DMA1SAL                        
0000052a  DMA1SZ                         
00000530  DMA2CTL                        
00000531  DMA2CTL_H                      
00000530  DMA2CTL_L                      
00000536  DMA2DA                         
00000538  DMA2DAH                        
00000536  DMA2DAL                        
00000532  DMA2SA                         
00000534  DMA2SAH                        
00000532  DMA2SAL                        
0000053a  DMA2SZ                         
00000500  DMACTL0                        
00000501  DMACTL0_H                      
00000500  DMACTL0_L                      
00000502  DMACTL1                        
00000503  DMACTL1_H                      
00000502  DMACTL1_L                      
00000504  DMACTL2                        
00000505  DMACTL2_H                      
00000504  DMACTL2_L                      
00000506  DMACTL3                        
00000507  DMACTL3_H                      
00000506  DMACTL3_L                      
00000508  DMACTL4                        
00000509  DMACTL4_H                      
00000508  DMACTL4_L                      
0000050e  DMAIV                          
0000050f  DMAIV_H                        
0000050e  DMAIV_L                        
00009ef4  DMA_ISR                        
00000140  FCTL1                          
00000141  FCTL1_H                        
00000140  FCTL1_L                        
00000144  FCTL3                          
00000145  FCTL3_H                        
00000144  FCTL3_L                        
00000146  FCTL4                          
00000147  FCTL4_H                        
00000146  FCTL4_L                        
000025c2  Fill_lifo_data                 
00009d52  GetSdCard                      
0000a242  GetSdCardBase                  
00009de2  HOSTclose                      
000090b2  HOSTlseek                      
0000983e  HOSTopen                       
000099c8  HOSTread                       
00009702  HOSTrename                     
00009eb2  HOSTunlink                     
00009968  HOSTwrite                      
00001e0e  KeepTestData1                  
00000a04  LCDBBLKCTL                     
00000a05  LCDBBLKCTL_H                   
00000a04  LCDBBLKCTL_L                   
00000a12  LCDBCPCTL                      
00000a13  LCDBCPCTL_H                    
00000a12  LCDBCPCTL_L                    
00000a00  LCDBCTL0                       
00000a01  LCDBCTL0_H                     
00000a00  LCDBCTL0_L                     
00000a02  LCDBCTL1                       
00000a03  LCDBCTL1_H                     
00000a02  LCDBCTL1_L                     
00000a1e  LCDBIV                         
00000a40  LCDBM1                         
00000a49  LCDBM10                        
00000a4a  LCDBM11                        
00000a4b  LCDBM12                        
00000a4c  LCDBM13                        
00000a4d  LCDBM14                        
00000a4e  LCDBM15                        
00000a4f  LCDBM16                        
00000a50  LCDBM17                        
00000a51  LCDBM18                        
00000a52  LCDBM19                        
00000a41  LCDBM2                         
00000a53  LCDBM20                        
00000a54  LCDBM21                        
00000a55  LCDBM22                        
00000a56  LCDBM23                        
00000a57  LCDBM24                        
00000a42  LCDBM3                         
00000a43  LCDBM4                         
00000a44  LCDBM5                         
00000a45  LCDBM6                         
00000a46  LCDBM7                         
00000a47  LCDBM8                         
00000a48  LCDBM9                         
00000a06  LCDBMEMCTL                     
00000a07  LCDBMEMCTL_H                   
00000a06  LCDBMEMCTL_L                   
00000a0a  LCDBPCTL0                      
00000a0b  LCDBPCTL0_H                    
00000a0a  LCDBPCTL0_L                    
00000a0c  LCDBPCTL1                      
00000a0d  LCDBPCTL1_H                    
00000a0c  LCDBPCTL1_L                    
00000a0e  LCDBPCTL2                      
00000a0f  LCDBPCTL2_H                    
00000a0e  LCDBPCTL2_L                    
00000a10  LCDBPCTL3                      
00000a11  LCDBPCTL3_H                    
00000a10  LCDBPCTL3_L                    
00000a08  LCDBVCTL                       
00000a09  LCDBVCTL_H                     
00000a08  LCDBVCTL_L                     
00000a20  LCDM1                          
00000a29  LCDM10                         
00000a2a  LCDM11                         
00000a2b  LCDM12                         
00000a2c  LCDM13                         
00000a2d  LCDM14                         
00000a2e  LCDM15                         
00000a2f  LCDM16                         
00000a30  LCDM17                         
00000a31  LCDM18                         
00000a32  LCDM19                         
00000a21  LCDM2                          
00000a33  LCDM20                         
00000a34  LCDM21                         
00000a35  LCDM22                         
00000a36  LCDM23                         
00000a37  LCDM24                         
00000a22  LCDM3                          
00000a23  LCDM4                          
00000a24  LCDM5                          
00000a25  LCDM6                          
00000a26  LCDM7                          
00000a27  LCDM8                          
00000a28  LCDM9                          
000025a2  LHead                          
000025a4  LLastHead                      
000025a6  LastHead                       
00009a84  Lifo_Add                       
00009300  Lifo_Get                       
0000a5d6  Lifo_Used                      
000004c4  MAC                            
000004da  MAC32H                         
000004db  MAC32H_H                       
000004da  MAC32H_L                       
000004d8  MAC32L                         
000004d9  MAC32L_H                       
000004d8  MAC32L_L                       
000004c6  MACS                           
000004de  MACS32H                        
000004df  MACS32H_H                      
000004de  MACS32H_L                      
000004dc  MACS32L                        
000004dd  MACS32L_H                      
000004dc  MACS32L_L                      
000004c7  MACS_H                         
000004c6  MACS_L                         
000004c5  MAC_H                          
000004c4  MAC_L                          
000004c0  MPY                            
000004ec  MPY32CTL0                      
000004ed  MPY32CTL0_H                    
000004ec  MPY32CTL0_L                    
000004d2  MPY32H                         
000004d3  MPY32H_H                       
000004d2  MPY32H_L                       
000004d0  MPY32L                         
000004d1  MPY32L_H                       
000004d0  MPY32L_L                       
000004c2  MPYS                           
000004d6  MPYS32H                        
000004d7  MPYS32H_H                      
000004d6  MPYS32H_L                      
000004d4  MPYS32L                        
000004d5  MPYS32L_H                      
000004d4  MPYS32L_L                      
000004c3  MPYS_H                         
000004c2  MPYS_L                         
000004c1  MPY_H                          
000004c0  MPY_L                          
000025c3  MST_Data                       
0000a7e8  Modify                         
0000ac52  OK_STR                         
000004c8  OP2                            
000004e2  OP2H                           
000004e3  OP2H_H                         
000004e2  OP2H_L                         
000004e0  OP2L                           
000004e1  OP2L_H                         
000004e0  OP2L_L                         
000004c9  OP2_H                          
000004c8  OP2_L                          
0000020e  P1IV                           
000001c8  P1MAP01                        
000001c9  P1MAP01_H                      
000001c8  P1MAP01_L                      
000001ca  P1MAP23                        
000001cb  P1MAP23_H                      
000001ca  P1MAP23_L                      
000001cc  P1MAP45                        
000001cd  P1MAP45_H                      
000001cc  P1MAP45_L                      
000001ce  P1MAP67                        
000001cf  P1MAP67_H                      
000001ce  P1MAP67_L                      
0000021e  P2IV                           
000001d0  P2MAP01                        
000001d1  P2MAP01_H                      
000001d0  P2MAP01_L                      
000001d2  P2MAP23                        
000001d3  P2MAP23_H                      
000001d2  P2MAP23_L                      
000001d4  P2MAP45                        
000001d5  P2MAP45_H                      
000001d4  P2MAP45_L                      
000001d6  P2MAP67                        
000001d7  P2MAP67_H                      
000001d6  P2MAP67_L                      
000001d8  P3MAP01                        
000001d9  P3MAP01_H                      
000001d8  P3MAP01_L                      
000001da  P3MAP23                        
000001db  P3MAP23_H                      
000001da  P3MAP23_L                      
000001dc  P3MAP45                        
000001dd  P3MAP45_H                      
000001dc  P3MAP45_L                      
000001de  P3MAP67                        
000001df  P3MAP67_H                      
000001de  P3MAP67_L                      
00000204  PADIR                          
00000205  PADIR_H                        
00000204  PADIR_L                        
00000208  PADS                           
00000209  PADS_H                         
00000208  PADS_L                         
0000021a  PAIE                           
00000218  PAIES                          
00000219  PAIES_H                        
00000218  PAIES_L                        
0000021b  PAIE_H                         
0000021a  PAIE_L                         
0000021c  PAIFG                          
0000021d  PAIFG_H                        
0000021c  PAIFG_L                        
00000200  PAIN                           
00000201  PAIN_H                         
00000200  PAIN_L                         
00000202  PAOUT                          
00000203  PAOUT_H                        
00000202  PAOUT_L                        
00000206  PAREN                          
00000207  PAREN_H                        
00000206  PAREN_L                        
0000020a  PASEL                          
0000020b  PASEL_H                        
0000020a  PASEL_L                        
00000224  PBDIR                          
00000225  PBDIR_H                        
00000224  PBDIR_L                        
00000228  PBDS                           
00000229  PBDS_H                         
00000228  PBDS_L                         
00000220  PBIN                           
00000221  PBIN_H                         
00000220  PBIN_L                         
00000222  PBOUT                          
00000223  PBOUT_H                        
00000222  PBOUT_L                        
00000226  PBREN                          
00000227  PBREN_H                        
00000226  PBREN_L                        
0000022a  PBSEL                          
0000022b  PBSEL_H                        
0000022a  PBSEL_L                        
00000244  PCDIR                          
00000245  PCDIR_H                        
00000244  PCDIR_L                        
00000248  PCDS                           
00000249  PCDS_H                         
00000248  PCDS_L                         
00000240  PCIN                           
00000241  PCIN_H                         
00000240  PCIN_L                         
00000242  PCOUT                          
00000243  PCOUT_H                        
00000242  PCOUT_L                        
00000246  PCREN                          
00000247  PCREN_H                        
00000246  PCREN_L                        
0000024a  PCSEL                          
0000024b  PCSEL_H                        
0000024a  PCSEL_L                        
00000324  PJDIR                          
00000325  PJDIR_H                        
00000324  PJDIR_L                        
00000328  PJDS                           
00000329  PJDS_H                         
00000328  PJDS_L                         
00000320  PJIN                           
00000321  PJIN_H                         
00000320  PJIN_L                         
00000322  PJOUT                          
00000323  PJOUT_H                        
00000322  PJOUT_L                        
00000326  PJREN                          
00000327  PJREN_H                        
00000326  PJREN_L                        
000001c2  PMAPCTL                        
000001c3  PMAPCTL_H                      
000001c2  PMAPCTL_L                      
000001c0  PMAPKEYID                      
000001c1  PMAPKEYID_H                    
000001c0  PMAPKEYID_L                    
00000120  PMMCTL0                        
00000121  PMMCTL0_H                      
00000120  PMMCTL0_L                      
00000122  PMMCTL1                        
00000123  PMMCTL1_H                      
00000122  PMMCTL1_L                      
0000012c  PMMIFG                         
0000012d  PMMIFG_H                       
0000012c  PMMIFG_L                       
0000012e  PMMRIE                         
0000012f  PMMRIE_H                       
0000012e  PMMRIE_L                       
00008a42  ParseBuffer                    
0000a3a8  PortsInit                      
00000158  RCCTL0                         
00000159  RCCTL0_H                       
00000158  RCCTL0_L                       
000001b0  REFCTL0                        
000001b1  REFCTL0_H                      
000001b0  REFCTL0_L                      
000004e4  RES0                           
000004e5  RES0_H                         
000004e4  RES0_L                         
000004e6  RES1                           
000004e7  RES1_H                         
000004e6  RES1_L                         
000004e8  RES2                           
000004e9  RES2_H                         
000004e8  RES2_L                         
000004ea  RES3                           
000004eb  RES3_H                         
000004ea  RES3_L                         
000004cc  RESHI                          
000004cd  RESHI_H                        
000004cc  RESHI_L                        
000004ca  RESLO                          
000004cb  RESLO_H                        
000004ca  RESLO_L                        
00000f16  RF1ADINW                       
00000f17  RF1ADINW_H                     
00000f16  RF1ADINW_L                     
00000f28  RF1ADOUT0W                     
00000f29  RF1ADOUT0W_H                   
00000f28  RF1ADOUT0W_L                   
00000f2a  RF1ADOUT1W                     
00000f2b  RF1ADOUT1W_H                   
00000f2a  RF1ADOUT1W_L                   
00000f2c  RF1ADOUT2W                     
00000f2d  RF1ADOUT2W_H                   
00000f2c  RF1ADOUT2W_L                   
00000f36  RF1AIE                         
00000f34  RF1AIES                        
00000f35  RF1AIES_H                      
00000f34  RF1AIES_L                      
00000f37  RF1AIE_H                       
00000f36  RF1AIE_L                       
00000f00  RF1AIFCTL0                     
00000f01  RF1AIFCTL0_H                   
00000f00  RF1AIFCTL0_L                   
00000f02  RF1AIFCTL1                     
00000f03  RF1AIFCTL1_H                   
00000f02  RF1AIFCTL1_L                   
00000f04  RF1AIFCTL2                     
00000f05  RF1AIFCTL2_H                   
00000f04  RF1AIFCTL2_L                   
00000f06  RF1AIFERR                      
00000f0c  RF1AIFERRV                     
00000f0d  RF1AIFERRV_H                   
00000f0c  RF1AIFERRV_L                   
00000f07  RF1AIFERR_H                    
00000f06  RF1AIFERR_L                    
00000f32  RF1AIFG                        
00000f33  RF1AIFG_H                      
00000f32  RF1AIFG_L                      
00000f0e  RF1AIFIV                       
00000f0f  RF1AIFIV_H                     
00000f0e  RF1AIFIV_L                     
00000f30  RF1AIN                         
00000f12  RF1AINSTR1W                    
00000f13  RF1AINSTR1W_H                  
00000f12  RF1AINSTR1W_L                  
00000f14  RF1AINSTR2W                    
00000f15  RF1AINSTR2W_H                  
00000f14  RF1AINSTR2W_L                  
00000f10  RF1AINSTRW                     
00000f11  RF1AINSTRW_H                   
00000f10  RF1AINSTRW_L                   
00000f31  RF1AIN_H                       
00000f30  RF1AIN_L                       
00000f38  RF1AIV                         
00000f39  RF1AIV_H                       
00000f38  RF1AIV_L                       
00000f3c  RF1ARXFIFO                     
00000f3d  RF1ARXFIFO_H                   
00000f3c  RF1ARXFIFO_L                   
00000f20  RF1ASTAT0W                     
00000f21  RF1ASTAT0W_H                   
00000f20  RF1ASTAT0W_L                   
00000f22  RF1ASTAT1W                     
00000f23  RF1ASTAT1W_H                   
00000f22  RF1ASTAT1W_L                   
00000f24  RF1ASTAT2W                     
00000f25  RF1ASTAT2W_H                   
00000f24  RF1ASTAT2W_L                   
00000f3e  RF1ATXFIFO                     
00000f3f  RF1ATXFIFO_H                   
00000f3e  RF1ATXFIFO_L                   
000004ba  RTCADOWDAY                     
000004bb  RTCADOWDAY_H                   
000004ba  RTCADOWDAY_L                   
000004b8  RTCAMINHR                      
000004b9  RTCAMINHR_H                    
000004b8  RTCAMINHR_L                    
000004a0  RTCCTL01                       
000004a1  RTCCTL01_H                     
000004a0  RTCCTL01_L                     
000004a2  RTCCTL23                       
000004a3  RTCCTL23_H                     
000004a2  RTCCTL23_L                     
000004b4  RTCDATE                        
000004b5  RTCDATE_H                      
000004b4  RTCDATE_L                      
000004ae  RTCIV                          
000004ac  RTCPS                          
000004a8  RTCPS0CTL                      
000004a9  RTCPS0CTL_H                    
000004a8  RTCPS0CTL_L                    
000004aa  RTCPS1CTL                      
000004ab  RTCPS1CTL_H                    
000004aa  RTCPS1CTL_L                    
000004ad  RTCPS_H                        
000004ac  RTCPS_L                        
000004b0  RTCTIM0                        
000004b1  RTCTIM0_H                      
000004b0  RTCTIM0_L                      
000004b2  RTCTIM1                        
000004b3  RTCTIM1_H                      
000004b2  RTCTIM1_L                      
000004b6  RTCYEAR                        
000004b7  RTCYEAR_H                      
000004b6  RTCYEAR_L                      
0000248c  RcvBuff                        
00008000  ReloadModem                    
0000a564  SBAdd                          
0000a1d6  SBGet                          
0000a58a  SBInit                         
0000a800  SBUsed                         
000025a8  SBuffSize                      
00000100  SFRIE1                         
00000101  SFRIE1_H                       
00000100  SFRIE1_L                       
00000102  SFRIFG1                        
00000103  SFRIFG1_H                      
00000102  SFRIFG1_L                      
00000104  SFRRPCR                        
00000105  SFRRPCR_H                      
00000104  SFRRPCR_L                      
000025aa  SHead                          
000025c4  SLV_Data                       
000024f0  SPI_RX_Buff0                   
000085b2  SParseBuffer                   
0000252a  SRcvBuff                       
000025ac  STail                          
000004ce  SUMEXT                         
000004cf  SUMEXT_H                       
000004ce  SUMEXT_L                       
00000124  SVSMHCTL                       
00000125  SVSMHCTL_H                     
00000124  SVSMHCTL_L                     
00000128  SVSMIO                         
00000129  SVSMIO_H                       
00000128  SVSMIO_L                       
00000126  SVSMLCTL                       
00000127  SVSMLCTL_H                     
00000126  SVSMLCTL_L                     
00000198  SYSBERRIV                      
00000199  SYSBERRIV_H                    
00000198  SYSBERRIV_L                    
00000182  SYSBSLC                        
00000183  SYSBSLC_H                      
00000182  SYSBSLC_L                      
00000180  SYSCTL                         
00000181  SYSCTL_H                       
00000180  SYSCTL_L                       
00000186  SYSJMBC                        
00000187  SYSJMBC_H                      
00000186  SYSJMBC_L                      
00000188  SYSJMBI0                       
00000189  SYSJMBI0_H                     
00000188  SYSJMBI0_L                     
0000018a  SYSJMBI1                       
0000018b  SYSJMBI1_H                     
0000018a  SYSJMBI1_L                     
0000018c  SYSJMBO0                       
0000018d  SYSJMBO0_H                     
0000018c  SYSJMBO0_L                     
0000018e  SYSJMBO1                       
0000018f  SYSJMBO1_H                     
0000018e  SYSJMBO1_L                     
0000019e  SYSRSTIV                       
0000019f  SYSRSTIV_H                     
0000019e  SYSRSTIV_L                     
0000019c  SYSSNIV                        
0000019d  SYSSNIV_H                      
0000019c  SYSSNIV_L                      
0000019a  SYSUNIV                        
0000019b  SYSUNIV_H                      
0000019a  SYSUNIV_L                      
0000870c  SendData                       
00000352  TA0CCR0                        
00000354  TA0CCR1                        
00000356  TA0CCR2                        
00000358  TA0CCR3                        
0000035a  TA0CCR4                        
00000342  TA0CCTL0                       
00000344  TA0CCTL1                       
00000346  TA0CCTL2                       
00000348  TA0CCTL3                       
0000034a  TA0CCTL4                       
00000340  TA0CTL                         
00000360  TA0EX0                         
0000036e  TA0IV                          
00000350  TA0R                           
00000392  TA1CCR0                        
00000394  TA1CCR1                        
00000396  TA1CCR2                        
00000382  TA1CCTL0                       
00000384  TA1CCTL1                       
00000386  TA1CCTL2                       
00000380  TA1CTL                         
000003a0  TA1EX0                         
000003ae  TA1IV                          
00000390  TA1R                           
0000a276  TIMER1_A0_ISR                  
0000201c  TestData1                      
000005d0  UCA0ABCTL                      
000005c6  UCA0BRW                        
000005c7  UCA0BRW_H                      
000005c6  UCA0BRW_L                      
000005c0  UCA0CTLW0                      
000005c1  UCA0CTLW0_H                    
000005c0  UCA0CTLW0_L                    
000005dc  UCA0ICTL                       
000005dd  UCA0ICTL_H                     
000005dc  UCA0ICTL_L                     
000005d2  UCA0IRCTL                      
000005d3  UCA0IRCTL_H                    
000005d2  UCA0IRCTL_L                    
000005de  UCA0IV                         
000005c8  UCA0MCTL                       
000005cc  UCA0RXBUF                      
000005ca  UCA0STAT                       
000005ce  UCA0TXBUF                      
000005e6  UCB0BRW                        
000005e7  UCB0BRW_H                      
000005e6  UCB0BRW_L                      
000005e0  UCB0CTLW0                      
000005e1  UCB0CTLW0_H                    
000005e0  UCB0CTLW0_L                    
000005f0  UCB0I2COA                      
000005f1  UCB0I2COA_H                    
000005f0  UCB0I2COA_L                    
000005f2  UCB0I2CSA                      
000005f3  UCB0I2CSA_H                    
000005f2  UCB0I2CSA_L                    
000005fc  UCB0ICTL                       
000005fd  UCB0ICTL_H                     
000005fc  UCB0ICTL_L                     
000005fe  UCB0IV                         
000005ec  UCB0RXBUF                      
000005ea  UCB0STAT                       
000005ee  UCB0TXBUF                      
00000160  UCSCTL0                        
00000161  UCSCTL0_H                      
00000160  UCSCTL0_L                      
00000162  UCSCTL1                        
00000163  UCSCTL1_H                      
00000162  UCSCTL1_L                      
00000164  UCSCTL2                        
00000165  UCSCTL2_H                      
00000164  UCSCTL2_L                      
00000166  UCSCTL3                        
00000167  UCSCTL3_H                      
00000166  UCSCTL3_L                      
00000168  UCSCTL4                        
00000169  UCSCTL4_H                      
00000168  UCSCTL4_L                      
0000016a  UCSCTL5                        
0000016b  UCSCTL5_H                      
0000016a  UCSCTL5_L                      
0000016c  UCSCTL6                        
0000016d  UCSCTL6_H                      
0000016c  UCSCTL6_L                      
0000016e  UCSCTL7                        
0000016f  UCSCTL7_H                      
0000016e  UCSCTL7_L                      
00000170  UCSCTL8                        
00000171  UCSCTL8_H                      
00000170  UCSCTL8_L                      
00009be0  UseLifo                        
0000015c  WDTCTL                         
0000015d  WDTCTL_H                       
0000015c  WDTCTL_L                       
00002846  _CIOBUF_                       
00002bfc  __STACK_END                    
00000050  __STACK_SIZE                   
00000140  __SYSMEM_SIZE                  
UNDEFED   __TI_BINIT_Base                
UNDEFED   __TI_BINIT_Limit               
0000acbc  __TI_CINIT_Base                
0000accc  __TI_CINIT_Limit               
0000acaa  __TI_Handler_Table_Base        
0000acb6  __TI_Handler_Table_Limit       
UNDEFED   __TI_INITARRAY_Base            
UNDEFED   __TI_INITARRAY_Limit           
0000a93a  __TI_ISR_TRAP                  
0000a346  __TI_cleanup                   
00002828  __TI_cleanup_ptr               
000097d6  __TI_closefile                 
00008954  __TI_decompress_lzss           
0000a12c  __TI_decompress_none           
00009906  __TI_doflush                   
0000282c  __TI_dtors_ptr                 
00002840  __TI_enable_exit_profile_output
0000283c  __TI_ft_end                    
0000ffda  __TI_int45                     
0000ffdc  __TI_int46                     
0000ffde  __TI_int47                     
0000ffe0  __TI_int48                     
0000ffe2  __TI_int49                     
0000ffe4  __TI_int50                     
0000ffe6  __TI_int51                     
0000ffe8  __TI_int52                     
0000ffea  __TI_int53                     
0000ffec  __TI_int54                     
0000ffee  __TI_int55                     
0000fff0  __TI_int56                     
0000fff2  __TI_int57                     
0000fff4  __TI_int58                     
0000fff6  __TI_int59                     
0000fff8  __TI_int60                     
0000fffa  __TI_int61                     
0000fffc  __TI_int62                     
ffffffff  __TI_pprof_out_hndl            
00008ce8  __TI_printfi_minimal           
ffffffff  __TI_prof_data_size            
ffffffff  __TI_prof_data_start           
0000a48c  __TI_readmsg                   
000023ec  __TI_tmpnams                   
0000a3d6  __TI_writemsg                  
00009598  __TI_wrt_ok                    
00009ff6  __TI_zero_init                 
ffffffff  __c_args__                     
00009f36  __memcpy_far                   
0000a85e  __mspabi_divu                  
00009ade  __mspabi_divul                 
0000a818  __mspabi_mpyi_f5hw             
0000a642  __mspabi_mpyl_f5hw             
0000a85e  __mspabi_remu                  
00009ade  __mspabi_remul                 
0000a0e8  __mspabi_slll_1                
0000a0c4  __mspabi_slll_10               
0000a0c0  __mspabi_slll_11               
0000a0bc  __mspabi_slll_12               
0000a0b8  __mspabi_slll_13               
0000a0b4  __mspabi_slll_14               
0000a0b0  __mspabi_slll_15               
0000a0e4  __mspabi_slll_2                
0000a0e0  __mspabi_slll_3                
0000a0dc  __mspabi_slll_4                
0000a0d8  __mspabi_slll_5                
0000a0d4  __mspabi_slll_6                
0000a0d0  __mspabi_slll_7                
0000a0cc  __mspabi_slll_8                
0000a0c8  __mspabi_slll_9                
0000a0aa  __mspabi_sral_1                
0000a086  __mspabi_sral_10               
0000a082  __mspabi_sral_11               
0000a07e  __mspabi_sral_12               
0000a07a  __mspabi_sral_13               
0000a076  __mspabi_sral_14               
0000a072  __mspabi_sral_15               
0000a0a6  __mspabi_sral_2                
0000a0a2  __mspabi_sral_3                
0000a09e  __mspabi_sral_4                
0000a09a  __mspabi_sral_5                
0000a096  __mspabi_sral_6                
0000a092  __mspabi_sral_7                
0000a08e  __mspabi_sral_8                
0000a08a  __mspabi_sral_9                
0000a8ea  __mspabi_srll                  
0000a126  __mspabi_srll_1                
0000a102  __mspabi_srll_10               
0000a0fe  __mspabi_srll_11               
0000a0fa  __mspabi_srll_12               
0000a0f6  __mspabi_srll_13               
0000a0f2  __mspabi_srll_14               
0000a0ee  __mspabi_srll_15               
0000a122  __mspabi_srll_2                
0000a11e  __mspabi_srll_3                
0000a11a  __mspabi_srll_4                
0000a116  __mspabi_srll_5                
0000a112  __mspabi_srll_6                
0000a10e  __mspabi_srll_7                
0000a10a  __mspabi_srll_8                
0000a106  __mspabi_srll_9                
0000914e  _auto_init_hold_wdt            
0000a748  _c_int00_noargs                
0000aa82  _ctypes_                       
00002788  _ftable                        
00002830  _lock                          
0000a96e  _nop                           
0000fffe  _reset_vector                  
00002bac  _stack                         
000025d0  _sys_memory                    
0000a970  _system_post_cinit             
0000a96a  _system_pre_init               
00002834  _unlock                        
0000a960  abort                          
000025c5  auth_flag                      
000025c6  bcl                            
000025ae  cardSize                       
00009c2c  close                          
00008f52  copy_in                        
000025b0  cursector                      
0000a6ac  data_commandT1                 
00009414  dma_init                       
0000a034  dma_rcv                        
0000a2aa  dma_send                       
0000283e  errno                          
00009d9a  exit                           
0000a764  findchar                       
000025c7  fl_sl                          
00009274  fputc                          
00008b2c  fputs                          
00009518  free                           
0000976c  fseek                          
0000a972  halSPISetup                    
0000a4b8  init                           
0000a5fa  int_init                       
0000a926  key_pressed                    
0000a2de  led_toggle                     
0000a88a  leds_init                      
0000a942  leds_off                       
0000a94a  leds_on                        
0000a5b0  lseek                          
0000a8c6  main                           
00009004  malloc                         
0000a780  memccpy                        
0000a89e  memchr                         
0000a8d8  memcpy                         
0000a8b2  memset                         
0000a168  minit                          
00009a26  mmcCheckBusy                   
0000a61e  mmcGetResponse                 
0000a68a  mmcGetXXResponse               
000098a2  mmcGoIdle                      
00009e28  mmcInit                        
00009612  mmcReadBlock                   
00008424  mmcReadCardSize                
00009c76  mmcSendCmd                     
00009cc0  mmcSetBlockLength              
0000968a  mmcWriteBlock                  
0000a510  modem_down                     
00009b36  modem_reset_r                  
0000a952  modem_send_dataT1              
00008c0a  my_sprintf                     
0000a432  params_init                    
0000a79a  parse_bcl                      
00009f76  printf                         
00009274  putc                           
000025c8  reload                         
0000a53a  remove                         
000025c9  restart                        
000025b2  rlen                           
000025b4  sd_data                        
0000938a  sdcard_init                    
000025ca  send_enabled                   
000025b6  serial                         
0000a70c  set_uart_57600                 
0000a6cc  set_uart_9600                  
00008dc2  setvbuf                        
0000a378  spiReadFrame                   
0000a930  spiSendByte                    
0000a312  spiSendFrame                   
000025cb  spi_bitbang_in_data            
00009e6e  spi_bitbang_inout              
0000a7b4  spi_clear_buff                 
0000a72a  spi_dma_rcv                    
000025cc  spi_dma_rxbuf_flag             
000091e4  spi_init                       
000025b8  spi_rcv_cnt                    
00009fb6  spi_task                       
000025cd  spilen                         
000025ba  spitimer                       
0000a7ce  strchr                         
0000a830  strcmp                         
0000a8fa  strcpy                         
0000a90a  strlen                         
0000a4e4  strncpy                        
0000a20c  strstr                         
00008290  strtoul                        
000025bc  t1                             
000025be  timerreload                    
000025ce  tx_enable                      
00002582  uState                         
00009496  uStateInit                     
0000a874  uStateKeep                     
0000222a  ulifo                          
0000a53a  unlink                         
000025c0  used_len                       
0000a6ec  wait_ms                        
0000a918  wd_reset                       
0000a666  write                          


GLOBAL SYMBOLS: SORTED BY Symbol Address 

address   name                           
-------   ----                           
00000050  __STACK_SIZE                   
00000100  SFRIE1                         
00000100  SFRIE1_L                       
00000101  SFRIE1_H                       
00000102  SFRIFG1                        
00000102  SFRIFG1_L                      
00000103  SFRIFG1_H                      
00000104  SFRRPCR                        
00000104  SFRRPCR_L                      
00000105  SFRRPCR_H                      
00000120  PMMCTL0                        
00000120  PMMCTL0_L                      
00000121  PMMCTL0_H                      
00000122  PMMCTL1                        
00000122  PMMCTL1_L                      
00000123  PMMCTL1_H                      
00000124  SVSMHCTL                       
00000124  SVSMHCTL_L                     
00000125  SVSMHCTL_H                     
00000126  SVSMLCTL                       
00000126  SVSMLCTL_L                     
00000127  SVSMLCTL_H                     
00000128  SVSMIO                         
00000128  SVSMIO_L                       
00000129  SVSMIO_H                       
0000012c  PMMIFG                         
0000012c  PMMIFG_L                       
0000012d  PMMIFG_H                       
0000012e  PMMRIE                         
0000012e  PMMRIE_L                       
0000012f  PMMRIE_H                       
00000140  FCTL1                          
00000140  FCTL1_L                        
00000140  __SYSMEM_SIZE                  
00000141  FCTL1_H                        
00000144  FCTL3                          
00000144  FCTL3_L                        
00000145  FCTL3_H                        
00000146  FCTL4                          
00000146  FCTL4_L                        
00000147  FCTL4_H                        
00000150  CRCDI                          
00000150  CRCDI_L                        
00000151  CRCDI_H                        
00000154  CRCINIRES                      
00000154  CRCINIRES_L                    
00000155  CRCINIRES_H                    
00000158  RCCTL0                         
00000158  RCCTL0_L                       
00000159  RCCTL0_H                       
0000015c  WDTCTL                         
0000015c  WDTCTL_L                       
0000015d  WDTCTL_H                       
00000160  UCSCTL0                        
00000160  UCSCTL0_L                      
00000161  UCSCTL0_H                      
00000162  UCSCTL1                        
00000162  UCSCTL1_L                      
00000163  UCSCTL1_H                      
00000164  UCSCTL2                        
00000164  UCSCTL2_L                      
00000165  UCSCTL2_H                      
00000166  UCSCTL3                        
00000166  UCSCTL3_L                      
00000167  UCSCTL3_H                      
00000168  UCSCTL4                        
00000168  UCSCTL4_L                      
00000169  UCSCTL4_H                      
0000016a  UCSCTL5                        
0000016a  UCSCTL5_L                      
0000016b  UCSCTL5_H                      
0000016c  UCSCTL6                        
0000016c  UCSCTL6_L                      
0000016d  UCSCTL6_H                      
0000016e  UCSCTL7                        
0000016e  UCSCTL7_L                      
0000016f  UCSCTL7_H                      
00000170  UCSCTL8                        
00000170  UCSCTL8_L                      
00000171  UCSCTL8_H                      
00000180  SYSCTL                         
00000180  SYSCTL_L                       
00000181  SYSCTL_H                       
00000182  SYSBSLC                        
00000182  SYSBSLC_L                      
00000183  SYSBSLC_H                      
00000186  SYSJMBC                        
00000186  SYSJMBC_L                      
00000187  SYSJMBC_H                      
00000188  SYSJMBI0                       
00000188  SYSJMBI0_L                     
00000189  SYSJMBI0_H                     
0000018a  SYSJMBI1                       
0000018a  SYSJMBI1_L                     
0000018b  SYSJMBI1_H                     
0000018c  SYSJMBO0                       
0000018c  SYSJMBO0_L                     
0000018d  SYSJMBO0_H                     
0000018e  SYSJMBO1                       
0000018e  SYSJMBO1_L                     
0000018f  SYSJMBO1_H                     
00000198  SYSBERRIV                      
00000198  SYSBERRIV_L                    
00000199  SYSBERRIV_H                    
0000019a  SYSUNIV                        
0000019a  SYSUNIV_L                      
0000019b  SYSUNIV_H                      
0000019c  SYSSNIV                        
0000019c  SYSSNIV_L                      
0000019d  SYSSNIV_H                      
0000019e  SYSRSTIV                       
0000019e  SYSRSTIV_L                     
0000019f  SYSRSTIV_H                     
000001b0  REFCTL0                        
000001b0  REFCTL0_L                      
000001b1  REFCTL0_H                      
000001c0  PMAPKEYID                      
000001c0  PMAPKEYID_L                    
000001c1  PMAPKEYID_H                    
000001c2  PMAPCTL                        
000001c2  PMAPCTL_L                      
000001c3  PMAPCTL_H                      
000001c8  P1MAP01                        
000001c8  P1MAP01_L                      
000001c9  P1MAP01_H                      
000001ca  P1MAP23                        
000001ca  P1MAP23_L                      
000001cb  P1MAP23_H                      
000001cc  P1MAP45                        
000001cc  P1MAP45_L                      
000001cd  P1MAP45_H                      
000001ce  P1MAP67                        
000001ce  P1MAP67_L                      
000001cf  P1MAP67_H                      
000001d0  P2MAP01                        
000001d0  P2MAP01_L                      
000001d1  P2MAP01_H                      
000001d2  P2MAP23                        
000001d2  P2MAP23_L                      
000001d3  P2MAP23_H                      
000001d4  P2MAP45                        
000001d4  P2MAP45_L                      
000001d5  P2MAP45_H                      
000001d6  P2MAP67                        
000001d6  P2MAP67_L                      
000001d7  P2MAP67_H                      
000001d8  P3MAP01                        
000001d8  P3MAP01_L                      
000001d9  P3MAP01_H                      
000001da  P3MAP23                        
000001da  P3MAP23_L                      
000001db  P3MAP23_H                      
000001dc  P3MAP45                        
000001dc  P3MAP45_L                      
000001dd  P3MAP45_H                      
000001de  P3MAP67                        
000001de  P3MAP67_L                      
000001df  P3MAP67_H                      
00000200  PAIN                           
00000200  PAIN_L                         
00000201  PAIN_H                         
00000202  PAOUT                          
00000202  PAOUT_L                        
00000203  PAOUT_H                        
00000204  PADIR                          
00000204  PADIR_L                        
00000205  PADIR_H                        
00000206  PAREN                          
00000206  PAREN_L                        
00000207  PAREN_H                        
00000208  PADS                           
00000208  PADS_L                         
00000209  PADS_H                         
0000020a  PASEL                          
0000020a  PASEL_L                        
[...]
00000724  ADC12MEM2_L                    
00000725  ADC12MEM2_H                    
00000726  ADC12MEM3                      
00000726  ADC12MEM3_L                    
00000727  ADC12MEM3_H                    
00000728  ADC12MEM4                      
00000728  ADC12MEM4_L                    
00000729  ADC12MEM4_H                    
0000072a  ADC12MEM5                      
0000072a  ADC12MEM5_L                    
0000072b  ADC12MEM5_H                    
0000072c  ADC12MEM6                      
0000072c  ADC12MEM6_L                    
0000072d  ADC12MEM6_H                    
0000072e  ADC12MEM7                      
0000072e  ADC12MEM7_L                    
0000072f  ADC12MEM7_H                    
00000730  ADC12MEM8                      
00000730  ADC12MEM8_L                    
00000731  ADC12MEM8_H                    
00000732  ADC12MEM9                      
00000732  ADC12MEM9_L                    
00000733  ADC12MEM9_H                    
00000734  ADC12MEM10                     
00000734  ADC12MEM10_L                   
00000735  ADC12MEM10_H                   
00000736  ADC12MEM11                     
00000736  ADC12MEM11_L                   
00000737  ADC12MEM11_H                   
00000738  ADC12MEM12                     
00000738  ADC12MEM12_L                   
00000739  ADC12MEM12_H                   
0000073a  ADC12MEM13                     
0000073a  ADC12MEM13_L                   
0000073b  ADC12MEM13_H                   
0000073c  ADC12MEM14                     
0000073c  ADC12MEM14_L                   
0000073d  ADC12MEM14_H                   
0000073e  ADC12MEM15                     
0000073e  ADC12MEM15_L                   
0000073f  ADC12MEM15_H                   
000008c0  CBCTL0                         
000008c0  CBCTL0_L                       
000008c1  CBCTL0_H                       
000008c2  CBCTL1                         
000008c2  CBCTL1_L                       
000008c3  CBCTL1_H                       
000008c4  CBCTL2                         
000008c4  CBCTL2_L                       
000008c5  CBCTL2_H                       
000008c6  CBCTL3                         
000008c6  CBCTL3_L                       
000008c7  CBCTL3_H                       
000008cc  CBINT                          
000008cc  CBINT_L                        
000008cd  CBINT_H                        
000008ce  CBIV                           
000009c0  AESACTL0                       
000009c0  AESACTL0_L                     
000009c1  AESACTL0_H                     
000009c4  AESASTAT                       
000009c4  AESASTAT_L                     
000009c5  AESASTAT_H                     
000009c6  AESAKEY                        
000009c6  AESAKEY_L                      
000009c7  AESAKEY_H                      
000009c8  AESADIN                        
000009c8  AESADIN_L                      
000009c9  AESADIN_H                      
000009ca  AESADOUT                       
000009ca  AESADOUT_L                     
000009cb  AESADOUT_H                     
00000a00  LCDBCTL0                       
00000a00  LCDBCTL0_L                     
00000a01  LCDBCTL0_H                     
00000a02  LCDBCTL1                       
00000a02  LCDBCTL1_L                     
00000a03  LCDBCTL1_H                     
00000a04  LCDBBLKCTL                     
00000a04  LCDBBLKCTL_L                   
00000a05  LCDBBLKCTL_H                   
00000a06  LCDBMEMCTL                     
00000a06  LCDBMEMCTL_L                   
00000a07  LCDBMEMCTL_H                   
00000a08  LCDBVCTL                       
00000a08  LCDBVCTL_L                     
00000a09  LCDBVCTL_H                     
00000a0a  LCDBPCTL0                      
00000a0a  LCDBPCTL0_L                    
00000a0b  LCDBPCTL0_H                    
00000a0c  LCDBPCTL1                      
00000a0c  LCDBPCTL1_L                    
00000a0d  LCDBPCTL1_H                    
00000a0e  LCDBPCTL2                      
00000a0e  LCDBPCTL2_L                    
00000a0f  LCDBPCTL2_H                    
00000a10  LCDBPCTL3                      
00000a10  LCDBPCTL3_L                    
00000a11  LCDBPCTL3_H                    
00000a12  LCDBCPCTL                      
00000a12  LCDBCPCTL_L                    
00000a13  LCDBCPCTL_H                    
00000a1e  LCDBIV                         
00000a20  LCDM1                          
00000a21  LCDM2                          
00000a22  LCDM3                          
00000a23  LCDM4                          
00000a24  LCDM5                          
00000a25  LCDM6                          
00000a26  LCDM7                          
00000a27  LCDM8                          
00000a28  LCDM9                          
00000a29  LCDM10                         
00000a2a  LCDM11                         
00000a2b  LCDM12                         
00000a2c  LCDM13                         
00000a2d  LCDM14                         
00000a2e  LCDM15                         
00000a2f  LCDM16                         
00000a30  LCDM17                         
00000a31  LCDM18                         
00000a32  LCDM19                         
00000a33  LCDM20                         
00000a34  LCDM21                         
00000a35  LCDM22                         
00000a36  LCDM23                         
00000a37  LCDM24                         
00000a40  LCDBM1                         
00000a41  LCDBM2                         
00000a42  LCDBM3                         
00000a43  LCDBM4                         
00000a44  LCDBM5                         
00000a45  LCDBM6                         
00000a46  LCDBM7                         
00000a47  LCDBM8                         
00000a48  LCDBM9                         
00000a49  LCDBM10                        
00000a4a  LCDBM11                        
00000a4b  LCDBM12                        
00000a4c  LCDBM13                        
00000a4d  LCDBM14                        
00000a4e  LCDBM15                        
00000a4f  LCDBM16                        
00000a50  LCDBM17                        
00000a51  LCDBM18                        
00000a52  LCDBM19                        
00000a53  LCDBM20                        
00000a54  LCDBM21                        
00000a55  LCDBM22                        
00000a56  LCDBM23                        
00000a57  LCDBM24                        
00000f00  RF1AIFCTL0                     
00000f00  RF1AIFCTL0_L                   
00000f01  RF1AIFCTL0_H                   
00000f02  RF1AIFCTL1                     
00000f02  RF1AIFCTL1_L                   
00000f03  RF1AIFCTL1_H                   
00000f04  RF1AIFCTL2                     
00000f04  RF1AIFCTL2_L                   
00000f05  RF1AIFCTL2_H                   
00000f06  RF1AIFERR                      
00000f06  RF1AIFERR_L                    
00000f07  RF1AIFERR_H                    
00000f0c  RF1AIFERRV                     
00000f0c  RF1AIFERRV_L                   
00000f0d  RF1AIFERRV_H                   
00000f0e  RF1AIFIV                       
00000f0e  RF1AIFIV_L                     
00000f0f  RF1AIFIV_H                     
00000f10  RF1AINSTRW                     
00000f10  RF1AINSTRW_L                   
00000f11  RF1AINSTRW_H                   
00000f12  RF1AINSTR1W                    
00000f12  RF1AINSTR1W_L                  
00000f13  RF1AINSTR1W_H                  
00000f14  RF1AINSTR2W                    
00000f14  RF1AINSTR2W_L                  
00000f15  RF1AINSTR2W_H                  
00000f16  RF1ADINW                       
00000f16  RF1ADINW_L                     
00000f17  RF1ADINW_H                     
00000f20  RF1ASTAT0W                     
00000f20  RF1ASTAT0W_L                   
00000f21  RF1ASTAT0W_H                   
00000f22  RF1ASTAT1W                     
00000f22  RF1ASTAT1W_L                   
00000f23  RF1ASTAT1W_H                   
00000f24  RF1ASTAT2W                     
00000f24  RF1ASTAT2W_L                   
00000f25  RF1ASTAT2W_H                   
00000f28  RF1ADOUT0W                     
00000f28  RF1ADOUT0W_L                   
00000f29  RF1ADOUT0W_H                   
00000f2a  RF1ADOUT1W                     
00000f2a  RF1ADOUT1W_L                   
00000f2b  RF1ADOUT1W_H                   
00000f2c  RF1ADOUT2W                     
00000f2c  RF1ADOUT2W_L                   
00000f2d  RF1ADOUT2W_H                   
00000f30  RF1AIN                         
00000f30  RF1AIN_L                       
00000f31  RF1AIN_H                       
00000f32  RF1AIFG                        
00000f32  RF1AIFG_L                      
00000f33  RF1AIFG_H                      
00000f34  RF1AIES                        
00000f34  RF1AIES_L                      
00000f35  RF1AIES_H                      
00000f36  RF1AIE                         
00000f36  RF1AIE_L                       
00000f37  RF1AIE_H                       
00000f38  RF1AIV                         
00000f38  RF1AIV_L                       
00000f39  RF1AIV_H                       
00000f3c  RF1ARXFIFO                     
00000f3c  RF1ARXFIFO_L                   
00000f3d  RF1ARXFIFO_H                   
00000f3e  RF1ATXFIFO                     
00000f3e  RF1ATXFIFO_L                   
00000f3f  RF1ATXFIFO_H                   
00001e0e  KeepTestData1                  
0000201c  TestData1                      
0000222a  ulifo                          
000023ec  __TI_tmpnams                   
0000248c  RcvBuff                        
000024f0  SPI_RX_Buff0                   
0000252a  SRcvBuff                       
00002582  uState                         
000025a2  LHead                          
000025a4  LLastHead                      
000025a6  LastHead                       
000025a8  SBuffSize                      
000025aa  SHead                          
000025ac  STail                          
000025ae  cardSize                       
000025b0  cursector                      
000025b2  rlen                           
000025b4  sd_data                        
000025b6  serial                         
000025b8  spi_rcv_cnt                    
000025ba  spitimer                       
000025bc  t1                             
000025be  timerreload                    
000025c0  used_len                       
000025c2  Fill_lifo_data                 
000025c3  MST_Data                       
000025c4  SLV_Data                       
000025c5  auth_flag                      
000025c6  bcl                            
000025c7  fl_sl                          
000025c8  reload                         
000025c9  restart                        
000025ca  send_enabled                   
000025cb  spi_bitbang_in_data            
000025cc  spi_dma_rxbuf_flag             
000025cd  spilen                         
000025ce  tx_enable                      
000025d0  _sys_memory                    
00002788  _ftable                        
00002828  __TI_cleanup_ptr               
0000282c  __TI_dtors_ptr                 
00002830  _lock                          
00002834  _unlock                        
0000283c  __TI_ft_end                    
0000283e  errno                          
00002840  __TI_enable_exit_profile_output
00002846  _CIOBUF_                       
00002bac  _stack                         
00002bfc  __STACK_END                    
00008000  ReloadModem                    
00008290  strtoul                        
00008424  mmcReadCardSize                
000085b2  SParseBuffer                   
0000870c  SendData                       
00008954  __TI_decompress_lzss           
00008a42  ParseBuffer                    
00008b2c  fputs                          
00008c0a  my_sprintf                     
00008ce8  __TI_printfi_minimal           
00008dc2  setvbuf                        
00008f52  copy_in                        
00009004  malloc                         
000090b2  HOSTlseek                      
0000914e  _auto_init_hold_wdt            
000091e4  spi_init                       
00009274  fputc                          
00009274  putc                           
00009300  Lifo_Get                       
0000938a  sdcard_init                    
00009414  dma_init                       
00009496  uStateInit                     
00009518  free                           
00009598  __TI_wrt_ok                    
00009612  mmcReadBlock                   
0000968a  mmcWriteBlock                  
00009702  HOSTrename                     
0000976c  fseek                          
000097d6  __TI_closefile                 
0000983e  HOSTopen                       
000098a2  mmcGoIdle                      
00009906  __TI_doflush                   
00009968  HOSTwrite                      
000099c8  HOSTread                       
00009a26  mmcCheckBusy                   
00009a84  Lifo_Add                       
00009ade  __mspabi_divul                 
00009ade  __mspabi_remul                 
00009b36  modem_reset_r                  
00009be0  UseLifo                        
00009c2c  close                          
00009c76  mmcSendCmd                     
00009cc0  mmcSetBlockLength              
00009d0a  AddSdCard                      
00009d52  GetSdCard                      
00009d9a  exit                           
00009de2  HOSTclose                      
00009e28  mmcInit                        
00009e6e  spi_bitbang_inout              
00009eb2  HOSTunlink                     
00009ef4  DMA_ISR                        
00009f36  __memcpy_far                   
00009f76  printf                         
00009fb6  spi_task                       
00009ff6  __TI_zero_init                 
0000a034  dma_rcv                        
0000a072  __mspabi_sral_15               
0000a076  __mspabi_sral_14               
0000a07a  __mspabi_sral_13               
0000a07e  __mspabi_sral_12               
0000a082  __mspabi_sral_11               
0000a086  __mspabi_sral_10               
0000a08a  __mspabi_sral_9                
0000a08e  __mspabi_sral_8                
0000a092  __mspabi_sral_7                
0000a096  __mspabi_sral_6                
0000a09a  __mspabi_sral_5                
0000a09e  __mspabi_sral_4                
0000a0a2  __mspabi_sral_3                
0000a0a6  __mspabi_sral_2                
0000a0aa  __mspabi_sral_1                
0000a0b0  __mspabi_slll_15               
0000a0b4  __mspabi_slll_14               
0000a0b8  __mspabi_slll_13               
0000a0bc  __mspabi_slll_12               
0000a0c0  __mspabi_slll_11               
0000a0c4  __mspabi_slll_10               
0000a0c8  __mspabi_slll_9                
0000a0cc  __mspabi_slll_8                
0000a0d0  __mspabi_slll_7                
0000a0d4  __mspabi_slll_6                
0000a0d8  __mspabi_slll_5                
0000a0dc  __mspabi_slll_4                
0000a0e0  __mspabi_slll_3                
0000a0e4  __mspabi_slll_2                
0000a0e8  __mspabi_slll_1                
0000a0ee  __mspabi_srll_15               
0000a0f2  __mspabi_srll_14               
0000a0f6  __mspabi_srll_13               
0000a0fa  __mspabi_srll_12               
0000a0fe  __mspabi_srll_11               
0000a102  __mspabi_srll_10               
0000a106  __mspabi_srll_9                
0000a10a  __mspabi_srll_8                
0000a10e  __mspabi_srll_7                
0000a112  __mspabi_srll_6                
0000a116  __mspabi_srll_5                
0000a11a  __mspabi_srll_4                
0000a11e  __mspabi_srll_3                
0000a122  __mspabi_srll_2                
0000a126  __mspabi_srll_1                
0000a12c  __TI_decompress_none           
0000a168  minit                          
0000a1a0  AddSdCardBase                  
0000a1d6  SBGet                          
0000a20c  strstr                         
0000a242  GetSdCardBase                  
0000a276  TIMER1_A0_ISR                  
0000a2aa  dma_send                       
0000a2de  led_toggle                     
0000a312  spiSendFrame                   
0000a346  __TI_cleanup                   
0000a378  spiReadFrame                   
0000a3a8  PortsInit                      
0000a3d6  __TI_writemsg                  
0000a400  C$$IO$$                        
0000a432  params_init                    
0000a460  CheckCrc                       
0000a48c  __TI_readmsg                   
0000a4b8  init                           
0000a4e4  strncpy                        
0000a510  modem_down                     
0000a53a  remove                         
0000a53a  unlink                         
0000a564  SBAdd                          
0000a58a  SBInit                         
0000a5b0  lseek                          
0000a5d6  Lifo_Used                      
0000a5fa  int_init                       
0000a61e  mmcGetResponse                 
0000a642  __mspabi_mpyl_f5hw             
0000a666  write                          
0000a68a  mmcGetXXResponse               
0000a6ac  data_commandT1                 
0000a6cc  set_uart_9600                  
0000a6ec  wait_ms                        
0000a70c  set_uart_57600                 
0000a72a  spi_dma_rcv                    
0000a748  _c_int00_noargs                
0000a764  findchar                       
0000a780  memccpy                        
0000a79a  parse_bcl                      
0000a7b4  spi_clear_buff                 
0000a7ce  strchr                         
0000a7e8  Modify                         
0000a800  SBUsed                         
0000a818  __mspabi_mpyi_f5hw             
0000a830  strcmp                         
0000a848  BInit                          
0000a85e  __mspabi_divu                  
0000a85e  __mspabi_remu                  
0000a874  uStateKeep                     
0000a88a  leds_init                      
0000a89e  memchr                         
0000a8b2  memset                         
0000a8c6  main                           
0000a8d8  memcpy                         
0000a8ea  __mspabi_srll                  
0000a8fa  strcpy                         
0000a90a  strlen                         
0000a918  wd_reset                       
0000a926  key_pressed                    
0000a930  spiSendByte                    
0000a93a  __TI_ISR_TRAP                  
0000a942  leds_off                       
0000a94a  leds_on                        
0000a952  modem_send_dataT1              
0000a960  C$$EXIT                        
0000a960  abort                          
0000a96a  _system_pre_init               
0000a96e  _nop                           
0000a970  _system_post_cinit             
0000a972  halSPISetup                    
0000aa82  _ctypes_                       
0000ac52  OK_STR                         
0000acaa  __TI_Handler_Table_Base        
0000acb6  __TI_Handler_Table_Limit       
0000acbc  __TI_CINIT_Base                
0000accc  __TI_CINIT_Limit               
0000ffda  __TI_int45                     
0000ffdc  __TI_int46                     
0000ffde  __TI_int47                     
0000ffe0  __TI_int48                     
0000ffe2  __TI_int49                     
0000ffe4  __TI_int50                     
0000ffe6  __TI_int51                     
0000ffe8  __TI_int52                     
0000ffea  __TI_int53                     
0000ffec  __TI_int54                     
0000ffee  __TI_int55                     
0000fff0  __TI_int56                     
0000fff2  __TI_int57                     
0000fff4  __TI_int58                     
0000fff6  __TI_int59                     
0000fff8  __TI_int60                     
0000fffa  __TI_int61                     
0000fffc  __TI_int62                     
0000fffe  _reset_vector                  
ffffffff  __TI_pprof_out_hndl            
ffffffff  __TI_prof_data_size            
ffffffff  __TI_prof_data_start           
ffffffff  __c_args__                     
UNDEFED   __TI_BINIT_Base                
UNDEFED   __TI_BINIT_Limit               
UNDEFED   __TI_INITARRAY_Base            
UNDEFED   __TI_INITARRAY_Limit           

[966 symbols]
