<?xml version="1.0"?>
<link_info>
   <banner>MSP430 Linker PC v16.9.0.LTS</banner>
   <copyright>Copyright (c) 2003-2015 Texas Instruments Incorporated</copyright>
   <link_time>0x5979a7dc</link_time>
   <link_errors>0x0</link_errors>
   <output_file>GSMG.out</output_file>
   <entry_point>
      <name>_c_int00_noargs</name>
      <address>0xa420</address>
   </entry_point>
   <input_file_list>
      <input_file id="fl-79">
         <path>C:\Users\kni\AppData\Local\Temp\</path>
         <kind>object</kind>
         <file>052562</file>
         <name>052562</name>
      </input_file>
      <input_file id="fl-2e">
         <path>C:\ti\ccs700\ccsv7\tools\compiler\ti-cgt-msp430_16.9.0.LTS\lib\</path>
         <kind>archive</kind>
         <file>rts430x_lc_sd_eabi.lib</file>
         <name>boot.obj</name>
      </input_file>
      <input_file id="fl-2f">
         <path>C:\ti\ccs700\ccsv7\tools\compiler\ti-cgt-msp430_16.9.0.LTS\lib\</path>
         <kind>archive</kind>
         <file>rts430x_lc_sd_eabi.lib</file>
         <name>boot_special.obj</name>
      </input_file>
      <input_file id="fl-33">
         <path>C:\ti\ccs700\ccsv7\tools\compiler\ti-cgt-msp430_16.9.0.LTS\lib\</path>
         <kind>archive</kind>
         <file>rts430x_lc_sd_eabi.lib</file>
         <name>cpy_util.obj</name>
      </input_file>
      <input_file id="fl-34">
         <path>C:\ti\ccs700\ccsv7\tools\compiler\ti-cgt-msp430_16.9.0.LTS\lib\</path>
         <kind>archive</kind>
         <file>rts430x_lc_sd_eabi.lib</file>
         <name>div32u.obj</name>
      </input_file>
      <input_file id="fl-35">
         <path>C:\ti\ccs700\ccsv7\tools\compiler\ti-cgt-msp430_16.9.0.LTS\lib\</path>
         <kind>archive</kind>
         <file>rts430x_lc_sd_eabi.lib</file>
         <name>exit.obj</name>
      </input_file>
      <input_file id="fl-37">
         <path>C:\ti\ccs700\ccsv7\tools\compiler\ti-cgt-msp430_16.9.0.LTS\lib\</path>
         <kind>archive</kind>
         <file>rts430x_lc_sd_eabi.lib</file>
         <name>int45.obj</name>
      </input_file>
      <input_file id="fl-38">
         <path>C:\ti\ccs700\ccsv7\tools\compiler\ti-cgt-msp430_16.9.0.LTS\lib\</path>
         <kind>archive</kind>
         <file>rts430x_lc_sd_eabi.lib</file>
         <name>int46.obj</name>
      </input_file>
      <input_file id="fl-39">
         <path>C:\ti\ccs700\ccsv7\tools\compiler\ti-cgt-msp430_16.9.0.LTS\lib\</path>
         <kind>archive</kind>
         <file>rts430x_lc_sd_eabi.lib</file>
         <name>int47.obj</name>
      </input_file>
      <input_file id="fl-3a">
         <path>C:\ti\ccs700\ccsv7\tools\compiler\ti-cgt-msp430_16.9.0.LTS\lib\</path>
         <kind>archive</kind>
         <file>rts430x_lc_sd_eabi.lib</file>
         <name>int48.obj</name>
      </input_file>
      <input_file id="fl-3b">
         <path>C:\ti\ccs700\ccsv7\tools\compiler\ti-cgt-msp430_16.9.0.LTS\lib\</path>
         <kind>archive</kind>
         <file>rts430x_lc_sd_eabi.lib</file>
         <name>int49.obj</name>
      </input_file>
      <input_file id="fl-3c">
         <path>C:\ti\ccs700\ccsv7\tools\compiler\ti-cgt-msp430_16.9.0.LTS\lib\</path>
         <kind>archive</kind>
         <file>rts430x_lc_sd_eabi.lib</file>
         <name>int50.obj</name>
      </input_file>
      <input_file id="fl-3d">
         <path>C:\ti\ccs700\ccsv7\tools\compiler\ti-cgt-msp430_16.9.0.LTS\lib\</path>
         <kind>archive</kind>
         <file>rts430x_lc_sd_eabi.lib</file>
         <name>int53.obj</name>
      </input_file>
      <input_file id="fl-3e">
         <path>C:\ti\ccs700\ccsv7\tools\compiler\ti-cgt-msp430_16.9.0.LTS\lib\</path>
         <kind>archive</kind>
         <file>rts430x_lc_sd_eabi.lib</file>
         <name>int54.obj</name>
      </input_file>
      <input_file id="fl-3f">
         <path>C:\ti\ccs700\ccsv7\tools\compiler\ti-cgt-msp430_16.9.0.LTS\lib\</path>
         <kind>archive</kind>
         <file>rts430x_lc_sd_eabi.lib</file>
         <name>int55.obj</name>
      </input_file>
      <input_file id="fl-40">
         <path>C:\ti\ccs700\ccsv7\tools\compiler\ti-cgt-msp430_16.9.0.LTS\lib\</path>
         <kind>archive</kind>
         <file>rts430x_lc_sd_eabi.lib</file>
         <name>int56.obj</name>
      </input_file>
      <input_file id="fl-41">
         <path>C:\ti\ccs700\ccsv7\tools\compiler\ti-cgt-msp430_16.9.0.LTS\lib\</path>
         <kind>archive</kind>
         <file>rts430x_lc_sd_eabi.lib</file>
         <name>int57.obj</name>
      </input_file>
      <input_file id="fl-42">
         <path>C:\ti\ccs700\ccsv7\tools\compiler\ti-cgt-msp430_16.9.0.LTS\lib\</path>
         <kind>archive</kind>
         <file>rts430x_lc_sd_eabi.lib</file>
         <name>int58.obj</name>
      </input_file>
      <input_file id="fl-43">
         <path>C:\ti\ccs700\ccsv7\tools\compiler\ti-cgt-msp430_16.9.0.LTS\lib\</path>
         <kind>archive</kind>
         <file>rts430x_lc_sd_eabi.lib</file>
         <name>int59.obj</name>
      </input_file>
      <input_file id="fl-44">
         <path>C:\ti\ccs700\ccsv7\tools\compiler\ti-cgt-msp430_16.9.0.LTS\lib\</path>
         <kind>archive</kind>
         <file>rts430x_lc_sd_eabi.lib</file>
         <name>int60.obj</name>
      </input_file>
      <input_file id="fl-45">
         <path>C:\ti\ccs700\ccsv7\tools\compiler\ti-cgt-msp430_16.9.0.LTS\lib\</path>
         <kind>archive</kind>
         <file>rts430x_lc_sd_eabi.lib</file>
         <name>int61.obj</name>
      </input_file>
      <input_file id="fl-46">
         <path>C:\ti\ccs700\ccsv7\tools\compiler\ti-cgt-msp430_16.9.0.LTS\lib\</path>
         <kind>archive</kind>
         <file>rts430x_lc_sd_eabi.lib</file>
         <name>int62.obj</name>
      </input_file>
      <input_file id="fl-47">
         <path>C:\ti\ccs700\ccsv7\tools\compiler\ti-cgt-msp430_16.9.0.LTS\lib\</path>
         <kind>archive</kind>
         <file>rts430x_lc_sd_eabi.lib</file>
         <name>isr_trap.obj</name>
      </input_file>
      <input_file id="fl-48">
         <path>C:\ti\ccs700\ccsv7\tools\compiler\ti-cgt-msp430_16.9.0.LTS\lib\</path>
         <kind>archive</kind>
         <file>rts430x_lc_sd_eabi.lib</file>
         <name>lsl32.obj</name>
      </input_file>
      <input_file id="fl-49">
         <path>C:\ti\ccs700\ccsv7\tools\compiler\ti-cgt-msp430_16.9.0.LTS\lib\</path>
         <kind>archive</kind>
         <file>rts430x_lc_sd_eabi.lib</file>
         <name>lsr32.obj</name>
      </input_file>
      <input_file id="fl-4e">
         <path>C:\ti\ccs700\ccsv7\tools\compiler\ti-cgt-msp430_16.9.0.LTS\lib\</path>
         <kind>archive</kind>
         <file>rts430x_lc_sd_eabi.lib</file>
         <name>mult16.obj</name>
      </input_file>
      <input_file id="fl-4f">
         <path>C:\ti\ccs700\ccsv7\tools\compiler\ti-cgt-msp430_16.9.0.LTS\lib\</path>
         <kind>archive</kind>
         <file>rts430x_lc_sd_eabi.lib</file>
         <name>mult1632_f5hw.obj</name>
      </input_file>
      <input_file id="fl-50">
         <path>C:\ti\ccs700\ccsv7\tools\compiler\ti-cgt-msp430_16.9.0.LTS\lib\</path>
         <kind>archive</kind>
         <file>rts430x_lc_sd_eabi.lib</file>
         <name>mult16_f5hw.obj</name>
      </input_file>
      <input_file id="fl-51">
         <path>C:\ti\ccs700\ccsv7\tools\compiler\ti-cgt-msp430_16.9.0.LTS\lib\</path>
         <kind>archive</kind>
         <file>rts430x_lc_sd_eabi.lib</file>
         <name>mult32.obj</name>
      </input_file>
      <input_file id="fl-52">
         <path>C:\ti\ccs700\ccsv7\tools\compiler\ti-cgt-msp430_16.9.0.LTS\lib\</path>
         <kind>archive</kind>
         <file>rts430x_lc_sd_eabi.lib</file>
         <name>mult3264_f5hw.obj</name>
      </input_file>
      <input_file id="fl-53">
         <path>C:\ti\ccs700\ccsv7\tools\compiler\ti-cgt-msp430_16.9.0.LTS\lib\</path>
         <kind>archive</kind>
         <file>rts430x_lc_sd_eabi.lib</file>
         <name>mult32_f5hw.obj</name>
      </input_file>
      <input_file id="fl-54">
         <path>C:\ti\ccs700\ccsv7\tools\compiler\ti-cgt-msp430_16.9.0.LTS\lib\</path>
         <kind>archive</kind>
         <file>rts430x_lc_sd_eabi.lib</file>
         <name>mult64_f5hw.obj</name>
      </input_file>
      <input_file id="fl-5c">
         <path>C:\ti\ccs700\ccsv7\tools\compiler\ti-cgt-msp430_16.9.0.LTS\lib\</path>
         <kind>archive</kind>
         <file>rts430x_lc_sd_eabi.lib</file>
         <name>args_main.obj</name>
      </input_file>
      <input_file id="fl-5d">
         <path>C:\ti\ccs700\ccsv7\tools\compiler\ti-cgt-msp430_16.9.0.LTS\lib\</path>
         <kind>archive</kind>
         <file>rts430x_lc_sd_eabi.lib</file>
         <name>autoinit_wdt.obj</name>
      </input_file>
      <input_file id="fl-61">
         <path>C:\ti\ccs700\ccsv7\tools\compiler\ti-cgt-msp430_16.9.0.LTS\lib\</path>
         <kind>archive</kind>
         <file>rts430x_lc_sd_eabi.lib</file>
         <name>div16u.obj</name>
      </input_file>
      <input_file id="fl-6d">
         <path>C:\ti\ccs700\ccsv7\tools\compiler\ti-cgt-msp430_16.9.0.LTS\lib\</path>
         <kind>archive</kind>
         <file>rts430x_lc_sd_eabi.lib</file>
         <name>trgmsg.obj</name>
      </input_file>
      <input_file id="fl-6f">
         <path>C:\ti\ccs700\ccsv7\tools\compiler\ti-cgt-msp430_16.9.0.LTS\lib\</path>
         <kind>archive</kind>
         <file>rts430x_lc_sd_eabi.lib</file>
         <name>asr32.obj</name>
      </input_file>
      <input_file id="fl-7a">
         <path>C:\ti\ccs700\ccsv7\tools\compiler\ti-cgt-msp430_16.9.0.LTS\lib\</path>
         <kind>archive</kind>
         <file>rts430x_lc_sd_eabi.lib</file>
         <name>_printfi_min.obj</name>
      </input_file>
      <input_file id="fl-7b">
         <path>C:\ti\ccs700\ccsv7\tools\compiler\ti-cgt-msp430_16.9.0.LTS\lib\</path>
         <kind>archive</kind>
         <file>rts430x_lc_sd_eabi.lib</file>
         <name>lsr64.obj</name>
      </input_file>
      <input_file id="fl-7c">
         <path>C:\ti\ccs700\ccsv7\tools\compiler\ti-cgt-msp430_16.9.0.LTS\lib\</path>
         <kind>archive</kind>
         <file>rts430x_lc_sd_eabi.lib</file>
         <name>memccpy.obj</name>
      </input_file>
   </input_file_list>
   <object_component_list>
      <object_component id="oc-4e7">
         <name>.bss</name>
         <uninitialized>true</uninitialized>
         <run_address>0x259c</run_address>
         <size>0x4</size>
         <input_file_ref idref="fl-3"/>
      </object_component>
      <object_component id="oc-48e">
         <name>.bss</name>
         <uninitialized>true</uninitialized>
         <run_address>0x25a0</run_address>
         <size>0x2</size>
         <input_file_ref idref="fl-5"/>
      </object_component>
      <object_component id="oc-490">
         <name>.bss:Ans$2$3</name>
         <uninitialized>true</uninitialized>
         <run_address>0x2564</run_address>
         <size>0x1e</size>
         <input_file_ref idref="fl-5"/>
      </object_component>
      <object_component id="oc-588">
         <name>.bss:TxBuff$1$4</name>
         <uninitialized>true</uninitialized>
         <run_address>0x1c00</run_address>
         <size>0x20e</size>
         <input_file_ref idref="fl-6"/>
      </object_component>
      <object_component id="oc-6af">
         <name>.bss:parmbuf$40</name>
         <uninitialized>true</uninitialized>
         <run_address>0x258e</run_address>
         <size>0x8</size>
         <input_file_ref idref="fl-6c"/>
      </object_component>
      <object_component id="oc-682">
         <name>.bss</name>
         <uninitialized>true</uninitialized>
         <run_address>0x2596</run_address>
         <size>0x6</size>
         <input_file_ref idref="fl-75"/>
      </object_component>
      <object_component id="oc-4dd">
         <name>.common:used_len</name>
         <uninitialized>true</uninitialized>
         <run_address>0x25c0</run_address>
         <size>0x2</size>
      </object_component>
      <object_component id="oc-49f">
         <name>.common:ulifo</name>
         <uninitialized>true</uninitialized>
         <run_address>0x222a</run_address>
         <size>0x1c2</size>
      </object_component>
      <object_component id="oc-498">
         <name>.common:LHead</name>
         <uninitialized>true</uninitialized>
         <run_address>0x25a2</run_address>
         <size>0x2</size>
      </object_component>
      <object_component id="oc-4b5">
         <name>.common:LLastHead</name>
         <uninitialized>true</uninitialized>
         <run_address>0x25a4</run_address>
         <size>0x2</size>
      </object_component>
      <object_component id="oc-4d8">
         <name>.common:Fill_lifo_data</name>
         <uninitialized>true</uninitialized>
         <run_address>0x25c2</run_address>
         <size>0x1</size>
      </object_component>
      <object_component id="oc-4d0">
         <name>.common:bcl</name>
         <uninitialized>true</uninitialized>
         <run_address>0x25c4</run_address>
         <size>0x1</size>
      </object_component>
      <object_component id="oc-497">
         <name>.common:serial</name>
         <uninitialized>true</uninitialized>
         <run_address>0x25b6</run_address>
         <size>0x2</size>
      </object_component>
      <object_component id="oc-4d1">
         <name>.common:reload</name>
         <uninitialized>true</uninitialized>
         <run_address>0x25c6</run_address>
         <size>0x1</size>
      </object_component>
      <object_component id="oc-437">
         <name>.common:timerreload</name>
         <uninitialized>true</uninitialized>
         <run_address>0x25be</run_address>
         <size>0x2</size>
      </object_component>
      <object_component id="oc-4df">
         <name>.common:TestData1</name>
         <uninitialized>true</uninitialized>
         <run_address>0x201c</run_address>
         <size>0x20e</size>
      </object_component>
      <object_component id="oc-4e0">
         <name>.common:KeepTestData1</name>
         <uninitialized>true</uninitialized>
         <run_address>0x1e0e</run_address>
         <size>0x20e</size>
      </object_component>
      <object_component id="oc-4de">
         <name>.common:auth_flag</name>
         <uninitialized>true</uninitialized>
         <run_address>0x25c3</run_address>
         <size>0x1</size>
      </object_component>
      <object_component id="oc-456">
         <name>.common:tx_enable</name>
         <uninitialized>true</uninitialized>
         <run_address>0x25cb</run_address>
         <size>0x1</size>
      </object_component>
      <object_component id="oc-455">
         <name>.common:setted_size</name>
         <uninitialized>true</uninitialized>
         <run_address>0x25b8</run_address>
         <size>0x2</size>
      </object_component>
      <object_component id="oc-520">
         <name>.common:RcvBuff</name>
         <uninitialized>true</uninitialized>
         <run_address>0x248c</run_address>
         <size>0x64</size>
      </object_component>
      <object_component id="oc-527">
         <name>.common:rlen</name>
         <uninitialized>true</uninitialized>
         <run_address>0x25b2</run_address>
         <size>0x2</size>
      </object_component>
      <object_component id="oc-43e">
         <name>.common:SRcvBuff</name>
         <uninitialized>true</uninitialized>
         <run_address>0x252a</run_address>
         <size>0x3a</size>
      </object_component>
      <object_component id="oc-43b">
         <name>.common:SBuffSize</name>
         <uninitialized>true</uninitialized>
         <run_address>0x25a8</run_address>
         <size>0x2</size>
      </object_component>
      <object_component id="oc-43d">
         <name>.common:SHead</name>
         <uninitialized>true</uninitialized>
         <run_address>0x25aa</run_address>
         <size>0x2</size>
      </object_component>
      <object_component id="oc-48d">
         <name>.common:STail</name>
         <uninitialized>true</uninitialized>
         <run_address>0x25ac</run_address>
         <size>0x2</size>
      </object_component>
      <object_component id="oc-43c">
         <name>.common:LastHead</name>
         <uninitialized>true</uninitialized>
         <run_address>0x25a6</run_address>
         <size>0x2</size>
      </object_component>
      <object_component id="oc-48f">
         <name>.common:fl_sl</name>
         <uninitialized>true</uninitialized>
         <run_address>0x25c5</run_address>
         <size>0x1</size>
      </object_component>
      <object_component id="oc-555">
         <name>.common:spi_bitbang_in_data</name>
         <uninitialized>true</uninitialized>
         <run_address>0x25c9</run_address>
         <size>0x1</size>
      </object_component>
      <object_component id="oc-436">
         <name>.common:t1</name>
         <uninitialized>true</uninitialized>
         <run_address>0x25bc</run_address>
         <size>0x2</size>
      </object_component>
      <object_component id="oc-438">
         <name>.common:spitimer</name>
         <uninitialized>true</uninitialized>
         <run_address>0x25ba</run_address>
         <size>0x2</size>
      </object_component>
      <object_component id="oc-453">
         <name>.common:restart</name>
         <uninitialized>true</uninitialized>
         <run_address>0x25c7</run_address>
         <size>0x1</size>
      </object_component>
      <object_component id="oc-439">
         <name>.common:spilen</name>
         <uninitialized>true</uninitialized>
         <run_address>0x25ca</run_address>
         <size>0x1</size>
      </object_component>
      <object_component id="oc-44c">
         <name>.common:send_enabled</name>
         <uninitialized>true</uninitialized>
         <run_address>0x25c8</run_address>
         <size>0x1</size>
      </object_component>
      <object_component id="oc-499">
         <name>.common:cursector</name>
         <uninitialized>true</uninitialized>
         <run_address>0x25b0</run_address>
         <size>0x2</size>
      </object_component>
      <object_component id="oc-4ad">
         <name>.common:sd_data</name>
         <uninitialized>true</uninitialized>
         <run_address>0x25b4</run_address>
         <size>0x2</size>
      </object_component>
      <object_component id="oc-4ac">
         <name>.common:cardSize</name>
         <uninitialized>true</uninitialized>
         <run_address>0x25ae</run_address>
         <size>0x2</size>
      </object_component>
      <object_component id="oc-43a">
         <name>.common:SPI_RX_Buff0</name>
         <uninitialized>true</uninitialized>
         <run_address>0x24f0</run_address>
         <size>0x3a</size>
      </object_component>
      <object_component id="oc-4ae">
         <name>.common:uState</name>
         <uninitialized>true</uninitialized>
         <run_address>0x2582</run_address>
         <size>0xc</size>
      </object_component>
      <object_component id="oc-6ce">
         <name>.common:__TI_tmpnams</name>
         <uninitialized>true</uninitialized>
         <run_address>0x23ec</run_address>
         <size>0xa0</size>
      </object_component>
      <object_component id="oc-46e">
         <name>.data</name>
         <load_address>0x283c</load_address>
         <run_address>0x283c</run_address>
         <size>0x2</size>
         <input_file_ref idref="fl-35"/>
      </object_component>
      <object_component id="oc-4d9">
         <name>.data</name>
         <load_address>0x2834</load_address>
         <run_address>0x2834</run_address>
         <size>0x4</size>
         <input_file_ref idref="fl-3"/>
      </object_component>
      <object_component id="oc-445">
         <name>.data</name>
         <load_address>0x2840</load_address>
         <run_address>0x2840</run_address>
         <size>0x1</size>
         <input_file_ref idref="fl-c"/>
      </object_component>
      <object_component id="oc-477">
         <name>.data:__TI_cleanup_ptr</name>
         <load_address>0x2824</load_address>
         <run_address>0x2824</run_address>
         <size>0x4</size>
         <input_file_ref idref="fl-36"/>
      </object_component>
      <object_component id="oc-474">
         <name>.data:__TI_dtors_ptr</name>
         <load_address>0x2828</load_address>
         <run_address>0x2828</run_address>
         <size>0x4</size>
         <input_file_ref idref="fl-36"/>
      </object_component>
      <object_component id="oc-4bb">
         <name>.data:_ftable</name>
         <load_address>0x2784</load_address>
         <run_address>0x2784</run_address>
         <size>0x78</size>
         <input_file_ref idref="fl-60"/>
      </object_component>
      <object_component id="oc-471">
         <name>.data:_lock</name>
         <load_address>0x282c</load_address>
         <run_address>0x282c</run_address>
         <size>0x4</size>
         <input_file_ref idref="fl-5a"/>
      </object_component>
      <object_component id="oc-47a">
         <name>.data:_unlock</name>
         <load_address>0x2830</load_address>
         <run_address>0x2830</run_address>
         <size>0x4</size>
         <input_file_ref idref="fl-5a"/>
      </object_component>
      <object_component id="oc-632">
         <name>.data</name>
         <load_address>0x283a</load_address>
         <run_address>0x283a</run_address>
         <size>0x2</size>
         <input_file_ref idref="fl-62"/>
      </object_component>
      <object_component id="oc-690">
         <name>.data</name>
         <load_address>0x2838</load_address>
         <run_address>0x2838</run_address>
         <size>0x2</size>
         <input_file_ref idref="fl-60"/>
      </object_component>
      <object_component id="oc-615">
         <name>.data:_device$33</name>
         <load_address>0x270c</load_address>
         <run_address>0x270c</run_address>
         <size>0x78</size>
         <input_file_ref idref="fl-65"/>
      </object_component>
      <object_component id="oc-5c6">
         <name>.data:_stream$33</name>
         <load_address>0x27fc</load_address>
         <run_address>0x27fc</run_address>
         <size>0x28</size>
         <input_file_ref idref="fl-65"/>
      </object_component>
      <object_component id="oc-686">
         <name>.data</name>
         <load_address>0x283e</load_address>
         <run_address>0x283e</run_address>
         <size>0x2</size>
         <input_file_ref idref="fl-75"/>
      </object_component>
      <object_component id="oc-38d">
         <name>.sysmem</name>
         <uninitialized>true</uninitialized>
         <run_address>0x25cc</run_address>
         <size>0x4</size>
         <input_file_ref idref="fl-75"/>
      </object_component>
      <object_component id="oc-76f">
         <name>.sysmem</name>
         <uninitialized>true</uninitialized>
         <run_address>0x25cc</run_address>
         <size>0x0</size>
      </object_component>
      <object_component id="oc-390">
         <name>.stack</name>
         <uninitialized>true</uninitialized>
         <run_address>0x2bac</run_address>
         <size>0x2</size>
         <input_file_ref idref="fl-2e"/>
      </object_component>
      <object_component id="oc-76e">
         <name>.stack</name>
         <uninitialized>true</uninitialized>
         <run_address>0x2bac</run_address>
         <size>0x0</size>
      </object_component>
      <object_component id="oc-4fa">
         <name>.text:ReloadModem</name>
         <load_address>0x8000</load_address>
         <run_address>0x8000</run_address>
         <size>0x2a8</size>
         <input_file_ref idref="fl-3"/>
      </object_component>
      <object_component id="oc-43f">
         <name>.text:SParseBuffer</name>
         <load_address>0x82a8</load_address>
         <run_address>0x82a8</run_address>
         <size>0x1e0</size>
         <input_file_ref idref="fl-5"/>
      </object_component>
      <object_component id="oc-5df">
         <name>.text:strtoul</name>
         <load_address>0x8488</load_address>
         <run_address>0x8488</run_address>
         <size>0x194</size>
         <input_file_ref idref="fl-59"/>
      </object_component>
      <object_component id="oc-44d">
         <name>.text:SendData</name>
         <load_address>0x861c</load_address>
         <run_address>0x861c</run_address>
         <size>0x144</size>
         <input_file_ref idref="fl-3"/>
      </object_component>
      <object_component id="oc-5a9">
         <name>.text:mmcReadCardSize</name>
         <load_address>0x8760</load_address>
         <run_address>0x8760</run_address>
         <size>0x140</size>
         <input_file_ref idref="fl-9"/>
      </object_component>
      <object_component id="oc-646">
         <name>.text:_setfield</name>
         <load_address>0x88a0</load_address>
         <run_address>0x88a0</run_address>
         <size>0x10e</size>
         <input_file_ref idref="fl-7a"/>
      </object_component>
      <object_component id="oc-52e">
         <name>.text:sdcard_init</name>
         <load_address>0x89ae</load_address>
         <run_address>0x89ae</run_address>
         <size>0x100</size>
         <input_file_ref idref="fl-b"/>
      </object_component>
      <object_component id="oc-578">
         <name>.text:ParseBuffer</name>
         <load_address>0x8aae</load_address>
         <run_address>0x8aae</run_address>
         <size>0xfa</size>
         <input_file_ref idref="fl-4"/>
      </object_component>
      <object_component id="oc-68">
         <name>.text:decompress:lzss:__TI_decompress_lzss</name>
         <load_address>0x8ba8</load_address>
         <run_address>0x8ba8</run_address>
         <size>0xee</size>
         <input_file_ref idref="fl-30"/>
      </object_component>
      <object_component id="oc-620">
         <name>.text:malloc</name>
         <load_address>0x8c96</load_address>
         <run_address>0x8c96</run_address>
         <size>0xe8</size>
         <input_file_ref idref="fl-75"/>
      </object_component>
      <object_component id="oc-4bf">
         <name>.text:fputs</name>
         <load_address>0x8d7e</load_address>
         <run_address>0x8d7e</run_address>
         <size>0xe4</size>
         <input_file_ref idref="fl-64"/>
      </object_component>
      <object_component id="oc-5f8">
         <name>.text:__TI_printfi_minimal</name>
         <load_address>0x8e62</load_address>
         <run_address>0x8e62</run_address>
         <size>0xda</size>
         <input_file_ref idref="fl-7a"/>
      </object_component>
      <object_component id="oc-480">
         <name>.text:init</name>
         <load_address>0x8f3c</load_address>
         <run_address>0x8f3c</run_address>
         <size>0xd8</size>
         <input_file_ref idref="fl-8"/>
      </object_component>
      <object_component id="oc-5c9">
         <name>.text:setvbuf</name>
         <load_address>0x9014</load_address>
         <run_address>0x9014</run_address>
         <size>0xcc</size>
         <input_file_ref idref="fl-72"/>
      </object_component>
      <object_component id="oc-69b">
         <name>.text:_pproc_diouxp</name>
         <load_address>0x90e0</load_address>
         <run_address>0x90e0</run_address>
         <size>0xc4</size>
         <input_file_ref idref="fl-7a"/>
      </object_component>
      <object_component id="oc-68a">
         <name>.text:__TI_closefile</name>
         <load_address>0x91a4</load_address>
         <run_address>0x91a4</run_address>
         <size>0xbc</size>
         <input_file_ref idref="fl-76"/>
      </object_component>
      <object_component id="oc-55c">
         <name>.text:__TI_wrt_ok</name>
         <load_address>0x9260</load_address>
         <run_address>0x9260</run_address>
         <size>0xb2</size>
         <input_file_ref idref="fl-6e"/>
      </object_component>
      <object_component id="oc-459">
         <name>.text:copy_in</name>
         <load_address>0x9312</load_address>
         <run_address>0x9312</run_address>
         <size>0xb2</size>
         <input_file_ref idref="fl-5e"/>
      </object_component>
      <object_component id="oc-3b1">
         <name>.text:_isr:TIMER1_A0_ISR</name>
         <load_address>0x93c4</load_address>
         <run_address>0x93c4</run_address>
         <size>0xb0</size>
         <input_file_ref idref="fl-8"/>
      </object_component>
      <object_component id="oc-4f4">
         <name>.text:UseLifo</name>
         <load_address>0x9474</load_address>
         <run_address>0x9474</run_address>
         <size>0xac</size>
         <input_file_ref idref="fl-2"/>
      </object_component>
      <object_component id="oc-59a">
         <name>.text:my_sprintf</name>
         <load_address>0x9520</load_address>
         <run_address>0x9520</run_address>
         <size>0xac</size>
         <input_file_ref idref="fl-3"/>
      </object_component>
      <object_component id="oc-66e">
         <name>.text:HOSTlseek</name>
         <load_address>0x95cc</load_address>
         <run_address>0x95cc</run_address>
         <size>0x9c</size>
         <input_file_ref idref="fl-6c"/>
      </object_component>
      <object_component id="oc-4a0">
         <name>.text:mmcWriteBlock</name>
         <load_address>0x9668</load_address>
         <run_address>0x9668</run_address>
         <size>0x9c</size>
         <input_file_ref idref="fl-9"/>
      </object_component>
      <object_component id="oc-3c4">
         <name>.text:_auto_init_hold_wdt</name>
         <load_address>0x9704</load_address>
         <run_address>0x9704</run_address>
         <size>0x96</size>
         <input_file_ref idref="fl-5d"/>
      </object_component>
      <object_component id="oc-639">
         <name>.text:fputc</name>
         <load_address>0x979a</load_address>
         <run_address>0x979a</run_address>
         <size>0x8c</size>
         <input_file_ref idref="fl-63"/>
      </object_component>
      <object_component id="oc-5a3">
         <name>.text:mmcInit</name>
         <load_address>0x9826</load_address>
         <run_address>0x9826</run_address>
         <size>0x8a</size>
         <input_file_ref idref="fl-9"/>
      </object_component>
      <object_component id="oc-528">
         <name>.text:dma_init</name>
         <load_address>0x98b0</load_address>
         <run_address>0x98b0</run_address>
         <size>0x88</size>
         <input_file_ref idref="fl-6"/>
      </object_component>
      <object_component id="oc-67a">
         <name>.text:HOSTrename</name>
         <load_address>0x9938</load_address>
         <run_address>0x9938</run_address>
         <size>0x7e</size>
         <input_file_ref idref="fl-6c"/>
      </object_component>
      <object_component id="oc-61a">
         <name>.text:free</name>
         <load_address>0x99b6</load_address>
         <run_address>0x99b6</run_address>
         <size>0x7e</size>
         <input_file_ref idref="fl-75"/>
      </object_component>
      <object_component id="oc-446">
         <name>.text:spi_init</name>
         <load_address>0x9a34</load_address>
         <run_address>0x9a34</run_address>
         <size>0x7e</size>
         <input_file_ref idref="fl-c"/>
      </object_component>
      <object_component id="oc-581">
         <name>.text:mmcReadBlock</name>
         <load_address>0x9ab2</load_address>
         <run_address>0x9ab2</run_address>
         <size>0x6c</size>
         <input_file_ref idref="fl-9"/>
      </object_component>
      <object_component id="oc-656">
         <name>.text:HOSTopen</name>
         <load_address>0x9b1e</load_address>
         <run_address>0x9b1e</run_address>
         <size>0x6a</size>
         <input_file_ref idref="fl-6c"/>
      </object_component>
      <object_component id="oc-568">
         <name>.text:__TI_doflush</name>
         <load_address>0x9b88</load_address>
         <run_address>0x9b88</run_address>
         <size>0x62</size>
         <input_file_ref idref="fl-70"/>
      </object_component>
      <object_component id="oc-668">
         <name>.text:HOSTwrite</name>
         <load_address>0x9bea</load_address>
         <run_address>0x9bea</run_address>
         <size>0x60</size>
         <input_file_ref idref="fl-6c"/>
      </object_component>
      <object_component id="oc-662">
         <name>.text:HOSTread</name>
         <load_address>0x9c4a</load_address>
         <run_address>0x9c4a</run_address>
         <size>0x5e</size>
         <input_file_ref idref="fl-6c"/>
      </object_component>
      <object_component id="oc-60c">
         <name>.text</name>
         <load_address>0x9ca8</load_address>
         <run_address>0x9ca8</run_address>
         <size>0x58</size>
         <input_file_ref idref="fl-34"/>
      </object_component>
      <object_component id="oc-6cf">
         <name>.text:getdevice$33</name>
         <load_address>0x9d00</load_address>
         <run_address>0x9d00</run_address>
         <size>0x56</size>
         <input_file_ref idref="fl-65"/>
      </object_component>
      <object_component id="oc-4e8">
         <name>.text:GetSdCard</name>
         <load_address>0x9d56</load_address>
         <run_address>0x9d56</run_address>
         <size>0x4a</size>
         <input_file_ref idref="fl-b"/>
      </object_component>
      <object_component id="oc-674">
         <name>.text:HOSTunlink</name>
         <load_address>0x9da0</load_address>
         <run_address>0x9da0</run_address>
         <size>0x48</size>
         <input_file_ref idref="fl-6c"/>
      </object_component>
      <object_component id="oc-3b7">
         <name>.text:_isr:DMA_ISR</name>
         <load_address>0x9de8</load_address>
         <run_address>0x9de8</run_address>
         <size>0x48</size>
         <input_file_ref idref="fl-c"/>
      </object_component>
      <object_component id="oc-3d0">
         <name>.text:exit</name>
         <load_address>0x9e30</load_address>
         <run_address>0x9e30</run_address>
         <size>0x48</size>
         <input_file_ref idref="fl-35"/>
      </object_component>
      <object_component id="oc-53d">
         <name>.text:mmcSendCmd</name>
         <load_address>0x9e78</load_address>
         <run_address>0x9e78</run_address>
         <size>0x48</size>
         <input_file_ref idref="fl-9"/>
      </object_component>
      <object_component id="oc-65c">
         <name>.text:HOSTclose</name>
         <load_address>0x9ec0</load_address>
         <run_address>0x9ec0</run_address>
         <size>0x46</size>
         <input_file_ref idref="fl-6c"/>
      </object_component>
      <object_component id="oc-594">
         <name>.text:modem_send_dataT1</name>
         <load_address>0x9f06</load_address>
         <run_address>0x9f06</run_address>
         <size>0x46</size>
         <input_file_ref idref="fl-3"/>
      </object_component>
      <object_component id="oc-4d2">
         <name>.text:dma_rcv</name>
         <load_address>0x9f4c</load_address>
         <run_address>0x9f4c</run_address>
         <size>0x44</size>
         <input_file_ref idref="fl-6"/>
      </object_component>
      <object_component id="oc-549">
         <name>.text:spi_bitbang_inout</name>
         <load_address>0x9f90</load_address>
         <run_address>0x9f90</run_address>
         <size>0x42</size>
         <input_file_ref idref="fl-7"/>
      </object_component>
      <object_component id="oc-3a4">
         <name>.text:__memcpy_far</name>
         <load_address>0x9fd2</load_address>
         <run_address>0x9fd2</run_address>
         <size>0x40</size>
         <input_file_ref idref="fl-33"/>
      </object_component>
      <object_component id="oc-86">
         <name>.text:decompress:ZI:__TI_zero_init</name>
         <load_address>0xa012</load_address>
         <run_address>0xa012</run_address>
         <size>0x3e</size>
         <input_file_ref idref="fl-32"/>
      </object_component>
      <object_component id="oc-6c2">
         <name>.text:l_asr_const</name>
         <load_address>0xa050</load_address>
         <run_address>0xa050</run_address>
         <size>0x3e</size>
         <input_file_ref idref="fl-6f"/>
      </object_component>
      <object_component id="oc-49a">
         <name>.text:l_lsl_const</name>
         <load_address>0xa08e</load_address>
         <run_address>0xa08e</run_address>
         <size>0x3e</size>
         <input_file_ref idref="fl-48"/>
      </object_component>
      <object_component id="oc-602">
         <name>.text:l_lsr_const</name>
         <load_address>0xa0cc</load_address>
         <run_address>0xa0cc</run_address>
         <size>0x3e</size>
         <input_file_ref idref="fl-49"/>
      </object_component>
      <object_component id="oc-6e">
         <name>.text:decompress:none:__TI_decompress_none</name>
         <load_address>0xa10a</load_address>
         <run_address>0xa10a</run_address>
         <size>0x3c</size>
         <input_file_ref idref="fl-31"/>
      </object_component>
      <object_component id="oc-6f4">
         <name>.text:finddevice$33</name>
         <load_address>0xa146</load_address>
         <run_address>0xa146</run_address>
         <size>0x3c</size>
         <input_file_ref idref="fl-65"/>
      </object_component>
      <object_component id="oc-537">
         <name>.text:mmcSetBlockLength</name>
         <load_address>0xa182</load_address>
         <run_address>0xa182</run_address>
         <size>0x3c</size>
         <input_file_ref idref="fl-9"/>
      </object_component>
      <object_component id="oc-4ee">
         <name>.text:dma_send</name>
         <load_address>0xa1be</load_address>
         <run_address>0xa1be</run_address>
         <size>0x34</size>
         <input_file_ref idref="fl-6"/>
      </object_component>
      <object_component id="oc-626">
         <name>.text:__TI_cleanup</name>
         <load_address>0xa1f2</load_address>
         <run_address>0xa1f2</run_address>
         <size>0x32</size>
         <input_file_ref idref="fl-74"/>
      </object_component>
      <object_component id="oc-58e">
         <name>.text:printf</name>
         <load_address>0xa224</load_address>
         <run_address>0xa224</run_address>
         <size>0x32</size>
         <input_file_ref idref="fl-56"/>
      </object_component>
      <object_component id="oc-6b2">
         <name>.text:__TI_writemsg</name>
         <load_address>0xa256</load_address>
         <run_address>0xa256</run_address>
         <size>0x2e</size>
         <input_file_ref idref="fl-6d"/>
      </object_component>
      <object_component id="oc-6b8">
         <name>.text:__TI_readmsg</name>
         <load_address>0xa284</load_address>
         <run_address>0xa284</run_address>
         <size>0x2c</size>
         <input_file_ref idref="fl-6d"/>
      </object_component>
      <object_component id="oc-4c5">
         <name>.text:led_toggle</name>
         <load_address>0xa2b0</load_address>
         <run_address>0xa2b0</run_address>
         <size>0x2c</size>
         <input_file_ref idref="fl-8"/>
      </object_component>
      <object_component id="oc-4af">
         <name>.text:AddSdCardBase</name>
         <load_address>0xa2dc</load_address>
         <run_address>0xa2dc</run_address>
         <size>0x2a</size>
         <input_file_ref idref="fl-b"/>
      </object_component>
      <object_component id="oc-6ee">
         <name>.text:strncpy</name>
         <load_address>0xa306</load_address>
         <run_address>0xa306</run_address>
         <size>0x2a</size>
         <input_file_ref idref="fl-6b"/>
      </object_component>
      <object_component id="oc-54f">
         <name>.text:spiSendFrame</name>
         <load_address>0xa330</load_address>
         <run_address>0xa330</run_address>
         <size>0x26</size>
         <input_file_ref idref="fl-7"/>
      </object_component>
      <object_component id="oc-607">
         <name>.text</name>
         <load_address>0xa356</load_address>
         <run_address>0xa356</run_address>
         <size>0x24</size>
         <input_file_ref idref="fl-53"/>
      </object_component>
      <object_component id="oc-56e">
         <name>.text:write</name>
         <load_address>0xa37a</load_address>
         <run_address>0xa37a</run_address>
         <size>0x24</size>
         <input_file_ref idref="fl-65"/>
      </object_component>
      <object_component id="oc-5af">
         <name>.text:GetSdCardBase</name>
         <load_address>0xa39e</load_address>
         <run_address>0xa39e</run_address>
         <size>0x22</size>
         <input_file_ref idref="fl-b"/>
      </object_component>
      <object_component id="oc-491">
         <name>.text:CheckCrc</name>
         <load_address>0xa3c0</load_address>
         <run_address>0xa3c0</run_address>
         <size>0x20</size>
         <input_file_ref idref="fl-c"/>
      </object_component>
      <object_component id="oc-5d3">
         <name>.text:findchar</name>
         <load_address>0xa3e0</load_address>
         <run_address>0xa3e0</run_address>
         <size>0x20</size>
         <input_file_ref idref="fl-4"/>
      </object_component>
      <object_component id="oc-4a6">
         <name>.text:wait_ms</name>
         <load_address>0xa400</load_address>
         <run_address>0xa400</run_address>
         <size>0x20</size>
         <input_file_ref idref="fl-8"/>
      </object_component>
      <object_component id="oc-98">
         <name>.text:_isr:_c_int00_noargs</name>
         <load_address>0xa420</load_address>
         <run_address>0xa420</run_address>
         <size>0x1c</size>
         <input_file_ref idref="fl-2f"/>
      </object_component>
      <object_component id="oc-5b6">
         <name>.text:mmcGetResponse</name>
         <load_address>0xa43c</load_address>
         <run_address>0xa43c</run_address>
         <size>0x1c</size>
         <input_file_ref idref="fl-9"/>
      </object_component>
      <object_component id="oc-543">
         <name>.text:mmcGetXXResponse</name>
         <load_address>0xa458</load_address>
         <run_address>0xa458</run_address>
         <size>0x1c</size>
         <input_file_ref idref="fl-9"/>
      </object_component>
      <object_component id="oc-6a1">
         <name>.text:memccpy</name>
         <load_address>0xa474</load_address>
         <run_address>0xa474</run_address>
         <size>0x1a</size>
         <input_file_ref idref="fl-7c"/>
      </object_component>
      <object_component id="oc-5d9">
         <name>.text:strchr</name>
         <load_address>0xa48e</load_address>
         <run_address>0xa48e</run_address>
         <size>0x1a</size>
         <input_file_ref idref="fl-57"/>
      </object_component>
      <object_component id="oc-4b6">
         <name>.text</name>
         <load_address>0xa4a8</load_address>
         <run_address>0xa4a8</run_address>
         <size>0x18</size>
         <input_file_ref idref="fl-50"/>
      </object_component>
      <object_component id="oc-6d8">
         <name>.text</name>
         <load_address>0xa4c0</load_address>
         <run_address>0xa4c0</run_address>
         <size>0x16</size>
         <input_file_ref idref="fl-61"/>
      </object_component>
      <object_component id="oc-562">
         <name>.text:memchr</name>
         <load_address>0xa4d6</load_address>
         <run_address>0xa4d6</run_address>
         <size>0x14</size>
         <input_file_ref idref="fl-67"/>
      </object_component>
      <object_component id="oc-3de">
         <name>.text:main</name>
         <load_address>0xa4ea</load_address>
         <run_address>0xa4ea</run_address>
         <size>0x12</size>
         <input_file_ref idref="fl-8"/>
      </object_component>
      <object_component id="oc-521">
         <name>.text:memset</name>
         <load_address>0xa4fc</load_address>
         <run_address>0xa4fc</run_address>
         <size>0x12</size>
         <input_file_ref idref="fl-4c"/>
      </object_component>
      <object_component id="oc-5bd">
         <name>.text:l_lsr</name>
         <load_address>0xa50e</load_address>
         <run_address>0xa50e</run_address>
         <size>0x10</size>
         <input_file_ref idref="fl-49"/>
      </object_component>
      <object_component id="oc-4e1">
         <name>.text:memcpy</name>
         <load_address>0xa51e</load_address>
         <run_address>0xa51e</run_address>
         <size>0x10</size>
         <input_file_ref idref="fl-4b"/>
      </object_component>
      <object_component id="oc-640">
         <name>.text:strlen</name>
         <load_address>0xa52e</load_address>
         <run_address>0xa52e</run_address>
         <size>0xe</size>
         <input_file_ref idref="fl-6a"/>
      </object_component>
      <object_component id="oc-3ac">
         <name>.text:_isr:__TI_ISR_TRAP</name>
         <load_address>0xa53c</load_address>
         <run_address>0xa53c</run_address>
         <size>0x8</size>
         <input_file_ref idref="fl-47"/>
      </object_component>
      <object_component id="oc-5f2">
         <name>.text:_outc$21</name>
         <load_address>0xa544</load_address>
         <run_address>0xa544</run_address>
         <size>0x6</size>
         <input_file_ref idref="fl-56"/>
      </object_component>
      <object_component id="oc-3e6">
         <name>.text:abort</name>
         <load_address>0xa54a</load_address>
         <run_address>0xa54a</run_address>
         <size>0x6</size>
         <input_file_ref idref="fl-35"/>
      </object_component>
      <object_component id="oc-5ec">
         <name>.text:_outs$21</name>
         <load_address>0xa550</load_address>
         <run_address>0xa550</run_address>
         <size>0x4</size>
         <input_file_ref idref="fl-56"/>
      </object_component>
      <object_component id="oc-3be">
         <name>.text:_system_pre_init</name>
         <load_address>0xa554</load_address>
         <run_address>0xa554</run_address>
         <size>0x4</size>
         <input_file_ref idref="fl-55"/>
      </object_component>
      <object_component id="oc-510">
         <name>.text:_nop</name>
         <load_address>0xa558</load_address>
         <run_address>0xa558</run_address>
         <size>0x2</size>
         <input_file_ref idref="fl-5a"/>
      </object_component>
      <object_component id="oc-45f">
         <name>.text:_system_post_cinit</name>
         <load_address>0xa55a</load_address>
         <run_address>0xa55a</run_address>
         <size>0x2</size>
         <input_file_ref idref="fl-68"/>
      </object_component>
      <object_component id="oc-76d">
         <name>.cinit..data.load</name>
         <load_address>0xa840</load_address>
         <run_address>0xa840</run_address>
         <size>0x53</size>
      </object_component>
      <object_component id="oc-76a">
         <name>__TI_handler_table</name>
         <load_address>0xa894</load_address>
         <run_address>0xa894</run_address>
         <size>0xc</size>
      </object_component>
      <object_component id="oc-76c">
         <name>.cinit..bss.load</name>
         <load_address>0xa8a0</load_address>
         <run_address>0xa8a0</run_address>
         <size>0x6</size>
      </object_component>
      <object_component id="oc-76b">
         <name>__TI_cinit_table</name>
         <load_address>0xa8a6</load_address>
         <run_address>0xa8a6</run_address>
         <size>0x10</size>
      </object_component>
      <object_component id="oc-4be">
         <name>.const:.string</name>
         <load_address>0xa55c</load_address>
         <run_address>0xa55c</run_address>
         <size>0x1b0</size>
         <input_file_ref idref="fl-79"/>
      </object_component>
      <object_component id="oc-62f">
         <name>.const:.string:_ctypes_</name>
         <load_address>0xa70c</load_address>
         <run_address>0xa70c</run_address>
         <size>0x101</size>
         <input_file_ref idref="fl-5f"/>
      </object_component>
      <object_component id="oc-58b">
         <name>.const:.string:$P$T0$3$1</name>
         <load_address>0xa80e</load_address>
         <run_address>0xa80e</run_address>
         <size>0x17</size>
         <input_file_ref idref="fl-3"/>
      </object_component>
      <object_component id="oc-69a">
         <name>.const:.string</name>
         <load_address>0xa826</load_address>
         <run_address>0xa826</run_address>
         <size>0x14</size>
         <input_file_ref idref="fl-7a"/>
      </object_component>
      <object_component id="oc-5e5">
         <name>.const:.string:OK_STR</name>
         <load_address>0xa83a</load_address>
         <run_address>0xa83a</run_address>
         <size>0x3</size>
         <input_file_ref idref="fl-4"/>
      </object_component>
      <object_component id="oc-4cd">
         <name>.const:.string:$P$T1$8$1</name>
         <load_address>0xa83e</load_address>
         <run_address>0xa83e</run_address>
         <size>0x2</size>
         <input_file_ref idref="fl-3"/>
      </object_component>
      <object_component id="oc-6e7">
         <name>.cio</name>
         <uninitialized>true</uninitialized>
         <run_address>0x2842</run_address>
         <size>0x120</size>
         <input_file_ref idref="fl-6d"/>
      </object_component>
      <object_component id="oc-705">
         <name>.binit</name>
         <load_address>0x8000</load_address>
         <run_address>0x8000</run_address>
         <size>0x0</size>
      </object_component>
      <object_component id="oc-74">
         <name>.int45</name>
         <load_address>0xffda</load_address>
         <run_address>0xffda</run_address>
         <size>0x2</size>
         <input_file_ref idref="fl-37"/>
      </object_component>
      <object_component id="oc-75">
         <name>.int46</name>
         <load_address>0xffdc</load_address>
         <run_address>0xffdc</run_address>
         <size>0x2</size>
         <input_file_ref idref="fl-38"/>
      </object_component>
      <object_component id="oc-76">
         <name>.int47</name>
         <load_address>0xffde</load_address>
         <run_address>0xffde</run_address>
         <size>0x2</size>
         <input_file_ref idref="fl-39"/>
      </object_component>
      <object_component id="oc-77">
         <name>.int48</name>
         <load_address>0xffe0</load_address>
         <run_address>0xffe0</run_address>
         <size>0x2</size>
         <input_file_ref idref="fl-3a"/>
      </object_component>
      <object_component id="oc-78">
         <name>.int49</name>
         <load_address>0xffe2</load_address>
         <run_address>0xffe2</run_address>
         <size>0x2</size>
         <input_file_ref idref="fl-3b"/>
      </object_component>
      <object_component id="oc-79">
         <name>.int50</name>
         <load_address>0xffe4</load_address>
         <run_address>0xffe4</run_address>
         <size>0x2</size>
         <input_file_ref idref="fl-3c"/>
      </object_component>
      <object_component id="oc-7a">
         <name>.int51</name>
         <load_address>0xffe6</load_address>
         <run_address>0xffe6</run_address>
         <size>0x2</size>
         <input_file_ref idref="fl-79"/>
      </object_component>
      <object_component id="oc-7b">
         <name>.int52</name>
         <load_address>0xffe8</load_address>
         <run_address>0xffe8</run_address>
         <size>0x2</size>
         <input_file_ref idref="fl-79"/>
      </object_component>
      <object_component id="oc-7c">
         <name>.int53</name>
         <load_address>0xffea</load_address>
         <run_address>0xffea</run_address>
         <size>0x2</size>
         <input_file_ref idref="fl-3d"/>
      </object_component>
      <object_component id="oc-7d">
         <name>.int54</name>
         <load_address>0xffec</load_address>
         <run_address>0xffec</run_address>
         <size>0x2</size>
         <input_file_ref idref="fl-3e"/>
      </object_component>
      <object_component id="oc-7e">
         <name>.int55</name>
         <load_address>0xffee</load_address>
         <run_address>0xffee</run_address>
         <size>0x2</size>
         <input_file_ref idref="fl-3f"/>
      </object_component>
      <object_component id="oc-7f">
         <name>.int56</name>
         <load_address>0xfff0</load_address>
         <run_address>0xfff0</run_address>
         <size>0x2</size>
         <input_file_ref idref="fl-40"/>
      </object_component>
      <object_component id="oc-80">
         <name>.int57</name>
         <load_address>0xfff2</load_address>
         <run_address>0xfff2</run_address>
         <size>0x2</size>
         <input_file_ref idref="fl-41"/>
      </object_component>
      <object_component id="oc-81">
         <name>.int58</name>
         <load_address>0xfff4</load_address>
         <run_address>0xfff4</run_address>
         <size>0x2</size>
         <input_file_ref idref="fl-42"/>
      </object_component>
      <object_component id="oc-82">
         <name>.int59</name>
         <load_address>0xfff6</load_address>
         <run_address>0xfff6</run_address>
         <size>0x2</size>
         <input_file_ref idref="fl-43"/>
      </object_component>
      <object_component id="oc-83">
         <name>.int60</name>
         <load_address>0xfff8</load_address>
         <run_address>0xfff8</run_address>
         <size>0x2</size>
         <input_file_ref idref="fl-44"/>
      </object_component>
      <object_component id="oc-84">
         <name>.int61</name>
         <load_address>0xfffa</load_address>
         <run_address>0xfffa</run_address>
         <size>0x2</size>
         <input_file_ref idref="fl-45"/>
      </object_component>
      <object_component id="oc-85">
         <name>.int62</name>
         <load_address>0xfffc</load_address>
         <run_address>0xfffc</run_address>
         <size>0x2</size>
         <input_file_ref idref="fl-46"/>
      </object_component>
      <object_component id="oc-393">
         <name>.reset</name>
         <load_address>0xfffe</load_address>
         <run_address>0xfffe</run_address>
         <size>0x2</size>
         <input_file_ref idref="fl-2e"/>
      </object_component>
      <object_component id="oc-391">
         <name>.debug_info</name>
         <load_address>0x0</load_address>
         <run_address>0x0</run_address>
         <size>0xf5</size>
         <input_file_ref idref="fl-2e"/>
      </object_component>
      <object_component id="oc-9a">
         <name>.debug_info</name>
         <load_address>0xf5</load_address>
         <run_address>0xf5</run_address>
         <size>0x187</size>
         <input_file_ref idref="fl-2f"/>
      </object_component>
      <object_component id="oc-3a7">
         <name>.debug_info</name>
         <load_address>0x27c</load_address>
         <run_address>0x27c</run_address>
         <size>0x119</size>
         <input_file_ref idref="fl-33"/>
      </object_component>
      <object_component id="oc-60e">
         <name>.debug_info</name>
         <load_address>0x395</load_address>
         <run_address>0x395</run_address>
         <size>0x11b</size>
         <input_file_ref idref="fl-34"/>
      </object_component>
      <object_component id="oc-47e">
         <name>.debug_info</name>
         <load_address>0x4b0</load_address>
         <run_address>0x4b0</run_address>
         <size>0x24f</size>
         <input_file_ref idref="fl-35"/>
      </object_component>
      <object_component id="oc-46f">
         <name>.debug_info</name>
         <load_address>0x6ff</load_address>
         <run_address>0x6ff</run_address>
         <size>0x127</size>
         <input_file_ref idref="fl-35"/>
      </object_component>
      <object_component id="oc-3ea">
         <name>.debug_info</name>
         <load_address>0x826</load_address>
         <run_address>0x826</run_address>
         <size>0x117</size>
         <input_file_ref idref="fl-35"/>
      </object_component>
      <object_component id="oc-3d4">
         <name>.debug_info</name>
         <load_address>0x93d</load_address>
         <run_address>0x93d</run_address>
         <size>0x18c</size>
         <input_file_ref idref="fl-35"/>
      </object_component>
      <object_component id="oc-3ad">
         <name>.debug_info</name>
         <load_address>0xac9</load_address>
         <run_address>0xac9</run_address>
         <size>0x107</size>
         <input_file_ref idref="fl-47"/>
      </object_component>
      <object_component id="oc-49b">
         <name>.debug_info</name>
         <load_address>0xbd0</load_address>
         <run_address>0xbd0</run_address>
         <size>0x11e</size>
         <input_file_ref idref="fl-48"/>
      </object_component>
      <object_component id="oc-5be">
         <name>.debug_info</name>
         <load_address>0xcee</load_address>
         <run_address>0xcee</run_address>
         <size>0x118</size>
         <input_file_ref idref="fl-49"/>
      </object_component>
      <object_component id="oc-603">
         <name>.debug_info</name>
         <load_address>0xe06</load_address>
         <run_address>0xe06</run_address>
         <size>0x11e</size>
         <input_file_ref idref="fl-49"/>
      </object_component>
      <object_component id="oc-4b7">
         <name>.debug_info</name>
         <load_address>0xf24</load_address>
         <run_address>0xf24</run_address>
         <size>0x128</size>
         <input_file_ref idref="fl-50"/>
      </object_component>
      <object_component id="oc-608">
         <name>.debug_info</name>
         <load_address>0x104c</load_address>
         <run_address>0x104c</run_address>
         <size>0x128</size>
         <input_file_ref idref="fl-53"/>
      </object_component>
      <object_component id="oc-46b">
         <name>.debug_info</name>
         <load_address>0x1174</load_address>
         <run_address>0x1174</run_address>
         <size>0x402</size>
         <input_file_ref idref="fl-5d"/>
      </object_component>
      <object_component id="oc-3c8">
         <name>.debug_info</name>
         <load_address>0x1576</load_address>
         <run_address>0x1576</run_address>
         <size>0x222</size>
         <input_file_ref idref="fl-5d"/>
      </object_component>
      <object_component id="oc-502">
         <name>.debug_info</name>
         <load_address>0x1798</load_address>
         <run_address>0x1798</run_address>
         <size>0x39</size>
         <input_file_ref idref="fl-5d"/>
      </object_component>
      <object_component id="oc-466">
         <name>.debug_info</name>
         <load_address>0x17d1</load_address>
         <run_address>0x17d1</run_address>
         <size>0x2c</size>
         <input_file_ref idref="fl-5d"/>
      </object_component>
      <object_component id="oc-6db">
         <name>.debug_info</name>
         <load_address>0x17fd</load_address>
         <run_address>0x17fd</run_address>
         <size>0x119</size>
         <input_file_ref idref="fl-61"/>
      </object_component>
      <object_component id="oc-6eb">
         <name>.debug_info</name>
         <load_address>0x1916</load_address>
         <run_address>0x1916</run_address>
         <size>0x188</size>
         <input_file_ref idref="fl-6d"/>
      </object_component>
      <object_component id="oc-6e8">
         <name>.debug_info</name>
         <load_address>0x1a9e</load_address>
         <run_address>0x1a9e</run_address>
         <size>0xfb</size>
         <input_file_ref idref="fl-6d"/>
      </object_component>
      <object_component id="oc-6b3">
         <name>.debug_info</name>
         <load_address>0x1b99</load_address>
         <run_address>0x1b99</run_address>
         <size>0x1d4</size>
         <input_file_ref idref="fl-6d"/>
      </object_component>
      <object_component id="oc-6ba">
         <name>.debug_info</name>
         <load_address>0x1d6d</load_address>
         <run_address>0x1d6d</run_address>
         <size>0x18f</size>
         <input_file_ref idref="fl-6d"/>
      </object_component>
      <object_component id="oc-6c3">
         <name>.debug_info</name>
         <load_address>0x1efc</load_address>
         <run_address>0x1efc</run_address>
         <size>0x11e</size>
         <input_file_ref idref="fl-6f"/>
      </object_component>
      <object_component id="oc-3aa">
         <name>.debug_info</name>
         <load_address>0x201a</load_address>
         <run_address>0x201a</run_address>
         <size>0x1368</size>
         <input_file_ref idref="fl-79"/>
      </object_component>
      <object_component id="oc-58c">
         <name>.debug_info</name>
         <load_address>0x3382</load_address>
         <run_address>0x3382</run_address>
         <size>0xb8</size>
         <input_file_ref idref="fl-79"/>
      </object_component>
      <object_component id="oc-4ce">
         <name>.debug_info</name>
         <load_address>0x343a</load_address>
         <run_address>0x343a</run_address>
         <size>0xb8</size>
         <input_file_ref idref="fl-79"/>
      </object_component>
      <object_component id="oc-5e6">
         <name>.debug_info</name>
         <load_address>0x34f2</load_address>
         <run_address>0x34f2</run_address>
         <size>0xb3</size>
         <input_file_ref idref="fl-79"/>
      </object_component>
      <object_component id="oc-478">
         <name>.debug_info</name>
         <load_address>0x35a5</load_address>
         <run_address>0x35a5</run_address>
         <size>0xc7</size>
         <input_file_ref idref="fl-79"/>
      </object_component>
      <object_component id="oc-475">
         <name>.debug_info</name>
         <load_address>0x366c</load_address>
         <run_address>0x366c</run_address>
         <size>0xc3</size>
         <input_file_ref idref="fl-79"/>
      </object_component>
      <object_component id="oc-4bc">
         <name>.debug_info</name>
         <load_address>0x372f</load_address>
         <run_address>0x372f</run_address>
         <size>0xb5</size>
         <input_file_ref idref="fl-79"/>
      </object_component>
      <object_component id="oc-472">
         <name>.debug_info</name>
         <load_address>0x37e4</load_address>
         <run_address>0x37e4</run_address>
         <size>0xb1</size>
         <input_file_ref idref="fl-79"/>
      </object_component>
      <object_component id="oc-47b">
         <name>.debug_info</name>
         <load_address>0x3895</load_address>
         <run_address>0x3895</run_address>
         <size>0xb5</size>
         <input_file_ref idref="fl-79"/>
      </object_component>
      <object_component id="oc-630">
         <name>.debug_info</name>
         <load_address>0x394a</load_address>
         <run_address>0x394a</run_address>
         <size>0xb7</size>
         <input_file_ref idref="fl-79"/>
      </object_component>
      <object_component id="oc-633">
         <name>.debug_info</name>
         <load_address>0x3a01</load_address>
         <run_address>0x3a01</run_address>
         <size>0xb1</size>
         <input_file_ref idref="fl-79"/>
      </object_component>
      <object_component id="oc-691">
         <name>.debug_info</name>
         <load_address>0x3ab2</load_address>
         <run_address>0x3ab2</run_address>
         <size>0xbd</size>
         <input_file_ref idref="fl-79"/>
      </object_component>
      <object_component id="oc-616">
         <name>.debug_info</name>
         <load_address>0x3b6f</load_address>
         <run_address>0x3b6f</run_address>
         <size>0xb7</size>
         <input_file_ref idref="fl-79"/>
      </object_component>
      <object_component id="oc-5c7">
         <name>.debug_info</name>
         <load_address>0x3c26</load_address>
         <run_address>0x3c26</run_address>
         <size>0xb7</size>
         <input_file_ref idref="fl-79"/>
      </object_component>
      <object_component id="oc-6b0">
         <name>.debug_info</name>
         <load_address>0x3cdd</load_address>
         <run_address>0x3cdd</run_address>
         <size>0xb7</size>
         <input_file_ref idref="fl-79"/>
      </object_component>
      <object_component id="oc-38e">
         <name>.debug_info</name>
         <load_address>0x3d94</load_address>
         <run_address>0x3d94</run_address>
         <size>0xbd</size>
         <input_file_ref idref="fl-79"/>
      </object_component>
      <object_component id="oc-683">
         <name>.debug_info</name>
         <load_address>0x3e51</load_address>
         <run_address>0x3e51</run_address>
         <size>0xfd</size>
         <input_file_ref idref="fl-79"/>
      </object_component>
      <object_component id="oc-687">
         <name>.debug_info</name>
         <load_address>0x3f4e</load_address>
         <run_address>0x3f4e</run_address>
         <size>0xbd</size>
         <input_file_ref idref="fl-79"/>
      </object_component>
      <object_component id="oc-522">
         <name>.debug_info</name>
         <load_address>0x400b</load_address>
         <run_address>0x400b</run_address>
         <size>0x1fc</size>
         <input_file_ref idref="fl-79"/>
      </object_component>
      <object_component id="oc-529">
         <name>.debug_info</name>
         <load_address>0x4207</load_address>
         <run_address>0x4207</run_address>
         <size>0xfb</size>
         <input_file_ref idref="fl-79"/>
      </object_component>
      <object_component id="oc-5ed">
         <name>.debug_info</name>
         <load_address>0x4302</load_address>
         <run_address>0x4302</run_address>
         <size>0x10f</size>
         <input_file_ref idref="fl-79"/>
      </object_component>
      <object_component id="oc-641">
         <name>.debug_info</name>
         <load_address>0x4411</load_address>
         <run_address>0x4411</run_address>
         <size>0x1c6</size>
         <input_file_ref idref="fl-79"/>
      </object_component>
      <object_component id="oc-511">
         <name>.debug_info</name>
         <load_address>0x45d7</load_address>
         <run_address>0x45d7</run_address>
         <size>0xd5</size>
         <input_file_ref idref="fl-79"/>
      </object_component>
      <object_component id="oc-657">
         <name>.debug_info</name>
         <load_address>0x46ac</load_address>
         <run_address>0x46ac</run_address>
         <size>0x1b5</size>
         <input_file_ref idref="fl-79"/>
      </object_component>
      <object_component id="oc-65d">
         <name>.debug_info</name>
         <load_address>0x4861</load_address>
         <run_address>0x4861</run_address>
         <size>0x159</size>
         <input_file_ref idref="fl-79"/>
      </object_component>
      <object_component id="oc-663">
         <name>.debug_info</name>
         <load_address>0x49ba</load_address>
         <run_address>0x49ba</run_address>
         <size>0x19b</size>
         <input_file_ref idref="fl-79"/>
      </object_component>
      <object_component id="oc-669">
         <name>.debug_info</name>
         <load_address>0x4b55</load_address>
         <run_address>0x4b55</run_address>
         <size>0x19d</size>
         <input_file_ref idref="fl-79"/>
      </object_component>
      <object_component id="oc-66f">
         <name>.debug_info</name>
         <load_address>0x4cf2</load_address>
         <run_address>0x4cf2</run_address>
         <size>0x1e8</size>
         <input_file_ref idref="fl-79"/>
      </object_component>
      <object_component id="oc-675">
         <name>.debug_info</name>
         <load_address>0x4eda</load_address>
         <run_address>0x4eda</run_address>
         <size>0x16a</size>
         <input_file_ref idref="fl-79"/>
      </object_component>
      <object_component id="oc-67b">
         <name>.debug_info</name>
         <load_address>0x5044</load_address>
         <run_address>0x5044</run_address>
         <size>0x1f7</size>
         <input_file_ref idref="fl-79"/>
      </object_component>
      <object_component id="oc-63a">
         <name>.debug_info</name>
         <load_address>0x523b</load_address>
         <run_address>0x523b</run_address>
         <size>0x177</size>
         <input_file_ref idref="fl-79"/>
      </object_component>
      <object_component id="oc-5f3">
         <name>.debug_info</name>
         <load_address>0x53b2</load_address>
         <run_address>0x53b2</run_address>
         <size>0x10b</size>
         <input_file_ref idref="fl-79"/>
      </object_component>
      <object_component id="oc-61b">
         <name>.debug_info</name>
         <load_address>0x54bd</load_address>
         <run_address>0x54bd</run_address>
         <size>0x151</size>
         <input_file_ref idref="fl-79"/>
      </object_component>
      <object_component id="oc-5da">
         <name>.debug_info</name>
         <load_address>0x560e</load_address>
         <run_address>0x560e</run_address>
         <size>0x1fb</size>
         <input_file_ref idref="fl-79"/>
      </object_component>
      <object_component id="oc-6ef">
         <name>.debug_info</name>
         <load_address>0x5809</load_address>
         <run_address>0x5809</run_address>
         <size>0x1e9</size>
         <input_file_ref idref="fl-79"/>
      </object_component>
      <object_component id="oc-6f5">
         <name>.debug_info</name>
         <load_address>0x59f2</load_address>
         <run_address>0x59f2</run_address>
         <size>0x161</size>
         <input_file_ref idref="fl-79"/>
      </object_component>
      <object_component id="oc-6d0">
         <name>.debug_info</name>
         <load_address>0x5b53</load_address>
         <run_address>0x5b53</run_address>
         <size>0x18d</size>
         <input_file_ref idref="fl-79"/>
      </object_component>
      <object_component id="oc-68b">
         <name>.debug_info</name>
         <load_address>0x5ce0</load_address>
         <run_address>0x5ce0</run_address>
         <size>0x209</size>
         <input_file_ref idref="fl-79"/>
      </object_component>
      <object_component id="oc-627">
         <name>.debug_info</name>
         <load_address>0x5ee9</load_address>
         <run_address>0x5ee9</run_address>
         <size>0x11d</size>
         <input_file_ref idref="fl-79"/>
      </object_component>
      <object_component id="oc-56f">
         <name>.debug_info</name>
         <load_address>0x6006</load_address>
         <run_address>0x6006</run_address>
         <size>0x135</size>
         <input_file_ref idref="fl-79"/>
      </object_component>
      <object_component id="oc-569">
         <name>.debug_info</name>
         <load_address>0x613b</load_address>
         <run_address>0x613b</run_address>
         <size>0x12a</size>
         <input_file_ref idref="fl-79"/>
      </object_component>
      <object_component id="oc-621">
         <name>.debug_info</name>
         <load_address>0x6265</load_address>
         <run_address>0x6265</run_address>
         <size>0x174</size>
         <input_file_ref idref="fl-79"/>
      </object_component>
      <object_component id="oc-5ca">
         <name>.debug_info</name>
         <load_address>0x63d9</load_address>
         <run_address>0x63d9</run_address>
         <size>0x1a3</size>
         <input_file_ref idref="fl-79"/>
      </object_component>
      <object_component id="oc-55d">
         <name>.debug_info</name>
         <load_address>0x657c</load_address>
         <run_address>0x657c</run_address>
         <size>0x156</size>
         <input_file_ref idref="fl-79"/>
      </object_component>
      <object_component id="oc-563">
         <name>.debug_info</name>
         <load_address>0x66d2</load_address>
         <run_address>0x66d2</run_address>
         <size>0x1e6</size>
         <input_file_ref idref="fl-79"/>
      </object_component>
      <object_component id="oc-4e2">
         <name>.debug_info</name>
         <load_address>0x68b8</load_address>
         <run_address>0x68b8</run_address>
         <size>0x135</size>
         <input_file_ref idref="fl-79"/>
      </object_component>
      <object_component id="oc-4c1">
         <name>.debug_info</name>
         <load_address>0x69ed</load_address>
         <run_address>0x69ed</run_address>
         <size>0x277</size>
         <input_file_ref idref="fl-79"/>
      </object_component>
      <object_component id="oc-447">
         <name>.debug_info</name>
         <load_address>0x6c64</load_address>
         <run_address>0x6c64</run_address>
         <size>0xeb</size>
         <input_file_ref idref="fl-79"/>
      </object_component>
      <object_component id="oc-54a">
         <name>.debug_info</name>
         <load_address>0x6d4f</load_address>
         <run_address>0x6d4f</run_address>
         <size>0x131</size>
         <input_file_ref idref="fl-79"/>
      </object_component>
      <object_component id="oc-5b7">
         <name>.debug_info</name>
         <load_address>0x6e80</load_address>
         <run_address>0x6e80</run_address>
         <size>0x120</size>
         <input_file_ref idref="fl-79"/>
      </object_component>
      <object_component id="oc-5aa">
         <name>.debug_info</name>
         <load_address>0x6fa0</load_address>
         <run_address>0x6fa0</run_address>
         <size>0x3df</size>
         <input_file_ref idref="fl-79"/>
      </object_component>
      <object_component id="oc-4a7">
         <name>.debug_info</name>
         <load_address>0x737f</load_address>
         <run_address>0x737f</run_address>
         <size>0xec</size>
         <input_file_ref idref="fl-79"/>
      </object_component>
      <object_component id="oc-550">
         <name>.debug_info</name>
         <load_address>0x746b</load_address>
         <run_address>0x746b</run_address>
         <size>0x16e</size>
         <input_file_ref idref="fl-79"/>
      </object_component>
      <object_component id="oc-53e">
         <name>.debug_info</name>
         <load_address>0x75d9</load_address>
         <run_address>0x75d9</run_address>
         <size>0x17a</size>
         <input_file_ref idref="fl-79"/>
      </object_component>
      <object_component id="oc-5a4">
         <name>.debug_info</name>
         <load_address>0x7753</load_address>
         <run_address>0x7753</run_address>
         <size>0x17b</size>
         <input_file_ref idref="fl-79"/>
      </object_component>
      <object_component id="oc-538">
         <name>.debug_info</name>
         <load_address>0x78ce</load_address>
         <run_address>0x78ce</run_address>
         <size>0x14f</size>
         <input_file_ref idref="fl-79"/>
      </object_component>
      <object_component id="oc-544">
         <name>.debug_info</name>
         <load_address>0x7a1d</load_address>
         <run_address>0x7a1d</run_address>
         <size>0x146</size>
         <input_file_ref idref="fl-79"/>
      </object_component>
      <object_component id="oc-582">
         <name>.debug_info</name>
         <load_address>0x7b63</load_address>
         <run_address>0x7b63</run_address>
         <size>0x207</size>
         <input_file_ref idref="fl-79"/>
      </object_component>
      <object_component id="oc-5b0">
         <name>.debug_info</name>
         <load_address>0x7d6a</load_address>
         <run_address>0x7d6a</run_address>
         <size>0x126</size>
         <input_file_ref idref="fl-79"/>
      </object_component>
      <object_component id="oc-58f">
         <name>.debug_info</name>
         <load_address>0x7e90</load_address>
         <run_address>0x7e90</run_address>
         <size>0x119</size>
         <input_file_ref idref="fl-79"/>
      </object_component>
      <object_component id="oc-4a1">
         <name>.debug_info</name>
         <load_address>0x7fa9</load_address>
         <run_address>0x7fa9</run_address>
         <size>0x252</size>
         <input_file_ref idref="fl-79"/>
      </object_component>
      <object_component id="oc-4b0">
         <name>.debug_info</name>
         <load_address>0x81fb</load_address>
         <run_address>0x81fb</run_address>
         <size>0x135</size>
         <input_file_ref idref="fl-79"/>
      </object_component>
      <object_component id="oc-52f">
         <name>.debug_info</name>
         <load_address>0x8330</load_address>
         <run_address>0x8330</run_address>
         <size>0x1cc</size>
         <input_file_ref idref="fl-79"/>
      </object_component>
      <object_component id="oc-481">
         <name>.debug_info</name>
         <load_address>0x84fc</load_address>
         <run_address>0x84fc</run_address>
         <size>0x123</size>
         <input_file_ref idref="fl-79"/>
      </object_component>
      <object_component id="oc-3df">
         <name>.debug_info</name>
         <load_address>0x861f</load_address>
         <run_address>0x861f</run_address>
         <size>0xe8</size>
         <input_file_ref idref="fl-79"/>
      </object_component>
      <object_component id="oc-45a">
         <name>.debug_info</name>
         <load_address>0x8707</load_address>
         <run_address>0x8707</run_address>
         <size>0x1bc</size>
         <input_file_ref idref="fl-79"/>
      </object_component>
      <object_component id="oc-3bf">
         <name>.debug_info</name>
         <load_address>0x88c3</load_address>
         <run_address>0x88c3</run_address>
         <size>0xf7</size>
         <input_file_ref idref="fl-79"/>
      </object_component>
      <object_component id="oc-460">
         <name>.debug_info</name>
         <load_address>0x89ba</load_address>
         <run_address>0x89ba</run_address>
         <size>0xf5</size>
         <input_file_ref idref="fl-79"/>
      </object_component>
      <object_component id="oc-87">
         <name>.debug_info</name>
         <load_address>0x8aaf</load_address>
         <run_address>0x8aaf</run_address>
         <size>0x15f</size>
         <input_file_ref idref="fl-79"/>
      </object_component>
      <object_component id="oc-6f">
         <name>.debug_info</name>
         <load_address>0x8c0e</load_address>
         <run_address>0x8c0e</run_address>
         <size>0x18a</size>
         <input_file_ref idref="fl-79"/>
      </object_component>
      <object_component id="oc-69">
         <name>.debug_info</name>
         <load_address>0x8d98</load_address>
         <run_address>0x8d98</run_address>
         <size>0x250</size>
         <input_file_ref idref="fl-79"/>
      </object_component>
      <object_component id="oc-492">
         <name>.debug_info</name>
         <load_address>0x8fe8</load_address>
         <run_address>0x8fe8</run_address>
         <size>0x114</size>
         <input_file_ref idref="fl-79"/>
      </object_component>
      <object_component id="oc-4c6">
         <name>.debug_info</name>
         <load_address>0x90fc</load_address>
         <run_address>0x90fc</run_address>
         <size>0x115</size>
         <input_file_ref idref="fl-79"/>
      </object_component>
      <object_component id="oc-440">
         <name>.debug_info</name>
         <load_address>0x9211</load_address>
         <run_address>0x9211</run_address>
         <size>0x210</size>
         <input_file_ref idref="fl-79"/>
      </object_component>
      <object_component id="oc-5d4">
         <name>.debug_info</name>
         <load_address>0x9421</load_address>
         <run_address>0x9421</run_address>
         <size>0xfe</size>
         <input_file_ref idref="fl-79"/>
      </object_component>
      <object_component id="oc-5e0">
         <name>.debug_info</name>
         <load_address>0x951f</load_address>
         <run_address>0x951f</run_address>
         <size>0x22e</size>
         <input_file_ref idref="fl-79"/>
      </object_component>
      <object_component id="oc-579">
         <name>.debug_info</name>
         <load_address>0x974d</load_address>
         <run_address>0x974d</run_address>
         <size>0x1ec</size>
         <input_file_ref idref="fl-79"/>
      </object_component>
      <object_component id="oc-4d3">
         <name>.debug_info</name>
         <load_address>0x9939</load_address>
         <run_address>0x9939</run_address>
         <size>0x13e</size>
         <input_file_ref idref="fl-79"/>
      </object_component>
      <object_component id="oc-4e9">
         <name>.debug_info</name>
         <load_address>0x9a77</load_address>
         <run_address>0x9a77</run_address>
         <size>0x13d</size>
         <input_file_ref idref="fl-79"/>
      </object_component>
      <object_component id="oc-4ef">
         <name>.debug_info</name>
         <load_address>0x9bb4</load_address>
[...]
         <name>strtoul</name>
         <value>0x8488</value>
         <object_component_ref idref="oc-5df"/>
      </symbol>
      <symbol id="sm-799">
         <name>_lock</name>
         <value>0x282c</value>
         <object_component_ref idref="oc-471"/>
      </symbol>
      <symbol id="sm-79a">
         <name>mmcReadCardSize</name>
         <value>0x8760</value>
         <object_component_ref idref="oc-5a9"/>
      </symbol>
      <symbol id="sm-79b">
         <name>dma_send</name>
         <value>0xa1be</value>
         <object_component_ref idref="oc-4ee"/>
      </symbol>
      <symbol id="sm-79c">
         <name>sdcard_init</name>
         <value>0x89ae</value>
         <object_component_ref idref="oc-52e"/>
      </symbol>
      <symbol id="sm-79d">
         <name>strncpy</name>
         <value>0xa306</value>
         <object_component_ref idref="oc-6ee"/>
      </symbol>
      <symbol id="sm-79e">
         <name>led_toggle</name>
         <value>0xa2b0</value>
         <object_component_ref idref="oc-4c5"/>
      </symbol>
      <symbol id="sm-79f">
         <name>HOSTunlink</name>
         <value>0x9da0</value>
         <object_component_ref idref="oc-674"/>
      </symbol>
      <symbol id="sm-7a0">
         <name>printf</name>
         <value>0xa224</value>
         <object_component_ref idref="oc-58e"/>
      </symbol>
      <symbol id="sm-7a1">
         <name>_unlock</name>
         <value>0x2830</value>
         <object_component_ref idref="oc-47a"/>
      </symbol>
      <symbol id="sm-7a2">
         <name>OK_STR</name>
         <value>0xa83a</value>
         <object_component_ref idref="oc-5e5"/>
      </symbol>
      <symbol id="sm-7a3">
         <name>_ftable</name>
         <value>0x2784</value>
         <object_component_ref idref="oc-4bb"/>
      </symbol>
      <symbol id="sm-7a4">
         <name>init</name>
         <value>0x8f3c</value>
         <object_component_ref idref="oc-480"/>
      </symbol>
      <symbol id="sm-7a5">
         <name>mmcReadBlock</name>
         <value>0x9ab2</value>
         <object_component_ref idref="oc-581"/>
      </symbol>
      <symbol id="sm-7a6">
         <name>HOSTlseek</name>
         <value>0x95cc</value>
         <object_component_ref idref="oc-66e"/>
      </symbol>
      <symbol id="sm-7a7">
         <name>__TI_ft_end</name>
         <value>0x2838</value>
         <object_component_ref idref="oc-690"/>
      </symbol>
      <symbol id="sm-7a8">
         <name>findchar</name>
         <value>0xa3e0</value>
         <object_component_ref idref="oc-5d3"/>
      </symbol>
      <symbol id="sm-7a9">
         <name>ParseBuffer</name>
         <value>0x8aae</value>
         <object_component_ref idref="oc-578"/>
      </symbol>
      <symbol id="sm-7aa">
         <name>HOSTopen</name>
         <value>0x9b1e</value>
         <object_component_ref idref="oc-656"/>
      </symbol>
      <symbol id="sm-7ab">
         <name>UseLifo</name>
         <value>0x9474</value>
         <object_component_ref idref="oc-4f4"/>
      </symbol>
      <symbol id="sm-7ac">
         <name>__TI_dtors_ptr</name>
         <value>0x2828</value>
         <object_component_ref idref="oc-474"/>
      </symbol>
      <symbol id="sm-7ad">
         <name>mmcSendCmd</name>
         <value>0x9e78</value>
         <object_component_ref idref="oc-53d"/>
      </symbol>
      <symbol id="sm-7ae">
         <name>malloc</name>
         <value>0x8c96</value>
         <object_component_ref idref="oc-620"/>
      </symbol>
      <symbol id="sm-7af">
         <name>mmcGetXXResponse</name>
         <value>0xa458</value>
         <object_component_ref idref="oc-543"/>
      </symbol>
      <symbol id="sm-7b0">
         <name>fputs</name>
         <value>0x8d7e</value>
         <object_component_ref idref="oc-4bf"/>
      </symbol>
      <symbol id="sm-7b1">
         <name>fputc</name>
         <value>0x979a</value>
         <object_component_ref idref="oc-639"/>
      </symbol>
      <symbol id="sm-7b2">
         <name>__TI_decompress_lzss</name>
         <value>0x8ba8</value>
         <object_component_ref idref="oc-68"/>
      </symbol>
      <symbol id="sm-7b3">
         <name>HOSTwrite</name>
         <value>0x9bea</value>
         <object_component_ref idref="oc-668"/>
      </symbol>
      <symbol id="sm-7b4">
         <name>my_sprintf</name>
         <value>0x9520</value>
         <object_component_ref idref="oc-59a"/>
      </symbol>
      <symbol id="sm-7b5">
         <name>dma_rcv</name>
         <value>0x9f4c</value>
         <object_component_ref idref="oc-4d2"/>
      </symbol>
      <symbol id="sm-7b6">
         <name>__TI_cleanup_ptr</name>
         <value>0x2824</value>
         <object_component_ref idref="oc-477"/>
      </symbol>
      <symbol id="sm-7b7">
         <name>write</name>
         <value>0xa37a</value>
         <object_component_ref idref="oc-56e"/>
      </symbol>
      <symbol id="sm-7b8">
         <name>mmcInit</name>
         <value>0x9826</value>
         <object_component_ref idref="oc-5a3"/>
      </symbol>
      <symbol id="sm-7b9">
         <name>HOSTread</name>
         <value>0x9c4a</value>
         <object_component_ref idref="oc-662"/>
      </symbol>
      <symbol id="sm-7ba">
         <name>_system_post_cinit</name>
         <value>0xa55a</value>
         <object_component_ref idref="oc-45f"/>
      </symbol>
      <symbol id="sm-7bb">
         <name>CheckCrc</name>
         <value>0xa3c0</value>
         <object_component_ref idref="oc-491"/>
      </symbol>
      <symbol id="sm-7bc">
         <name>modem_send_dataT1</name>
         <value>0x9f06</value>
         <object_component_ref idref="oc-594"/>
      </symbol>
      <symbol id="sm-7bd">
         <name>SendData</name>
         <value>0x861c</value>
         <object_component_ref idref="oc-44d"/>
      </symbol>
      <symbol id="sm-7be">
         <name>__TI_decompress_none</name>
         <value>0xa10a</value>
         <object_component_ref idref="oc-6e"/>
      </symbol>
      <symbol id="sm-7bf">
         <name>_system_pre_init</name>
         <value>0xa554</value>
         <object_component_ref idref="oc-3be"/>
      </symbol>
      <symbol id="sm-7c7">
         <name>_stack</name>
         <value>0x2bac</value>
         <object_component_ref idref="oc-390"/>
      </symbol>
      <symbol id="sm-7c8">
         <name>_reset_vector</name>
         <value>0xfffe</value>
         <object_component_ref idref="oc-393"/>
      </symbol>
      <symbol id="sm-7d2">
         <name>_c_int00_noargs</name>
         <value>0xa420</value>
         <object_component_ref idref="oc-98"/>
      </symbol>
      <symbol id="sm-7dd">
         <name>__memcpy_far</name>
         <value>0x9fd2</value>
         <object_component_ref idref="oc-3a4"/>
      </symbol>
      <symbol id="sm-7eb">
         <name>__mspabi_remul</name>
         <value>0x9ca8</value>
         <object_component_ref idref="oc-60c"/>
      </symbol>
      <symbol id="sm-7ec">
         <name>__mspabi_divul</name>
         <value>0x9ca8</value>
         <object_component_ref idref="oc-60c"/>
      </symbol>
      <symbol id="sm-809">
         <name>C$$EXIT</name>
         <value>0xa54a</value>
         <object_component_ref idref="oc-3e6"/>
      </symbol>
      <symbol id="sm-80a">
         <name>abort</name>
         <value>0xa54a</value>
         <object_component_ref idref="oc-3e6"/>
      </symbol>
      <symbol id="sm-80b">
         <name>exit</name>
         <value>0x9e30</value>
         <object_component_ref idref="oc-3d0"/>
      </symbol>
      <symbol id="sm-80c">
         <name>__TI_enable_exit_profile_output</name>
         <value>0x283c</value>
         <object_component_ref idref="oc-46e"/>
      </symbol>
      <symbol id="sm-80f">
         <name>__TI_int45</name>
         <value>0xffda</value>
         <object_component_ref idref="oc-74"/>
      </symbol>
      <symbol id="sm-812">
         <name>__TI_int46</name>
         <value>0xffdc</value>
         <object_component_ref idref="oc-75"/>
      </symbol>
      <symbol id="sm-815">
         <name>__TI_int47</name>
         <value>0xffde</value>
         <object_component_ref idref="oc-76"/>
      </symbol>
      <symbol id="sm-818">
         <name>__TI_int48</name>
         <value>0xffe0</value>
         <object_component_ref idref="oc-77"/>
      </symbol>
      <symbol id="sm-81b">
         <name>__TI_int49</name>
         <value>0xffe2</value>
         <object_component_ref idref="oc-78"/>
      </symbol>
      <symbol id="sm-81e">
         <name>__TI_int50</name>
         <value>0xffe4</value>
         <object_component_ref idref="oc-79"/>
      </symbol>
      <symbol id="sm-821">
         <name>__TI_int53</name>
         <value>0xffea</value>
         <object_component_ref idref="oc-7c"/>
      </symbol>
      <symbol id="sm-824">
         <name>__TI_int54</name>
         <value>0xffec</value>
         <object_component_ref idref="oc-7d"/>
      </symbol>
      <symbol id="sm-827">
         <name>__TI_int55</name>
         <value>0xffee</value>
         <object_component_ref idref="oc-7e"/>
      </symbol>
      <symbol id="sm-82a">
         <name>__TI_int56</name>
         <value>0xfff0</value>
         <object_component_ref idref="oc-7f"/>
      </symbol>
      <symbol id="sm-82d">
         <name>__TI_int57</name>
         <value>0xfff2</value>
         <object_component_ref idref="oc-80"/>
      </symbol>
      <symbol id="sm-830">
         <name>__TI_int58</name>
         <value>0xfff4</value>
         <object_component_ref idref="oc-81"/>
      </symbol>
      <symbol id="sm-833">
         <name>__TI_int59</name>
         <value>0xfff6</value>
         <object_component_ref idref="oc-82"/>
      </symbol>
      <symbol id="sm-836">
         <name>__TI_int60</name>
         <value>0xfff8</value>
         <object_component_ref idref="oc-83"/>
      </symbol>
      <symbol id="sm-839">
         <name>__TI_int61</name>
         <value>0xfffa</value>
         <object_component_ref idref="oc-84"/>
      </symbol>
      <symbol id="sm-83c">
         <name>__TI_int62</name>
         <value>0xfffc</value>
         <object_component_ref idref="oc-85"/>
      </symbol>
      <symbol id="sm-844">
         <name>__TI_ISR_TRAP</name>
         <value>0xa53c</value>
         <object_component_ref idref="oc-3ac"/>
      </symbol>
      <symbol id="sm-84c">
         <name>__mspabi_slll_9</name>
         <value>0xa0a6</value>
         <object_component_ref idref="oc-49a"/>
      </symbol>
      <symbol id="sm-84d">
         <name>__mspabi_slll_8</name>
         <value>0xa0aa</value>
         <object_component_ref idref="oc-49a"/>
      </symbol>
      <symbol id="sm-84e">
         <name>__mspabi_slll_7</name>
         <value>0xa0ae</value>
         <object_component_ref idref="oc-49a"/>
      </symbol>
      <symbol id="sm-84f">
         <name>__mspabi_slll_6</name>
         <value>0xa0b2</value>
         <object_component_ref idref="oc-49a"/>
      </symbol>
      <symbol id="sm-850">
         <name>__mspabi_slll_5</name>
         <value>0xa0b6</value>
         <object_component_ref idref="oc-49a"/>
      </symbol>
      <symbol id="sm-851">
         <name>__mspabi_slll_4</name>
         <value>0xa0ba</value>
         <object_component_ref idref="oc-49a"/>
      </symbol>
      <symbol id="sm-852">
         <name>__mspabi_slll_3</name>
         <value>0xa0be</value>
         <object_component_ref idref="oc-49a"/>
      </symbol>
      <symbol id="sm-853">
         <name>__mspabi_slll_2</name>
         <value>0xa0c2</value>
         <object_component_ref idref="oc-49a"/>
      </symbol>
      <symbol id="sm-854">
         <name>__mspabi_slll_1</name>
         <value>0xa0c6</value>
         <object_component_ref idref="oc-49a"/>
      </symbol>
      <symbol id="sm-855">
         <name>__mspabi_slll_15</name>
         <value>0xa08e</value>
         <object_component_ref idref="oc-49a"/>
      </symbol>
      <symbol id="sm-856">
         <name>__mspabi_slll_14</name>
         <value>0xa092</value>
         <object_component_ref idref="oc-49a"/>
      </symbol>
      <symbol id="sm-857">
         <name>__mspabi_slll_13</name>
         <value>0xa096</value>
         <object_component_ref idref="oc-49a"/>
      </symbol>
      <symbol id="sm-858">
         <name>__mspabi_slll_12</name>
         <value>0xa09a</value>
         <object_component_ref idref="oc-49a"/>
      </symbol>
      <symbol id="sm-859">
         <name>__mspabi_slll_11</name>
         <value>0xa09e</value>
         <object_component_ref idref="oc-49a"/>
      </symbol>
      <symbol id="sm-85a">
         <name>__mspabi_slll_10</name>
         <value>0xa0a2</value>
         <object_component_ref idref="oc-49a"/>
      </symbol>
      <symbol id="sm-86a">
         <name>__mspabi_srll_8</name>
         <value>0xa0e8</value>
         <object_component_ref idref="oc-602"/>
      </symbol>
      <symbol id="sm-86b">
         <name>__mspabi_srll_9</name>
         <value>0xa0e4</value>
         <object_component_ref idref="oc-602"/>
      </symbol>
      <symbol id="sm-86c">
         <name>__mspabi_srll_6</name>
         <value>0xa0f0</value>
         <object_component_ref idref="oc-602"/>
      </symbol>
      <symbol id="sm-86d">
         <name>__mspabi_srll_7</name>
         <value>0xa0ec</value>
         <object_component_ref idref="oc-602"/>
      </symbol>
      <symbol id="sm-86e">
         <name>__mspabi_srll_4</name>
         <value>0xa0f8</value>
         <object_component_ref idref="oc-602"/>
      </symbol>
      <symbol id="sm-86f">
         <name>__mspabi_srll_5</name>
         <value>0xa0f4</value>
         <object_component_ref idref="oc-602"/>
      </symbol>
      <symbol id="sm-870">
         <name>__mspabi_srll_2</name>
         <value>0xa100</value>
         <object_component_ref idref="oc-602"/>
      </symbol>
      <symbol id="sm-871">
         <name>__mspabi_srll_3</name>
         <value>0xa0fc</value>
         <object_component_ref idref="oc-602"/>
      </symbol>
      <symbol id="sm-872">
         <name>__mspabi_srll_1</name>
         <value>0xa104</value>
         <object_component_ref idref="oc-602"/>
      </symbol>
      <symbol id="sm-873">
         <name>__mspabi_srll_15</name>
         <value>0xa0cc</value>
         <object_component_ref idref="oc-602"/>
      </symbol>
      <symbol id="sm-874">
         <name>__mspabi_srll_14</name>
         <value>0xa0d0</value>
         <object_component_ref idref="oc-602"/>
      </symbol>
      <symbol id="sm-875">
         <name>__mspabi_srll_13</name>
         <value>0xa0d4</value>
         <object_component_ref idref="oc-602"/>
      </symbol>
      <symbol id="sm-876">
         <name>__mspabi_srll_12</name>
         <value>0xa0d8</value>
         <object_component_ref idref="oc-602"/>
      </symbol>
      <symbol id="sm-877">
         <name>__mspabi_srll_11</name>
         <value>0xa0dc</value>
         <object_component_ref idref="oc-602"/>
      </symbol>
      <symbol id="sm-878">
         <name>__mspabi_srll_10</name>
         <value>0xa0e0</value>
         <object_component_ref idref="oc-602"/>
      </symbol>
      <symbol id="sm-879">
         <name>__mspabi_srll</name>
         <value>0xa50e</value>
         <object_component_ref idref="oc-5bd"/>
      </symbol>
      <symbol id="sm-883">
         <name>__mspabi_mpyi_f5hw</name>
         <value>0xa4a8</value>
         <object_component_ref idref="oc-4b6"/>
      </symbol>
      <symbol id="sm-88d">
         <name>__mspabi_mpyl_f5hw</name>
         <value>0xa356</value>
         <object_component_ref idref="oc-607"/>
      </symbol>
      <symbol id="sm-8ab">
         <name>_auto_init_hold_wdt</name>
         <value>0x9704</value>
         <object_component_ref idref="oc-3c4"/>
      </symbol>
      <symbol id="sm-8b5">
         <name>__mspabi_remu</name>
         <value>0xa4c0</value>
         <object_component_ref idref="oc-6d8"/>
      </symbol>
      <symbol id="sm-8b6">
         <name>__mspabi_divu</name>
         <value>0xa4c0</value>
         <object_component_ref idref="oc-6d8"/>
      </symbol>
      <symbol id="sm-8d4">
         <name>__TI_readmsg</name>
         <value>0xa284</value>
         <object_component_ref idref="oc-6b8"/>
      </symbol>
      <symbol id="sm-8d5">
         <name>C$$IO$$</name>
         <value>0xa280</value>
         <object_component_ref idref="oc-6b2"/>
      </symbol>
      <symbol id="sm-8d6">
         <name>_CIOBUF_</name>
         <value>0x2842</value>
         <object_component_ref idref="oc-6e7"/>
      </symbol>
      <symbol id="sm-8d7">
         <name>__TI_writemsg</name>
         <value>0xa256</value>
         <object_component_ref idref="oc-6b2"/>
      </symbol>
      <symbol id="sm-8df">
         <name>__mspabi_sral_15</name>
         <value>0xa050</value>
         <object_component_ref idref="oc-6c2"/>
      </symbol>
      <symbol id="sm-8e0">
         <name>__mspabi_sral_14</name>
         <value>0xa054</value>
         <object_component_ref idref="oc-6c2"/>
      </symbol>
      <symbol id="sm-8e1">
         <name>__mspabi_sral_13</name>
         <value>0xa058</value>
         <object_component_ref idref="oc-6c2"/>
      </symbol>
      <symbol id="sm-8e2">
         <name>__mspabi_sral_12</name>
         <value>0xa05c</value>
         <object_component_ref idref="oc-6c2"/>
      </symbol>
      <symbol id="sm-8e3">
         <name>__mspabi_sral_11</name>
         <value>0xa060</value>
         <object_component_ref idref="oc-6c2"/>
      </symbol>
      <symbol id="sm-8e4">
         <name>__mspabi_sral_10</name>
         <value>0xa064</value>
         <object_component_ref idref="oc-6c2"/>
      </symbol>
      <symbol id="sm-8e5">
         <name>__mspabi_sral_8</name>
         <value>0xa06c</value>
         <object_component_ref idref="oc-6c2"/>
      </symbol>
      <symbol id="sm-8e6">
         <name>__mspabi_sral_9</name>
         <value>0xa068</value>
         <object_component_ref idref="oc-6c2"/>
      </symbol>
      <symbol id="sm-8e7">
         <name>__mspabi_sral_6</name>
         <value>0xa074</value>
         <object_component_ref idref="oc-6c2"/>
      </symbol>
      <symbol id="sm-8e8">
         <name>__mspabi_sral_7</name>
         <value>0xa070</value>
         <object_component_ref idref="oc-6c2"/>
      </symbol>
      <symbol id="sm-8e9">
         <name>__mspabi_sral_4</name>
         <value>0xa07c</value>
         <object_component_ref idref="oc-6c2"/>
      </symbol>
      <symbol id="sm-8ea">
         <name>__mspabi_sral_5</name>
         <value>0xa078</value>
         <object_component_ref idref="oc-6c2"/>
      </symbol>
      <symbol id="sm-8eb">
         <name>__mspabi_sral_2</name>
         <value>0xa084</value>
         <object_component_ref idref="oc-6c2"/>
      </symbol>
      <symbol id="sm-8ec">
         <name>__mspabi_sral_3</name>
         <value>0xa080</value>
         <object_component_ref idref="oc-6c2"/>
      </symbol>
      <symbol id="sm-8ed">
         <name>__mspabi_sral_1</name>
         <value>0xa088</value>
         <object_component_ref idref="oc-6c2"/>
      </symbol>
      <symbol id="sm-92f">
         <name>__TI_printfi_minimal</name>
         <value>0x8e62</value>
         <object_component_ref idref="oc-5f8"/>
      </symbol>
      <symbol id="sm-93f">
         <name>memccpy</name>
         <value>0xa474</value>
         <object_component_ref idref="oc-6a1"/>
      </symbol>
      <symbol id="sm-941">
         <name>__TI_BINIT_Base</name>
         <value>0x0</value>
      </symbol>
      <symbol id="sm-942">
         <name>__TI_BINIT_Limit</name>
         <value>0x0</value>
      </symbol>
      <symbol id="sm-943">
         <name>__TI_INITARRAY_Base</name>
         <value>0x0</value>
      </symbol>
      <symbol id="sm-944">
         <name>__TI_INITARRAY_Limit</name>
         <value>0x0</value>
      </symbol>
   </symbol_table>
   <title>Link successful</title>
</link_info>
